103.156.46.193 - - [12/Jun/2022:08:27:41 +0700] "GET /hoicho/js/responsive-menu/styles.css HTTP/1.1" 200 7833 "https://c3.mobifone.vn/hoicho/welcome.html" "Mozilla/5.0 (iPhone; CPU iPhone OS 15_3_1 like Mac OS X) AppleWebKit/605.1.15 (KHTML, like Gecko) Mobile/15E148"
103.156.46.193 - - [12/Jun/2022:08:27:41 +0700] "GET /hoicho/js/responsive-menu/script.js HTTP/1.1" 200 3667 "https://c3.mobifone.vn/hoicho/welcome.html" "Mozilla/5.0 (iPhone; CPU iPhone OS 15_3_1 like Mac OS X) AppleWebKit/605.1.15 (KHTML, like Gecko) Mobile/15E148"
103.156.46.193 - - [12/Jun/2022:08:27:41 +0700] "GET /hoicho/js/bootstrap/bootstrap.min.css HTTP/1.1" 200 122540 "https://c3.mobifone.vn/hoicho/welcome.html" "Mozilla/5.0 (iPhone; CPU iPhone OS 15_3_1 like Mac OS X) AppleWebKit/605.1.15 (KHTML, like Gecko) Mobile/15E148"
103.156.46.193 - - [12/Jun/2022:08:27:41 +0700] "GET /hoicho/js/jquery.js HTTP/1.1" 200 273199 "https://c3.mobifone.vn/hoicho/welcome.html" "Mozilla/5.0 (iPhone; CPU iPhone OS 15_3_1 like Mac OS X) AppleWebKit/605.1.15 (KHTML, like Gecko) Mobile/15E148"
103.156.46.193 - - [12/Jun/2022:08:27:41 +0700] "GET /hoicho/banner/Banner+1140x347-01_edit.jpg HTTP/1.1" 200 132630 "https://c3.mobifone.vn/hoicho/welcome.html" "Mozilla/5.0 (iPhone; CPU iPhone OS 15_3_1 like Mac OS X) AppleWebKit/605.1.15 (KHTML, like Gecko) Mobile/15E148"
103.156.46.193 - - [12/Jun/2022:08:27:42 +0700] "GET /hoicho/js/fonts/glyphicons-halflings-regular.woff2 HTTP/1.1" 200 18028 "https://c3.mobifone.vn/hoicho/welcome.html" "Mozilla/5.0 (iPhone; CPU iPhone OS 15_3_1 like Mac OS X) AppleWebKit/605.1.15 (KHTML, like Gecko) Mobile/15E148"
103.156.46.193 - - [12/Jun/2022:08:27:42 +0700] "GET /hoicho/banner/Phu_Quy.png HTTP/1.1" 200 454912 "https://c3.mobifone.vn/hoicho/welcome.html" "Mozilla/5.0 (iPhone; CPU iPhone OS 15_3_1 like Mac OS X) AppleWebKit/605.1.15 (KHTML, like Gecko) Mobile/15E148"
103.156.46.193 - - [12/Jun/2022:08:27:42 +0700] "GET /hoicho/banner/chonso.png HTTP/1.1" 200 310981 "https://c3.mobifone.vn/hoicho/welcome.html" "Mozilla/5.0 (iPhone; CPU iPhone OS 15_3_1 like Mac OS X) AppleWebKit/605.1.15 (KHTML, like Gecko) Mobile/15E148"
103.156.46.193 - - [12/Jun/2022:08:27:42 +0700] "GET /hoicho/image01/sim_phu_quy.png HTTP/1.1" 200 20886 "https://c3.mobifone.vn/hoicho/welcome.html" "Mozilla/5.0 (iPhone; CPU iPhone OS 15_3_1 like Mac OS X) AppleWebKit/605.1.15 (KHTML, like Gecko) Mobile/15E148"
10.24.199.76 - - [12/Jun/2022:08:27:56 +0700] "OPTIONS /callout-cskh/api/get-callout-survey HTTP/1.1" 200 4 "http://10.16.150.69:9223/" "Mozilla/5.0 (Windows NT 6.1; Win64; x64) AppleWebKit/537.36 (KHTML, like Gecko) Chrome/102.0.0.0 Safari/537.36"
10.24.199.76 - - [12/Jun/2022:08:27:56 +0700] "POST /callout-cskh/api/get-callout-survey HTTP/1.1" 200 965 "http://10.16.150.69:9223/" "Mozilla/5.0 (Windows NT 6.1; Win64; x64) AppleWebKit/537.36 (KHTML, like Gecko) Chrome/102.0.0.0 Safari/537.36"
10.24.199.76 - - [12/Jun/2022:08:28:01 +0700] "POST /callout-cskh/api/get-callout-survey HTTP/1.1" 200 965 "http://10.16.150.69:9223/" "Mozilla/5.0 (Windows NT 6.1; Win64; x64) AppleWebKit/537.36 (KHTML, like Gecko) Chrome/102.0.0.0 Safari/537.36"
10.24.199.76 - - [12/Jun/2022:08:28:06 +0700] "POST /callout-cskh/api/get-callout-survey HTTP/1.1" 200 965 "http://10.16.150.69:9223/" "Mozilla/5.0 (Windows NT 6.1; Win64; x64) AppleWebKit/537.36 (KHTML, like Gecko) Chrome/102.0.0.0 Safari/537.36"
10.24.199.76 - - [12/Jun/2022:08:28:10 +0700] "POST /callout-cskh/api/get-callout-survey HTTP/1.1" 200 965 "http://10.16.150.69:9223/" "Mozilla/5.0 (Windows NT 6.1; Win64; x64) AppleWebKit/537.36 (KHTML, like Gecko) Chrome/102.0.0.0 Safari/537.36"
10.24.199.76 - - [12/Jun/2022:08:28:14 +0700] "POST /callout-cskh/api/get-callout-survey HTTP/1.1" 200 965 "http://10.16.150.69:9223/" "Mozilla/5.0 (Windows NT 6.1; Win64; x64) AppleWebKit/537.36 (KHTML, like Gecko) Chrome/102.0.0.0 Safari/537.36"
194.163.188.182 - - [12/Jun/2022:08:28:19 +0700] "GET /wp-login.php HTTP/1.1" 200 2523 "-" "Mozilla/5.0 (X11; Ubuntu; Linux x86_64; rv:62.0) Gecko/20100101 Firefox/62.0"
10.24.199.76 - - [12/Jun/2022:08:28:19 +0700] "POST /callout-cskh/api/get-callout-survey HTTP/1.1" 200 965 "http://10.16.150.69:9223/" "Mozilla/5.0 (Windows NT 6.1; Win64; x64) AppleWebKit/537.36 (KHTML, like Gecko) Chrome/102.0.0.0 Safari/537.36"
194.163.188.182 - - [12/Jun/2022:08:28:21 +0700] "POST /xmlrpc.php HTTP/1.1" 200 436 "-" "Mozilla/5.0 (X11; Ubuntu; Linux x86_64; rv:62.0) Gecko/20100101 Firefox/62.0"
10.24.199.76 - - [12/Jun/2022:08:28:23 +0700] "POST /callout-cskh/api/get-callout-survey HTTP/1.1" 200 965 "http://10.16.150.69:9223/" "Mozilla/5.0 (Windows NT 6.1; Win64; x64) AppleWebKit/537.36 (KHTML, like Gecko) Chrome/102.0.0.0 Safari/537.36"
10.24.199.76 - - [12/Jun/2022:08:28:24 +0700] "POST /callout-cskh/api/get-callout-survey HTTP/1.1" 200 965 "http://10.16.150.69:9223/" "Mozilla/5.0 (Windows NT 6.1; Win64; x64) AppleWebKit/537.36 (KHTML, like Gecko) Chrome/102.0.0.0 Safari/537.36"
10.24.199.142 - - [12/Jun/2022:08:28:36 +0700] "POST /dbl/chonsos/regis_isdn_grid?branch_id=3189&cChuaXacnhan=0&isdn=903503995 HTTP/1.1" 200 11 "https://c3.mobifone.vn/dbl/" "Mozilla/5.0 (Windows NT 10.0; Win64; x64) AppleWebKit/537.36 (KHTML, like Gecko) Chrome/102.0.5005.63 Safari/537.36"
10.24.199.76 - - [12/Jun/2022:08:28:40 +0700] "POST /callout-cskh/api/get-callout-survey HTTP/1.1" 200 1255 "http://10.16.150.69:9223/" "Mozilla/5.0 (Windows NT 6.1; Win64; x64) AppleWebKit/537.36 (KHTML, like Gecko) Chrome/102.0.0.0 Safari/537.36"
10.24.199.142 - - [12/Jun/2022:08:28:50 +0700] "GET /dbl/login HTTP/1.1" 200 878 "-" "Mozilla/5.0 (Windows NT 10.0; Win64; x64) AppleWebKit/537.36 (KHTML, like Gecko) Chrome/102.0.5005.63 Safari/537.36"
10.24.199.142 - - [12/Jun/2022:08:28:53 +0700] "POST /dbl/login HTTP/1.1" 302 0 "https://c3.mobifone.vn/dbl/login" "Mozilla/5.0 (Windows NT 10.0; Win64; x64) AppleWebKit/537.36 (KHTML, like Gecko) Chrome/102.0.5005.63 Safari/537.36"
10.24.199.142 - - [12/Jun/2022:08:28:53 +0700] "GET /dbl/activeUserForm HTTP/1.1" 200 1445 "-" "Mozilla/5.0 (Windows NT 10.0; Win64; x64) AppleWebKit/537.36 (KHTML, like Gecko) Chrome/102.0.5005.63 Safari/537.36"
10.24.199.76 - - [12/Jun/2022:08:28:53 +0700] "POST /callout-cskh/api/get-callout-survey HTTP/1.1" 200 1255 "http://10.16.150.69:9223/" "Mozilla/5.0 (Windows NT 6.1; Win64; x64) AppleWebKit/537.36 (KHTML, like Gecko) Chrome/102.0.0.0 Safari/537.36"
10.24.199.142 - - [12/Jun/2022:08:28:53 +0700] "POST /dbl/activeUser HTTP/1.1" 302 0 "https://c3.mobifone.vn/dbl/activeUserForm" "Mozilla/5.0 (Windows NT 10.0; Win64; x64) AppleWebKit/537.36 (KHTML, like Gecko) Chrome/102.0.5005.63 Safari/537.36"
10.24.199.142 - - [12/Jun/2022:08:28:54 +0700] "GET /dbl/ HTTP/1.1" 200 6734 "-" "Mozilla/5.0 (Windows NT 10.0; Win64; x64) AppleWebKit/537.36 (KHTML, like Gecko) Chrome/102.0.5005.63 Safari/537.36"
10.24.199.142 - - [12/Jun/2022:08:28:54 +0700] "GET /dbl/admin/checksession HTTP/1.1" 200 6 "https://c3.mobifone.vn/dbl/" "Mozilla/5.0 (Windows NT 10.0; Win64; x64) AppleWebKit/537.36 (KHTML, like Gecko) Chrome/102.0.5005.63 Safari/537.36"
10.24.199.142 - - [12/Jun/2022:08:28:54 +0700] "GET /dbl/admin/checksession HTTP/1.1" 200 6 "https://c3.mobifone.vn/dbl/" "Mozilla/5.0 (Windows NT 10.0; Win64; x64) AppleWebKit/537.36 (KHTML, like Gecko) Chrome/102.0.5005.63 Safari/537.36"
10.24.199.142 - - [12/Jun/2022:08:28:54 +0700] "GET /dbl/viewlog?rd=15573.787983224938 HTTP/1.1" 200 1548 "https://c3.mobifone.vn/dbl/" "Mozilla/5.0 (Windows NT 10.0; Win64; x64) AppleWebKit/537.36 (KHTML, like Gecko) Chrome/102.0.5005.63 Safari/537.36"
10.24.199.142 - - [12/Jun/2022:08:28:54 +0700] "POST /dbl/application/getlog_view_grid? HTTP/1.1" 200 6908 "https://c3.mobifone.vn/dbl/" "Mozilla/5.0 (Windows NT 10.0; Win64; x64) AppleWebKit/537.36 (KHTML, like Gecko) Chrome/102.0.5005.63 Safari/537.36"
10.24.199.76 - - [12/Jun/2022:08:28:54 +0700] "OPTIONS /callout-cskh/api/get-callout-scenario HTTP/1.1" 200 4 "http://10.16.150.69:9223/" "Mozilla/5.0 (Windows NT 6.1; Win64; x64) AppleWebKit/537.36 (KHTML, like Gecko) Chrome/102.0.0.0 Safari/537.36"
10.24.199.76 - - [12/Jun/2022:08:28:54 +0700] "OPTIONS /callout-cskh/api/get-callout-history HTTP/1.1" 200 4 "http://10.16.150.69:9223/" "Mozilla/5.0 (Windows NT 6.1; Win64; x64) AppleWebKit/537.36 (KHTML, like Gecko) Chrome/102.0.0.0 Safari/537.36"
10.24.199.76 - - [12/Jun/2022:08:28:55 +0700] "POST /callout-cskh/api/get-callout-scenario HTTP/1.1" 200 514 "http://10.16.150.69:9223/" "Mozilla/5.0 (Windows NT 6.1; Win64; x64) AppleWebKit/537.36 (KHTML, like Gecko) Chrome/102.0.0.0 Safari/537.36"
10.24.199.76 - - [12/Jun/2022:08:28:55 +0700] "POST /callout-cskh/api/get-callout-history HTTP/1.1" 200 670 "http://10.16.150.69:9223/" "Mozilla/5.0 (Windows NT 6.1; Win64; x64) AppleWebKit/537.36 (KHTML, like Gecko) Chrome/102.0.0.0 Safari/537.36"
10.24.199.142 - - [12/Jun/2022:08:28:56 +0700] "GET /dbl/admin/checksession HTTP/1.1" 200 6 "https://c3.mobifone.vn/dbl/" "Mozilla/5.0 (Windows NT 10.0; Win64; x64) AppleWebKit/537.36 (KHTML, like Gecko) Chrome/102.0.5005.63 Safari/537.36"
10.24.199.142 - - [12/Jun/2022:08:28:57 +0700] "GET /dbl/Chonsos/xac_nhan?rd=8634.703669113469 HTTP/1.1" 200 4012 "https://c3.mobifone.vn/dbl/" "Mozilla/5.0 (Windows NT 10.0; Win64; x64) AppleWebKit/537.36 (KHTML, like Gecko) Chrome/102.0.5005.63 Safari/537.36"
10.24.199.142 - - [12/Jun/2022:08:28:57 +0700] "GET /dbl/public/js/select2/select2.js?_=1654997508258 HTTP/1.1" 200 137397 "https://c3.mobifone.vn/dbl/" "Mozilla/5.0 (Windows NT 10.0; Win64; x64) AppleWebKit/537.36 (KHTML, like Gecko) Chrome/102.0.5005.63 Safari/537.36"
10.24.199.142 - - [12/Jun/2022:08:28:57 +0700] "GET /dbl/public/js/select2/select2_locale_vi.js?_=1654997508259 HTTP/1.1" 200 927 "https://c3.mobifone.vn/dbl/" "Mozilla/5.0 (Windows NT 10.0; Win64; x64) AppleWebKit/537.36 (KHTML, like Gecko) Chrome/102.0.5005.63 Safari/537.36"
10.24.199.77 - - [12/Jun/2022:08:28:58 +0700] "OPTIONS /callout-cskh/api/get-callout-history HTTP/1.1" 200 4 "http://10.16.150.69:9223/" "Mozilla/5.0 (Windows NT 6.1; Win64; x64) AppleWebKit/537.36 (KHTML, like Gecko) Chrome/102.0.0.0 Safari/537.36"
10.24.199.77 - - [12/Jun/2022:08:28:58 +0700] "OPTIONS /callout-cskh/api/get-callout-scenario HTTP/1.1" 200 4 "http://10.16.150.69:9223/" "Mozilla/5.0 (Windows NT 6.1; Win64; x64) AppleWebKit/537.36 (KHTML, like Gecko) Chrome/102.0.0.0 Safari/537.36"
10.24.199.77 - - [12/Jun/2022:08:28:58 +0700] "POST /callout-cskh/api/get-callout-history HTTP/1.1" 200 670 "http://10.16.150.69:9223/" "Mozilla/5.0 (Windows NT 6.1; Win64; x64) AppleWebKit/537.36 (KHTML, like Gecko) Chrome/102.0.0.0 Safari/537.36"
10.24.199.77 - - [12/Jun/2022:08:28:58 +0700] "POST /callout-cskh/api/get-callout-scenario HTTP/1.1" 200 514 "http://10.16.150.69:9223/" "Mozilla/5.0 (Windows NT 6.1; Win64; x64) AppleWebKit/537.36 (KHTML, like Gecko) Chrome/102.0.0.0 Safari/537.36"
10.24.199.142 - - [12/Jun/2022:08:29:00 +0700] "POST /dbl/chonsos/regis_isdn_grid?branch_id=3189&cChuaXacnhan=0&isdn=903503995 HTTP/1.1" 200 341 "https://c3.mobifone.vn/dbl/" "Mozilla/5.0 (Windows NT 10.0; Win64; x64) AppleWebKit/537.36 (KHTML, like Gecko) Chrome/102.0.5005.63 Safari/537.36"
10.24.199.76 - - [12/Jun/2022:08:29:06 +0700] "OPTIONS /callout-cskh/api/update-callout HTTP/1.1" 200 4 "http://10.16.150.69:9223/" "Mozilla/5.0 (Windows NT 6.1; Win64; x64) AppleWebKit/537.36 (KHTML, like Gecko) Chrome/102.0.0.0 Safari/537.36"
10.24.199.76 - - [12/Jun/2022:08:29:06 +0700] "POST /callout-cskh/api/update-callout HTTP/1.1" 200 108 "http://10.16.150.69:9223/" "Mozilla/5.0 (Windows NT 6.1; Win64; x64) AppleWebKit/537.36 (KHTML, like Gecko) Chrome/102.0.0.0 Safari/537.36"
10.24.199.76 - - [12/Jun/2022:08:29:06 +0700] "POST /callout-cskh/api/get-callout-survey HTTP/1.1" 200 965 "http://10.16.150.69:9223/" "Mozilla/5.0 (Windows NT 6.1; Win64; x64) AppleWebKit/537.36 (KHTML, like Gecko) Chrome/102.0.0.0 Safari/537.36"
10.24.199.142 - - [12/Jun/2022:08:29:06 +0700] "GET /dbl/admin/checksession HTTP/1.1" 200 6 "https://c3.mobifone.vn/dbl/" "Mozilla/5.0 (Windows NT 10.0; Win64; x64) AppleWebKit/537.36 (KHTML, like Gecko) Chrome/102.0.5005.63 Safari/537.36"
10.24.199.142 - - [12/Jun/2022:08:29:06 +0700] "POST /dbl/chonsos/xac_nhan_detail HTTP/1.1" 200 2076 "https://c3.mobifone.vn/dbl/" "Mozilla/5.0 (Windows NT 10.0; Win64; x64) AppleWebKit/537.36 (KHTML, like Gecko) Chrome/102.0.5005.63 Safari/537.36"
10.24.199.142 - - [12/Jun/2022:08:29:08 +0700] "POST /dbl/chonsos/do_xac_nhan HTTP/1.1" 200 6 "https://c3.mobifone.vn/dbl/" "Mozilla/5.0 (Windows NT 10.0; Win64; x64) AppleWebKit/537.36 (KHTML, like Gecko) Chrome/102.0.5005.63 Safari/537.36"
10.24.199.76 - - [12/Jun/2022:08:29:12 +0700] "POST /callout-cskh/api/get-callout-survey HTTP/1.1" 200 1255 "http://10.16.150.69:9223/" "Mozilla/5.0 (Windows NT 6.1; Win64; x64) AppleWebKit/537.36 (KHTML, like Gecko) Chrome/102.0.0.0 Safari/537.36"
10.24.199.77 - - [12/Jun/2022:08:29:12 +0700] "OPTIONS /callout-cskh/api/get-callout-survey HTTP/1.1" 200 4 "http://10.16.150.69:9223/" "Mozilla/5.0 (Windows NT 6.1; Win64; x64) AppleWebKit/537.36 (KHTML, like Gecko) Chrome/102.0.0.0 Safari/537.36"
10.24.199.77 - - [12/Jun/2022:08:29:12 +0700] "POST /callout-cskh/api/get-callout-survey HTTP/1.1" 200 670 "http://10.16.150.69:9223/" "Mozilla/5.0 (Windows NT 6.1; Win64; x64) AppleWebKit/537.36 (KHTML, like Gecko) Chrome/102.0.0.0 Safari/537.36"
171.225.126.156 - - [12/Jun/2022:08:29:13 +0700] "GET /crm/ HTTP/1.1" 200 911 "-" "Mozilla/5.0 (Windows NT 6.1; Win64; x64) AppleWebKit/537.36 (KHTML, like Gecko) Chrome/102.0.5005.63 Safari/537.36"
171.225.126.156 - - [12/Jun/2022:08:29:13 +0700] "GET /crm/cordova.js HTTP/1.1" 404 136 "https://c3.mobifone.vn/crm/" "Mozilla/5.0 (Windows NT 6.1; Win64; x64) AppleWebKit/537.36 (KHTML, like Gecko) Chrome/102.0.5005.63 Safari/537.36"
171.225.126.156 - - [12/Jun/2022:08:29:13 +0700] "GET /crm/build/polyfills.js HTTP/1.1" 200 97180 "https://c3.mobifone.vn/crm/" "Mozilla/5.0 (Windows NT 6.1; Win64; x64) AppleWebKit/537.36 (KHTML, like Gecko) Chrome/102.0.5005.63 Safari/537.36"
171.225.126.156 - - [12/Jun/2022:08:29:13 +0700] "GET /crm/build/main.js HTTP/1.1" 200 424963 "https://c3.mobifone.vn/crm/" "Mozilla/5.0 (Windows NT 6.1; Win64; x64) AppleWebKit/537.36 (KHTML, like Gecko) Chrome/102.0.5005.63 Safari/537.36"
171.225.126.156 - - [12/Jun/2022:08:29:13 +0700] "GET /crm/build/main.css HTTP/1.1" 200 738909 "https://c3.mobifone.vn/crm/" "Mozilla/5.0 (Windows NT 6.1; Win64; x64) AppleWebKit/537.36 (KHTML, like Gecko) Chrome/102.0.5005.63 Safari/537.36"
10.24.199.77 - - [12/Jun/2022:08:29:14 +0700] "POST /callout-cskh/api/get-callout-survey HTTP/1.1" 200 670 "http://10.16.150.69:9223/" "Mozilla/5.0 (Windows NT 6.1; Win64; x64) AppleWebKit/537.36 (KHTML, like Gecko) Chrome/102.0.0.0 Safari/537.36"
171.225.126.156 - - [12/Jun/2022:08:29:15 +0700] "GET /crm/build/vendor.js HTTP/1.1" 200 8250918 "https://c3.mobifone.vn/crm/" "Mozilla/5.0 (Windows NT 6.1; Win64; x64) AppleWebKit/537.36 (KHTML, like Gecko) Chrome/102.0.5005.63 Safari/537.36"
10.24.199.142 - - [12/Jun/2022:08:29:16 +0700] "POST /dbl/chonsos/regis_isdn_grid?branch_id=3189&cChuaXacnhan=0&isdn=903503995 HTTP/1.1" 200 11 "https://c3.mobifone.vn/dbl/" "Mozilla/5.0 (Windows NT 10.0; Win64; x64) AppleWebKit/537.36 (KHTML, like Gecko) Chrome/102.0.5005.63 Safari/537.36"
171.225.126.156 - - [12/Jun/2022:08:29:18 +0700] "GET /crm/assets/fonts/ionicons.woff2?v=3.0.0-alpha.3 HTTP/1.1" 200 61020 "https://c3.mobifone.vn/crm/build/main.css" "Mozilla/5.0 (Windows NT 6.1; Win64; x64) AppleWebKit/537.36 (KHTML, like Gecko) Chrome/102.0.5005.63 Safari/537.36"
171.225.126.156 - - [12/Jun/2022:08:29:18 +0700] "GET /crm/assets/imgs/human.svg HTTP/1.1" 200 710 "https://c3.mobifone.vn/crm/" "Mozilla/5.0 (Windows NT 6.1; Win64; x64) AppleWebKit/537.36 (KHTML, like Gecko) Chrome/102.0.5005.63 Safari/537.36"
10.24.199.77 - - [12/Jun/2022:08:29:20 +0700] "POST /callout-cskh/api/get-callout-survey HTTP/1.1" 200 13893 "http://10.16.150.69:9223/" "Mozilla/5.0 (Windows NT 6.1; Win64; x64) AppleWebKit/537.36 (KHTML, like Gecko) Chrome/102.0.0.0 Safari/537.36"
93.114.235.167 - - [12/Jun/2022:08:29:24 +0700] "POST /wp-login.php HTTP/1.1" 200 2671 "-" "Mozilla/5.0 (X11; Ubuntu; Linux x86_64; rv:62.0) Gecko/20100101 Firefox/62.0"
10.24.199.76 - - [12/Jun/2022:08:29:27 +0700] "POST /callout-cskh/api/get-callout-scenario HTTP/1.1" 200 514 "http://10.16.150.69:9223/" "Mozilla/5.0 (Windows NT 6.1; Win64; x64) AppleWebKit/537.36 (KHTML, like Gecko) Chrome/102.0.0.0 Safari/537.36"
10.24.199.76 - - [12/Jun/2022:08:29:27 +0700] "POST /callout-cskh/api/get-callout-history HTTP/1.1" 200 670 "http://10.16.150.69:9223/" "Mozilla/5.0 (Windows NT 6.1; Win64; x64) AppleWebKit/537.36 (KHTML, like Gecko) Chrome/102.0.0.0 Safari/537.36"
171.225.126.156 - - [12/Jun/2022:08:29:33 +0700] "GET /crm/assets/fonts/roboto-medium.woff2 HTTP/1.1" 200 10192 "https://c3.mobifone.vn/crm/build/main.css" "Mozilla/5.0 (Windows NT 6.1; Win64; x64) AppleWebKit/537.36 (KHTML, like Gecko) Chrome/102.0.5005.63 Safari/537.36"
171.225.126.156 - - [12/Jun/2022:08:29:33 +0700] "GET /crm/assets/fonts/roboto-regular.woff2 HTTP/1.1" 200 10196 "https://c3.mobifone.vn/crm/build/main.css" "Mozilla/5.0 (Windows NT 6.1; Win64; x64) AppleWebKit/537.36 (KHTML, like Gecko) Chrome/102.0.5005.63 Safari/537.36"
10.24.199.76 - - [12/Jun/2022:08:29:39 +0700] "POST /callout-cskh/api/update-callout HTTP/1.1" 200 108 "http://10.16.150.69:9223/" "Mozilla/5.0 (Windows NT 6.1; Win64; x64) AppleWebKit/537.36 (KHTML, like Gecko) Chrome/102.0.0.0 Safari/537.36"
10.24.199.76 - - [12/Jun/2022:08:29:39 +0700] "POST /callout-cskh/api/get-callout-survey HTTP/1.1" 200 965 "http://10.16.150.69:9223/" "Mozilla/5.0 (Windows NT 6.1; Win64; x64) AppleWebKit/537.36 (KHTML, like Gecko) Chrome/102.0.0.0 Safari/537.36"
171.225.126.156 - - [12/Jun/2022:08:29:43 +0700] "GET /crm/assets/fonts/roboto-bold.woff2 HTTP/1.1" 200 10212 "https://c3.mobifone.vn/crm/build/main.css" "Mozilla/5.0 (Windows NT 6.1; Win64; x64) AppleWebKit/537.36 (KHTML, like Gecko) Chrome/102.0.5005.63 Safari/537.36"
171.225.126.156 - - [12/Jun/2022:08:29:43 +0700] "GET /crm/api/customers?filter=period&s=undefined&itemsPerPage=30&p=&filterCalled= HTTP/1.1" 200 12394 "https://c3.mobifone.vn/crm/" "Mozilla/5.0 (Windows NT 6.1; Win64; x64) AppleWebKit/537.36 (KHTML, like Gecko) Chrome/102.0.5005.63 Safari/537.36"
171.225.126.156 - - [12/Jun/2022:08:30:01 +0700] "GET /crm/api/customers?filter=period&s=undefined&itemsPerPage=30&p=&filterCalled= HTTP/1.1" 200 12394 "https://c3.mobifone.vn/crm/" "Mozilla/5.0 (Windows NT 6.1; Win64; x64) AppleWebKit/537.36 (KHTML, like Gecko) Chrome/102.0.5005.63 Safari/537.36"
171.225.126.156 - - [12/Jun/2022:08:30:01 +0700] "GET /crm/api/customers?filter=maintainAll&s=undefined&itemsPerPage=30&p=1&filterCalled= HTTP/1.1" 200 11885 "https://c3.mobifone.vn/crm/" "Mozilla/5.0 (Windows NT 6.1; Win64; x64) AppleWebKit/537.36 (KHTML, like Gecko) Chrome/102.0.5005.63 Safari/537.36"
137.59.43.2 - - [12/Jun/2022:08:30:34 +0700] "POST /dbl/chonsos/regis_isdn_grid?branch_id=3268&cChuaXacnhan=0&isdn= HTTP/1.1" 200 16668 "https://c3.mobifone.vn/dbl/" "Mozilla/5.0 (Windows NT 6.3; Win64; x64) AppleWebKit/537.36 (KHTML, like Gecko) Chrome/102.0.5005.63 Safari/537.36"
171.225.250.235 - - [12/Jun/2022:08:31:13 +0700] "POST /dbl/chonsos/regis_isdn_grid?branch_id=3216&cChuaXacnhan=0&isdn= HTTP/1.1" 200 16358 "https://c3.mobifone.vn/dbl/" "Mozilla/5.0 (Windows NT 10.0; Win64; x64) AppleWebKit/537.36 (KHTML, like Gecko) Chrome/102.0.0.0 Safari/537.36"
171.225.250.235 - - [12/Jun/2022:08:31:14 +0700] "POST /dbl/chonsos/regis_isdn_grid?branch_id=3216&cChuaXacnhan=0&isdn= HTTP/1.1" 200 16358 "https://c3.mobifone.vn/dbl/" "Mozilla/5.0 (Windows NT 10.0; Win64; x64) AppleWebKit/537.36 (KHTML, like Gecko) Chrome/102.0.0.0 Safari/537.36"
171.225.126.156 - - [12/Jun/2022:08:32:17 +0700] "GET /crm/api/customers?filter=maintainAll&s=undefined&itemsPerPage=100&p=1&filterCalled= HTTP/1.1" 200 40108 "https://c3.mobifone.vn/crm/" "Mozilla/5.0 (Windows NT 6.1; Win64; x64) AppleWebKit/537.36 (KHTML, like Gecko) Chrome/102.0.5005.63 Safari/537.36"
171.225.126.156 - - [12/Jun/2022:08:32:30 +0700] "GET /crm/api/customers/3417 HTTP/1.1" 200 174 "https://c3.mobifone.vn/crm/" "Mozilla/5.0 (Windows NT 6.1; Win64; x64) AppleWebKit/537.36 (KHTML, like Gecko) Chrome/102.0.5005.63 Safari/537.36"
171.225.126.156 - - [12/Jun/2022:08:32:31 +0700] "GET /crm/api/customers/3417/bikes HTTP/1.1" 200 142 "https://c3.mobifone.vn/crm/" "Mozilla/5.0 (Windows NT 6.1; Win64; x64) AppleWebKit/537.36 (KHTML, like Gecko) Chrome/102.0.5005.63 Safari/537.36"
171.225.126.156 - - [12/Jun/2022:08:32:31 +0700] "GET /crm/api/customers/3417/maintances HTTP/1.1" 200 89 "https://c3.mobifone.vn/crm/" "Mozilla/5.0 (Windows NT 6.1; Win64; x64) AppleWebKit/537.36 (KHTML, like Gecko) Chrome/102.0.5005.63 Safari/537.36"
59.153.224.215 - - [12/Jun/2022:08:33:08 +0700] "GET /dbl/ HTTP/1.1" 302 0 "-" "Mozilla/5.0 (iPhone; CPU iPhone OS 14_6 like Mac OS X) AppleWebKit/605.1.15 (KHTML, like Gecko) CriOS/102.0.5005.87 Mobile/15E148 Safari/604.1"
59.153.224.215 - - [12/Jun/2022:08:33:08 +0700] "GET /dbl/login HTTP/1.1" 200 878 "-" "Mozilla/5.0 (iPhone; CPU iPhone OS 14_6 like Mac OS X) AppleWebKit/605.1.15 (KHTML, like Gecko) CriOS/102.0.5005.87 Mobile/15E148 Safari/604.1"
59.153.224.215 - - [12/Jun/2022:08:33:09 +0700] "GET /dbl/public/css/secure.css HTTP/1.1" 304 0 "https://c3.mobifone.vn/dbl/login" "Mozilla/5.0 (iPhone; CPU iPhone OS 14_6 like Mac OS X) AppleWebKit/605.1.15 (KHTML, like Gecko) CriOS/102.0.5005.87 Mobile/15E148 Safari/604.1"
59.153.224.215 - - [12/Jun/2022:08:33:09 +0700] "GET /dbl/public/img/logo.png HTTP/1.1" 304 0 "https://c3.mobifone.vn/dbl/login" "Mozilla/5.0 (iPhone; CPU iPhone OS 14_6 like Mac OS X) AppleWebKit/605.1.15 (KHTML, like Gecko) CriOS/102.0.5005.87 Mobile/15E148 Safari/604.1"
59.153.224.215 - - [12/Jun/2022:08:33:09 +0700] "GET /dbl/public/js/jquery-1.9.0.min.js HTTP/1.1" 304 0 "https://c3.mobifone.vn/dbl/login" "Mozilla/5.0 (iPhone; CPU iPhone OS 14_6 like Mac OS X) AppleWebKit/605.1.15 (KHTML, like Gecko) CriOS/102.0.5005.87 Mobile/15E148 Safari/604.1"
59.153.224.215 - - [12/Jun/2022:08:33:09 +0700] "GET /dbl/public/img/login/gradient-2.png HTTP/1.1" 304 0 "https://c3.mobifone.vn/dbl/login" "Mozilla/5.0 (iPhone; CPU iPhone OS 14_6 like Mac OS X) AppleWebKit/605.1.15 (KHTML, like Gecko) CriOS/102.0.5005.87 Mobile/15E148 Safari/604.1"
113.176.195.123 - - [12/Jun/2022:08:34:44 +0700] "POST /dbl/chonsos/regis_isdn_grid?branch_id=3216&cChuaXacnhan=0&isdn= HTTP/1.1" 200 16342 "https://c3.mobifone.vn/dbl/" "Mozilla/5.0 (Linux; Android 12; SM-F7000) AppleWebKit/537.36 (KHTML, like Gecko) Chrome/102.0.5005.78 Mobile Safari/537.36"
113.176.195.123 - - [12/Jun/2022:08:34:48 +0700] "GET /dbl/chonsos/regis_his?isdn=777565179 HTTP/1.1" 200 382 "https://c3.mobifone.vn/dbl/" "Mozilla/5.0 (Linux; Android 12; SM-F7000) AppleWebKit/537.36 (KHTML, like Gecko) Chrome/102.0.5005.78 Mobile Safari/537.36"
10.24.201.47 - - [12/Jun/2022:08:35:38 +0700] "GET /cskh-program/login HTTP/1.1" 302 136 "-" "Mozilla/5.0 (Windows NT 10.0; Win64; x64) AppleWebKit/537.36 (KHTML, like Gecko) Chrome/102.0.0.0 Safari/537.36"
10.24.201.47 - - [12/Jun/2022:08:35:38 +0700] "GET /cskh-program/?redirect=%2Fcskh-program%2Flogin HTTP/1.1" 304 0 "-" "Mozilla/5.0 (Windows NT 10.0; Win64; x64) AppleWebKit/537.36 (KHTML, like Gecko) Chrome/102.0.0.0 Safari/537.36"
10.24.201.47 - - [12/Jun/2022:08:35:38 +0700] "GET /cskh-program/static/css/12.786ae0dd.chunk.css HTTP/1.1" 304 0 "https://c3.mobifone.vn/cskh-program/?redirect=%2Fcskh-program%2Flogin" "Mozilla/5.0 (Windows NT 10.0; Win64; x64) AppleWebKit/537.36 (KHTML, like Gecko) Chrome/102.0.0.0 Safari/537.36"
10.24.201.47 - - [12/Jun/2022:08:35:38 +0700] "GET /cskh-program/assets/js/2.crypto-js.js HTTP/1.1" 304 0 "https://c3.mobifone.vn/cskh-program/?redirect=%2Fcskh-program%2Flogin" "Mozilla/5.0 (Windows NT 10.0; Win64; x64) AppleWebKit/537.36 (KHTML, like Gecko) Chrome/102.0.0.0 Safari/537.36"
10.24.201.47 - - [12/Jun/2022:08:35:38 +0700] "GET /cskh-program/assets/js/1.jsencrypt.js HTTP/1.1" 304 0 "https://c3.mobifone.vn/cskh-program/?redirect=%2Fcskh-program%2Flogin" "Mozilla/5.0 (Windows NT 10.0; Win64; x64) AppleWebKit/537.36 (KHTML, like Gecko) Chrome/102.0.0.0 Safari/537.36"
10.24.201.47 - - [12/Jun/2022:08:35:38 +0700] "GET /cskh-program/assets/css/sb-admin-2.min.css HTTP/1.1" 304 0 "https://c3.mobifone.vn/cskh-program/?redirect=%2Fcskh-program%2Flogin" "Mozilla/5.0 (Windows NT 10.0; Win64; x64) AppleWebKit/537.36 (KHTML, like Gecko) Chrome/102.0.0.0 Safari/537.36"
10.24.201.47 - - [12/Jun/2022:08:35:38 +0700] "GET /cskh-program/assets/vendor/jquery/jquery.min.js HTTP/1.1" 304 0 "https://c3.mobifone.vn/cskh-program/?redirect=%2Fcskh-program%2Flogin" "Mozilla/5.0 (Windows NT 10.0; Win64; x64) AppleWebKit/537.36 (KHTML, like Gecko) Chrome/102.0.0.0 Safari/537.36"
10.24.201.47 - - [12/Jun/2022:08:35:38 +0700] "GET /cskh-program/assets/js/3.simple-crypto-js.js HTTP/1.1" 304 0 "https://c3.mobifone.vn/cskh-program/?redirect=%2Fcskh-program%2Flogin" "Mozilla/5.0 (Windows NT 10.0; Win64; x64) AppleWebKit/537.36 (KHTML, like Gecko) Chrome/102.0.0.0 Safari/537.36"
10.24.201.47 - - [12/Jun/2022:08:35:38 +0700] "GET /cskh-program/assets/vendor/bootstrap/js/bootstrap.bundle.min.js HTTP/1.1" 304 0 "https://c3.mobifone.vn/cskh-program/?redirect=%2Fcskh-program%2Flogin" "Mozilla/5.0 (Windows NT 10.0; Win64; x64) AppleWebKit/537.36 (KHTML, like Gecko) Chrome/102.0.0.0 Safari/537.36"
10.24.201.47 - - [12/Jun/2022:08:35:38 +0700] "GET /cskh-program/assets/js/sb-admin-2.min.js HTTP/1.1" 304 0 "https://c3.mobifone.vn/cskh-program/?redirect=%2Fcskh-program%2Flogin" "Mozilla/5.0 (Windows NT 10.0; Win64; x64) AppleWebKit/537.36 (KHTML, like Gecko) Chrome/102.0.0.0 Safari/537.36"
10.24.201.47 - - [12/Jun/2022:08:35:38 +0700] "GET /cskh-program/assets/vendor/jquery-easing/jquery.easing.min.js HTTP/1.1" 304 0 "https://c3.mobifone.vn/cskh-program/?redirect=%2Fcskh-program%2Flogin" "Mozilla/5.0 (Windows NT 10.0; Win64; x64) AppleWebKit/537.36 (KHTML, like Gecko) Chrome/102.0.0.0 Safari/537.36"
10.24.201.47 - - [12/Jun/2022:08:35:38 +0700] "GET /cskh-program/static/js/main.5827fa60.chunk.js HTTP/1.1" 304 0 "https://c3.mobifone.vn/cskh-program/?redirect=%2Fcskh-program%2Flogin" "Mozilla/5.0 (Windows NT 10.0; Win64; x64) AppleWebKit/537.36 (KHTML, like Gecko) Chrome/102.0.0.0 Safari/537.36"
10.24.201.47 - - [12/Jun/2022:08:35:38 +0700] "GET /cskh-program/static/js/12.6293a3d7.chunk.js HTTP/1.1" 304 0 "https://c3.mobifone.vn/cskh-program/?redirect=%2Fcskh-program%2Flogin" "Mozilla/5.0 (Windows NT 10.0; Win64; x64) AppleWebKit/537.36 (KHTML, like Gecko) Chrome/102.0.0.0 Safari/537.36"
10.24.201.47 - - [12/Jun/2022:08:35:39 +0700] "GET /cskh-program/static/js/18.862054d1.chunk.js HTTP/1.1" 304 0 "https://c3.mobifone.vn/cskh-program/app" "Mozilla/5.0 (Windows NT 10.0; Win64; x64) AppleWebKit/537.36 (KHTML, like Gecko) Chrome/102.0.0.0 Safari/537.36"
10.24.201.47 - - [12/Jun/2022:08:35:39 +0700] "GET /cskh-program/app HTTP/1.1" 302 132 "https://c3.mobifone.vn/cskh-program/app" "Mozilla/5.0 (Windows NT 10.0; Win64; x64) AppleWebKit/537.36 (KHTML, like Gecko) Chrome/102.0.0.0 Safari/537.36"
10.24.201.47 - - [12/Jun/2022:08:35:39 +0700] "GET /cskh-program/static/css/23.e93f3bc6.chunk.css HTTP/1.1" 304 0 "https://c3.mobifone.vn/cskh-program/app" "Mozilla/5.0 (Windows NT 10.0; Win64; x64) AppleWebKit/537.36 (KHTML, like Gecko) Chrome/102.0.0.0 Safari/537.36"
10.24.201.47 - - [12/Jun/2022:08:35:39 +0700] "GET /cskh-program/static/js/23.e02b96a7.chunk.js HTTP/1.1" 304 0 "https://c3.mobifone.vn/cskh-program/app" "Mozilla/5.0 (Windows NT 10.0; Win64; x64) AppleWebKit/537.36 (KHTML, like Gecko) Chrome/102.0.0.0 Safari/537.36"
10.24.201.47 - - [12/Jun/2022:08:35:39 +0700] "GET /sso/user-rights/verify-token HTTP/1.1" 403 126 "https://c3.mobifone.vn/cskh-program/app" "Mozilla/5.0 (Windows NT 10.0; Win64; x64) AppleWebKit/537.36 (KHTML, like Gecko) Chrome/102.0.0.0 Safari/537.36"
10.24.201.47 - - [12/Jun/2022:08:35:39 +0700] "GET /cskh-program?redirect=%2Fcskh-program%2Fapp HTTP/1.1" 301 253 "https://c3.mobifone.vn/cskh-program/app" "Mozilla/5.0 (Windows NT 10.0; Win64; x64) AppleWebKit/537.36 (KHTML, like Gecko) Chrome/102.0.0.0 Safari/537.36"
10.24.201.47 - - [12/Jun/2022:08:35:39 +0700] "GET /cskh-program/assets/img/logo/logo-vang.png HTTP/1.1" 304 0 "https://c3.mobifone.vn/cskh-program/app" "Mozilla/5.0 (Windows NT 10.0; Win64; x64) AppleWebKit/537.36 (KHTML, like Gecko) Chrome/102.0.0.0 Safari/537.36"
10.24.201.47 - - [12/Jun/2022:08:35:39 +0700] "GET /cskh-program/assets/img/icon/ico-user.png HTTP/1.1" 304 0 "https://c3.mobifone.vn/cskh-program/app" "Mozilla/5.0 (Windows NT 10.0; Win64; x64) AppleWebKit/537.36 (KHTML, like Gecko) Chrome/102.0.0.0 Safari/537.36"
10.24.201.47 - - [12/Jun/2022:08:35:39 +0700] "GET /cskh-program/?redirect=%2Fcskh-program%2Fapp HTTP/1.1" 304 0 "https://c3.mobifone.vn/cskh-program/app" "Mozilla/5.0 (Windows NT 10.0; Win64; x64) AppleWebKit/537.36 (KHTML, like Gecko) Chrome/102.0.0.0 Safari/537.36"
10.24.201.47 - - [12/Jun/2022:08:35:39 +0700] "GET /cskh-program/manifest.json HTTP/1.1" 499 0 "https://c3.mobifone.vn/cskh-program/app" "Mozilla/5.0 (Windows NT 10.0; Win64; x64) AppleWebKit/537.36 (KHTML, like Gecko) Chrome/102.0.0.0 Safari/537.36"
10.24.201.47 - - [12/Jun/2022:08:35:39 +0700] "GET /cskh-program/assets/css/sb-admin-2.min.css HTTP/1.1" 304 0 "https://c3.mobifone.vn/cskh-program/?redirect=%2Fcskh-program%2Fapp" "Mozilla/5.0 (Windows NT 10.0; Win64; x64) AppleWebKit/537.36 (KHTML, like Gecko) Chrome/102.0.0.0 Safari/537.36"
10.24.201.47 - - [12/Jun/2022:08:35:39 +0700] "GET /cskh-program/assets/js/1.jsencrypt.js HTTP/1.1" 304 0 "https://c3.mobifone.vn/cskh-program/?redirect=%2Fcskh-program%2Fapp" "Mozilla/5.0 (Windows NT 10.0; Win64; x64) AppleWebKit/537.36 (KHTML, like Gecko) Chrome/102.0.0.0 Safari/537.36"
10.24.201.47 - - [12/Jun/2022:08:35:39 +0700] "GET /cskh-program/assets/js/2.crypto-js.js HTTP/1.1" 304 0 "https://c3.mobifone.vn/cskh-program/?redirect=%2Fcskh-program%2Fapp" "Mozilla/5.0 (Windows NT 10.0; Win64; x64) AppleWebKit/537.36 (KHTML, like Gecko) Chrome/102.0.0.0 Safari/537.36"
10.24.201.47 - - [12/Jun/2022:08:35:39 +0700] "GET /cskh-program/assets/js/3.simple-crypto-js.js HTTP/1.1" 304 0 "https://c3.mobifone.vn/cskh-program/?redirect=%2Fcskh-program%2Fapp" "Mozilla/5.0 (Windows NT 10.0; Win64; x64) AppleWebKit/537.36 (KHTML, like Gecko) Chrome/102.0.0.0 Safari/537.36"
10.24.201.47 - - [12/Jun/2022:08:35:39 +0700] "GET /cskh-program/static/css/12.786ae0dd.chunk.css HTTP/1.1" 304 0 "https://c3.mobifone.vn/cskh-program/?redirect=%2Fcskh-program%2Fapp" "Mozilla/5.0 (Windows NT 10.0; Win64; x64) AppleWebKit/537.36 (KHTML, like Gecko) Chrome/102.0.0.0 Safari/537.36"
10.24.201.47 - - [12/Jun/2022:08:35:39 +0700] "GET /cskh-program/assets/vendor/jquery/jquery.min.js HTTP/1.1" 304 0 "https://c3.mobifone.vn/cskh-program/?redirect=%2Fcskh-program%2Fapp" "Mozilla/5.0 (Windows NT 10.0; Win64; x64) AppleWebKit/537.36 (KHTML, like Gecko) Chrome/102.0.0.0 Safari/537.36"
10.24.201.47 - - [12/Jun/2022:08:35:39 +0700] "GET /cskh-program/assets/vendor/bootstrap/js/bootstrap.bundle.min.js HTTP/1.1" 304 0 "https://c3.mobifone.vn/cskh-program/?redirect=%2Fcskh-program%2Fapp" "Mozilla/5.0 (Windows NT 10.0; Win64; x64) AppleWebKit/537.36 (KHTML, like Gecko) Chrome/102.0.0.0 Safari/537.36"
10.24.201.47 - - [12/Jun/2022:08:35:39 +0700] "GET /cskh-program/static/js/12.6293a3d7.chunk.js HTTP/1.1" 304 0 "https://c3.mobifone.vn/cskh-program/?redirect=%2Fcskh-program%2Fapp" "Mozilla/5.0 (Windows NT 10.0; Win64; x64) AppleWebKit/537.36 (KHTML, like Gecko) Chrome/102.0.0.0 Safari/537.36"
10.24.201.47 - - [12/Jun/2022:08:35:39 +0700] "GET /cskh-program/assets/js/sb-admin-2.min.js HTTP/1.1" 304 0 "https://c3.mobifone.vn/cskh-program/?redirect=%2Fcskh-program%2Fapp" "Mozilla/5.0 (Windows NT 10.0; Win64; x64) AppleWebKit/537.36 (KHTML, like Gecko) Chrome/102.0.0.0 Safari/537.36"
10.24.201.47 - - [12/Jun/2022:08:35:39 +0700] "GET /cskh-program/assets/vendor/jquery-easing/jquery.easing.min.js HTTP/1.1" 304 0 "https://c3.mobifone.vn/cskh-program/?redirect=%2Fcskh-program%2Fapp" "Mozilla/5.0 (Windows NT 10.0; Win64; x64) AppleWebKit/537.36 (KHTML, like Gecko) Chrome/102.0.0.0 Safari/537.36"
10.24.201.47 - - [12/Jun/2022:08:35:39 +0700] "GET /cskh-program/static/js/main.5827fa60.chunk.js HTTP/1.1" 304 0 "https://c3.mobifone.vn/cskh-program/?redirect=%2Fcskh-program%2Fapp" "Mozilla/5.0 (Windows NT 10.0; Win64; x64) AppleWebKit/537.36 (KHTML, like Gecko) Chrome/102.0.0.0 Safari/537.36"
10.24.201.47 - - [12/Jun/2022:08:35:39 +0700] "GET /cskh-program/static/js/26.e97811ed.chunk.js HTTP/1.1" 304 0 "https://c3.mobifone.vn/cskh-program/login" "Mozilla/5.0 (Windows NT 10.0; Win64; x64) AppleWebKit/537.36 (KHTML, like Gecko) Chrome/102.0.0.0 Safari/537.36"
10.24.201.47 - - [12/Jun/2022:08:35:39 +0700] "GET /cskh-program/static/css/26.ca125588.chunk.css HTTP/1.1" 304 0 "https://c3.mobifone.vn/cskh-program/login" "Mozilla/5.0 (Windows NT 10.0; Win64; x64) AppleWebKit/537.36 (KHTML, like Gecko) Chrome/102.0.0.0 Safari/537.36"
10.24.201.47 - - [12/Jun/2022:08:35:39 +0700] "GET /cskh-program/manifest.json HTTP/1.1" 200 543 "https://c3.mobifone.vn/cskh-program/login" "Mozilla/5.0 (Windows NT 10.0; Win64; x64) AppleWebKit/537.36 (KHTML, like Gecko) Chrome/102.0.0.0 Safari/537.36"
10.24.201.47 - - [12/Jun/2022:08:35:39 +0700] "GET /cskh-program/assets/img/mbf5G.png HTTP/1.1" 304 0 "https://c3.mobifone.vn/cskh-program/login" "Mozilla/5.0 (Windows NT 10.0; Win64; x64) AppleWebKit/537.36 (KHTML, like Gecko) Chrome/102.0.0.0 Safari/537.36"
10.24.201.47 - - [12/Jun/2022:08:35:39 +0700] "GET /cskh-program/assets/img/bg-login-2.png HTTP/1.1" 304 0 "https://c3.mobifone.vn/cskh-program/login" "Mozilla/5.0 (Windows NT 10.0; Win64; x64) AppleWebKit/537.36 (KHTML, like Gecko) Chrome/102.0.0.0 Safari/537.36"
10.24.201.47 - - [12/Jun/2022:08:35:39 +0700] "GET /cskh-program/assets/img/bg-login-exp.png HTTP/1.1" 304 0 "https://c3.mobifone.vn/cskh-program/login" "Mozilla/5.0 (Windows NT 10.0; Win64; x64) AppleWebKit/537.36 (KHTML, like Gecko) Chrome/102.0.0.0 Safari/537.36"
10.24.201.47 - - [12/Jun/2022:08:35:39 +0700] "GET /cskh-program/favicon.ico HTTP/1.1" 304 0 "https://c3.mobifone.vn/cskh-program/login" "Mozilla/5.0 (Windows NT 10.0; Win64; x64) AppleWebKit/537.36 (KHTML, like Gecko) Chrome/102.0.0.0 Safari/537.36"
10.24.201.47 - - [12/Jun/2022:08:35:39 +0700] "GET /cskh-program/logo192.png HTTP/1.1" 304 0 "https://c3.mobifone.vn/cskh-program/login" "Mozilla/5.0 (Windows NT 10.0; Win64; x64) AppleWebKit/537.36 (KHTML, like Gecko) Chrome/102.0.0.0 Safari/537.36"
10.24.201.47 - - [12/Jun/2022:08:35:47 +0700] "GET /sso/l/get-key?id=MFwwDQYJKoZIhvcNAQEBBQADSwAwSAJBAL9O7Iz5mObUd1BCBp5eHAeKF4mu7rby0U2Gdyg4A10dqU6Px2tDTVC1OI%2BdxKAffvvzhOJ0TQwlTiUjWYwK7z0CAwEAAQ%3D%3D&app_name=web-cskh&client_name=web-cskh%7C1654250507599&client_signature=8C94WZb4X23jL4uhtU13poSoNgPTYDVTq4Uf%2FhqDaNSkTXdN2z3eoHyYJWc2HtYUL28hYQN%2F%2F9NCWEtE7xLk HTTP/1.1" 200 196 "https://c3.mobifone.vn/cskh-program/login" "Mozilla/5.0 (Windows NT 10.0; Win64; x64) AppleWebKit/537.36 (KHTML, like Gecko) Chrome/102.0.0.0 Safari/537.36"
10.24.201.47 - - [12/Jun/2022:08:35:47 +0700] "POST /sso/l/l-auth HTTP/1.1" 200 284 "https://c3.mobifone.vn/cskh-program/login" "Mozilla/5.0 (Windows NT 10.0; Win64; x64) AppleWebKit/537.36 (KHTML, like Gecko) Chrome/102.0.0.0 Safari/537.36"
10.24.201.47 - - [12/Jun/2022:08:35:48 +0700] "GET /sso/l/l-verify HTTP/1.1" 200 620 "https://c3.mobifone.vn/cskh-program/login" "Mozilla/5.0 (Windows NT 10.0; Win64; x64) AppleWebKit/537.36 (KHTML, like Gecko) Chrome/102.0.0.0 Safari/537.36"
10.24.201.47 - - [12/Jun/2022:08:35:48 +0700] "GET /cskh-program/static/js/18.862054d1.chunk.js HTTP/1.1" 304 0 "https://c3.mobifone.vn/cskh-program/app" "Mozilla/5.0 (Windows NT 10.0; Win64; x64) AppleWebKit/537.36 (KHTML, like Gecko) Chrome/102.0.0.0 Safari/537.36"
10.24.201.47 - - [12/Jun/2022:08:35:48 +0700] "GET /cskh-program/static/js/23.e02b96a7.chunk.js HTTP/1.1" 304 0 "https://c3.mobifone.vn/cskh-program/app" "Mozilla/5.0 (Windows NT 10.0; Win64; x64) AppleWebKit/537.36 (KHTML, like Gecko) Chrome/102.0.0.0 Safari/537.36"
10.24.201.47 - - [12/Jun/2022:08:35:48 +0700] "GET /cskh-program/static/css/23.e93f3bc6.chunk.css HTTP/1.1" 304 0 "https://c3.mobifone.vn/cskh-program/app" "Mozilla/5.0 (Windows NT 10.0; Win64; x64) AppleWebKit/537.36 (KHTML, like Gecko) Chrome/102.0.0.0 Safari/537.36"
10.24.201.47 - - [12/Jun/2022:08:35:48 +0700] "GET /cskh-program/assets/img/mbf5G.png HTTP/1.1" 304 0 "https://c3.mobifone.vn/cskh-program/app" "Mozilla/5.0 (Windows NT 10.0; Win64; x64) AppleWebKit/537.36 (KHTML, like Gecko) Chrome/102.0.0.0 Safari/537.36"
10.24.201.47 - - [12/Jun/2022:08:35:48 +0700] "GET /cskh-program/assets/img/logo/logo-vang.png HTTP/1.1" 304 0 "https://c3.mobifone.vn/cskh-program/app" "Mozilla/5.0 (Windows NT 10.0; Win64; x64) AppleWebKit/537.36 (KHTML, like Gecko) Chrome/102.0.0.0 Safari/537.36"
10.24.201.47 - - [12/Jun/2022:08:35:48 +0700] "GET /cskh-program/assets/img/icon/ico-user.png HTTP/1.1" 304 0 "https://c3.mobifone.vn/cskh-program/app" "Mozilla/5.0 (Windows NT 10.0; Win64; x64) AppleWebKit/537.36 (KHTML, like Gecko) Chrome/102.0.0.0 Safari/537.36"
10.24.201.47 - - [12/Jun/2022:08:35:48 +0700] "POST /cskh-program/api/get-category HTTP/1.1" 200 7061 "https://c3.mobifone.vn/cskh-program/app" "Mozilla/5.0 (Windows NT 10.0; Win64; x64) AppleWebKit/537.36 (KHTML, like Gecko) Chrome/102.0.0.0 Safari/537.36"
10.24.201.47 - - [12/Jun/2022:08:35:48 +0700] "GET /cskh-program/user-rights/get-granted-user HTTP/1.1" 200 6157 "https://c3.mobifone.vn/cskh-program/app" "Mozilla/5.0 (Windows NT 10.0; Win64; x64) AppleWebKit/537.36 (KHTML, like Gecko) Chrome/102.0.0.0 Safari/537.36"
10.24.201.47 - - [12/Jun/2022:08:35:48 +0700] "POST /cskh-program/user-rights/get-menu-api HTTP/1.1" 200 7036 "https://c3.mobifone.vn/cskh-program/app" "Mozilla/5.0 (Windows NT 10.0; Win64; x64) AppleWebKit/537.36 (KHTML, like Gecko) Chrome/102.0.0.0 Safari/537.36"
10.24.201.47 - - [12/Jun/2022:08:35:48 +0700] "POST /cskh-program/api/get-request-form HTTP/1.1" 200 24792 "https://c3.mobifone.vn/cskh-program/app" "Mozilla/5.0 (Windows NT 10.0; Win64; x64) AppleWebKit/537.36 (KHTML, like Gecko) Chrome/102.0.0.0 Safari/537.36"
10.24.201.47 - - [12/Jun/2022:08:35:48 +0700] "GET /cskh-program/user-rights/get-granted-groups HTTP/1.1" 200 3176 "https://c3.mobifone.vn/cskh-program/app" "Mozilla/5.0 (Windows NT 10.0; Win64; x64) AppleWebKit/537.36 (KHTML, like Gecko) Chrome/102.0.0.0 Safari/537.36"
10.24.201.47 - - [12/Jun/2022:08:35:48 +0700] "POST /cskh-program/user-rights/get-organizations HTTP/1.1" 200 43225 "https://c3.mobifone.vn/cskh-program/app" "Mozilla/5.0 (Windows NT 10.0; Win64; x64) AppleWebKit/537.36 (KHTML, like Gecko) Chrome/102.0.0.0 Safari/537.36"
10.24.201.47 - - [12/Jun/2022:08:35:53 +0700] "GET /cskh-program/assets/img/mbf5G.png HTTP/1.1" 304 0 "https://c3.mobifone.vn/cskh-program/app/rp-aggregation" "Mozilla/5.0 (Windows NT 10.0; Win64; x64) AppleWebKit/537.36 (KHTML, like Gecko) Chrome/102.0.0.0 Safari/537.36"
10.24.201.47 - - [12/Jun/2022:08:35:57 +0700] "GET /cskh-program/static/js/0.e4fd3c80.chunk.js HTTP/1.1" 304 0 "https://c3.mobifone.vn/cskh-program/app/request-form" "Mozilla/5.0 (Windows NT 10.0; Win64; x64) AppleWebKit/537.36 (KHTML, like Gecko) Chrome/102.0.0.0 Safari/537.36"
10.24.201.47 - - [12/Jun/2022:08:35:57 +0700] "GET /cskh-program/static/js/2.2759c4ff.chunk.js HTTP/1.1" 304 0 "https://c3.mobifone.vn/cskh-program/app/request-form" "Mozilla/5.0 (Windows NT 10.0; Win64; x64) AppleWebKit/537.36 (KHTML, like Gecko) Chrome/102.0.0.0 Safari/537.36"
10.24.201.47 - - [12/Jun/2022:08:35:57 +0700] "GET /cskh-program/static/js/1.8c1d6140.chunk.js HTTP/1.1" 304 0 "https://c3.mobifone.vn/cskh-program/app/request-form" "Mozilla/5.0 (Windows NT 10.0; Win64; x64) AppleWebKit/537.36 (KHTML, like Gecko) Chrome/102.0.0.0 Safari/537.36"
10.24.201.47 - - [12/Jun/2022:08:35:57 +0700] "GET /cskh-program/static/css/9.49aa64b4.chunk.css HTTP/1.1" 304 0 "https://c3.mobifone.vn/cskh-program/app/request-form" "Mozilla/5.0 (Windows NT 10.0; Win64; x64) AppleWebKit/537.36 (KHTML, like Gecko) Chrome/102.0.0.0 Safari/537.36"
10.24.201.47 - - [12/Jun/2022:08:35:57 +0700] "GET /cskh-program/static/js/3.bba9a6f8.chunk.js HTTP/1.1" 304 0 "https://c3.mobifone.vn/cskh-program/app/request-form" "Mozilla/5.0 (Windows NT 10.0; Win64; x64) AppleWebKit/537.36 (KHTML, like Gecko) Chrome/102.0.0.0 Safari/537.36"
10.24.201.47 - - [12/Jun/2022:08:35:57 +0700] "GET /cskh-program/static/js/9.c87bd302.chunk.js HTTP/1.1" 304 0 "https://c3.mobifone.vn/cskh-program/app/request-form" "Mozilla/5.0 (Windows NT 10.0; Win64; x64) AppleWebKit/537.36 (KHTML, like Gecko) Chrome/102.0.0.0 Safari/537.36"
10.24.201.47 - - [12/Jun/2022:08:35:57 +0700] "GET /cskh-program/assets/img/mbf5G.png HTTP/1.1" 304 0 "https://c3.mobifone.vn/cskh-program/app/request-form" "Mozilla/5.0 (Windows NT 10.0; Win64; x64) AppleWebKit/537.36 (KHTML, like Gecko) Chrome/102.0.0.0 Safari/537.36"
10.24.201.47 - - [12/Jun/2022:08:35:57 +0700] "POST /cskh-program/api/get-request HTTP/1.1" 200 10759 "https://c3.mobifone.vn/cskh-program/app/request-form" "Mozilla/5.0 (Windows NT 10.0; Win64; x64) AppleWebKit/537.36 (KHTML, like Gecko) Chrome/102.0.0.0 Safari/537.36"
10.24.201.47 - - [12/Jun/2022:08:35:57 +0700] "POST /cskh-program/user-rights/get-granted-users HTTP/1.1" 200 101523 "https://c3.mobifone.vn/cskh-program/app/request-form" "Mozilla/5.0 (Windows NT 10.0; Win64; x64) AppleWebKit/537.36 (KHTML, like Gecko) Chrome/102.0.0.0 Safari/537.36"
113.176.195.123 - - [12/Jun/2022:08:36:36 +0700] "POST /dbl/chonsos/regis_isdn_grid?branch_id=3216&cChuaXacnhan=0&isdn=762666647 HTTP/1.1" 200 11 "https://c3.mobifone.vn/dbl/" "Mozilla/5.0 (Linux; Android 12; SM-F7000) AppleWebKit/537.36 (KHTML, like Gecko) Chrome/102.0.5005.78 Mobile Safari/537.36"
113.176.195.123 - - [12/Jun/2022:08:36:39 +0700] "POST /dbl/chonsos/regis_isdn_grid?branch_id=3216&cChuaXacnhan=0&isdn=762666647 HTTP/1.1" 200 337 "https://c3.mobifone.vn/dbl/" "Mozilla/5.0 (Linux; Android 12; SM-F7000) AppleWebKit/537.36 (KHTML, like Gecko) Chrome/102.0.5005.78 Mobile Safari/537.36"
113.176.195.123 - - [12/Jun/2022:08:37:28 +0700] "POST /dbl/chonsos/regis_isdn_grid?branch_id=3216&cChuaXacnhan=0&isdn=799394379 HTTP/1.1" 200 331 "https://c3.mobifone.vn/dbl/" "Mozilla/5.0 (Linux; Android 12; SM-F7000) AppleWebKit/537.36 (KHTML, like Gecko) Chrome/102.0.5005.78 Mobile Safari/537.36"
117.2.58.57 - - [12/Jun/2022:08:37:39 +0700] "GET /dbl/ HTTP/1.1" 302 0 "-" "Mozilla/5.0 (Windows NT 10.0; WOW64) AppleWebKit/537.36 (KHTML, like Gecko) Chrome/101.0.4951.80 Safari/537.36"
117.2.58.57 - - [12/Jun/2022:08:37:39 +0700] "GET /dbl/login HTTP/1.1" 200 878 "-" "Mozilla/5.0 (Windows NT 10.0; WOW64) AppleWebKit/537.36 (KHTML, like Gecko) Chrome/101.0.4951.80 Safari/537.36"
117.2.58.57 - - [12/Jun/2022:08:37:39 +0700] "GET /dbl/public/css/secure.css HTTP/1.1" 304 0 "https://c3.mobifone.vn/dbl/login" "Mozilla/5.0 (Windows NT 10.0; WOW64) AppleWebKit/537.36 (KHTML, like Gecko) Chrome/101.0.4951.80 Safari/537.36"
117.2.58.57 - - [12/Jun/2022:08:37:39 +0700] "GET /dbl/public/js/jquery-1.9.0.min.js HTTP/1.1" 304 0 "https://c3.mobifone.vn/dbl/login" "Mozilla/5.0 (Windows NT 10.0; WOW64) AppleWebKit/537.36 (KHTML, like Gecko) Chrome/101.0.4951.80 Safari/537.36"
117.2.58.57 - - [12/Jun/2022:08:37:39 +0700] "GET /dbl/public/img/logo.png HTTP/1.1" 304 0 "https://c3.mobifone.vn/dbl/login" "Mozilla/5.0 (Windows NT 10.0; WOW64) AppleWebKit/537.36 (KHTML, like Gecko) Chrome/101.0.4951.80 Safari/537.36"
117.2.58.57 - - [12/Jun/2022:08:37:42 +0700] "GET /dbl/public/img/login/gradient-2.png HTTP/1.1" 304 0 "https://c3.mobifone.vn/dbl/public/css/secure.css" "Mozilla/5.0 (Windows NT 10.0; WOW64) AppleWebKit/537.36 (KHTML, like Gecko) Chrome/101.0.4951.80 Safari/537.36"
117.2.58.57 - - [12/Jun/2022:08:37:43 +0700] "POST /dbl/login HTTP/1.1" 302 0 "https://c3.mobifone.vn/dbl/login" "Mozilla/5.0 (Windows NT 10.0; WOW64) AppleWebKit/537.36 (KHTML, like Gecko) Chrome/101.0.4951.80 Safari/537.36"
117.2.58.57 - - [12/Jun/2022:08:37:43 +0700] "GET /dbl/activeUserForm HTTP/1.1" 200 1432 "-" "Mozilla/5.0 (Windows NT 10.0; WOW64) AppleWebKit/537.36 (KHTML, like Gecko) Chrome/101.0.4951.80 Safari/537.36"
117.2.58.57 - - [12/Jun/2022:08:37:43 +0700] "GET /dbl/public/css/main.css HTTP/1.1" 304 0 "https://c3.mobifone.vn/dbl/activeUserForm" "Mozilla/5.0 (Windows NT 10.0; WOW64) AppleWebKit/537.36 (KHTML, like Gecko) Chrome/101.0.4951.80 Safari/537.36"
117.2.58.57 - - [12/Jun/2022:08:37:43 +0700] "GET /dbl/public/themes/redmond/jquery-ui-1.8.14.css HTTP/1.1" 304 0 "https://c3.mobifone.vn/dbl/activeUserForm" "Mozilla/5.0 (Windows NT 10.0; WOW64) AppleWebKit/537.36 (KHTML, like Gecko) Chrome/101.0.4951.80 Safari/537.36"
117.2.58.57 - - [12/Jun/2022:08:37:43 +0700] "GET /dbl/public/img/front/bg-logo.png HTTP/1.1" 304 0 "https://c3.mobifone.vn/dbl/activeUserForm" "Mozilla/5.0 (Windows NT 10.0; WOW64) AppleWebKit/537.36 (KHTML, like Gecko) Chrome/101.0.4951.80 Safari/537.36"
117.2.58.57 - - [12/Jun/2022:08:37:43 +0700] "GET /dbl/public/img/member/logout.png HTTP/1.1" 304 0 "https://c3.mobifone.vn/dbl/activeUserForm" "Mozilla/5.0 (Windows NT 10.0; WOW64) AppleWebKit/537.36 (KHTML, like Gecko) Chrome/101.0.4951.80 Safari/537.36"
117.2.58.57 - - [12/Jun/2022:08:37:43 +0700] "GET /dbl/public/img/indicator.gif HTTP/1.1" 304 0 "https://c3.mobifone.vn/dbl/activeUserForm" "Mozilla/5.0 (Windows NT 10.0; WOW64) AppleWebKit/537.36 (KHTML, like Gecko) Chrome/101.0.4951.80 Safari/537.36"
117.2.58.57 - - [12/Jun/2022:08:37:44 +0700] "GET /dbl/public/img/front/bg-body.jpg HTTP/1.1" 304 0 "https://c3.mobifone.vn/dbl/public/css/main.css" "Mozilla/5.0 (Windows NT 10.0; WOW64) AppleWebKit/537.36 (KHTML, like Gecko) Chrome/101.0.4951.80 Safari/537.36"
117.2.58.57 - - [12/Jun/2022:08:37:44 +0700] "GET /dbl/public/img/front/menu_bg.jpg HTTP/1.1" 304 0 "https://c3.mobifone.vn/dbl/public/css/main.css" "Mozilla/5.0 (Windows NT 10.0; WOW64) AppleWebKit/537.36 (KHTML, like Gecko) Chrome/101.0.4951.80 Safari/537.36"
117.2.58.57 - - [12/Jun/2022:08:37:44 +0700] "GET /dbl/public/img/front/bg-sitemap.png HTTP/1.1" 304 0 "https://c3.mobifone.vn/dbl/public/css/main.css" "Mozilla/5.0 (Windows NT 10.0; WOW64) AppleWebKit/537.36 (KHTML, like Gecko) Chrome/101.0.4951.80 Safari/537.36"
117.2.58.57 - - [12/Jun/2022:08:37:44 +0700] "GET /dbl/public/img/front/bg-header.jpg HTTP/1.1" 304 0 "https://c3.mobifone.vn/dbl/public/css/main.css" "Mozilla/5.0 (Windows NT 10.0; WOW64) AppleWebKit/537.36 (KHTML, like Gecko) Chrome/101.0.4951.80 Safari/537.36"
10.24.203.71 - - [12/Jun/2022:08:37:44 +0700] "GET /dbl/login HTTP/1.1" 200 878 "-" "Mozilla/5.0 (Windows NT 6.3; WOW64) AppleWebKit/537.36 (KHTML, like Gecko) Chrome/102.0.5005.63 Safari/537.36"
117.2.58.57 - - [12/Jun/2022:08:37:44 +0700] "GET /dbl/public/themes/redmond/images/ui-bg_glass_85_dfeffc_1x400.png HTTP/1.1" 304 0 "https://c3.mobifone.vn/dbl/public/themes/redmond/jquery-ui-1.8.14.css" "Mozilla/5.0 (Windows NT 10.0; WOW64) AppleWebKit/537.36 (KHTML, like Gecko) Chrome/101.0.4951.80 Safari/537.36"
117.2.58.57 - - [12/Jun/2022:08:37:44 +0700] "POST /dbl/activeUser HTTP/1.1" 302 0 "https://c3.mobifone.vn/dbl/activeUserForm" "Mozilla/5.0 (Windows NT 10.0; WOW64) AppleWebKit/537.36 (KHTML, like Gecko) Chrome/101.0.4951.80 Safari/537.36"
159.203.80.245 - - [12/Jun/2022:08:37:44 +0700] "GET /wp-login.php HTTP/1.1" 200 2523 "-" "Mozilla/5.0 (X11; Ubuntu; Linux x86_64; rv:62.0) Gecko/20100101 Firefox/62.0"
117.2.58.57 - - [12/Jun/2022:08:37:44 +0700] "GET /dbl/ HTTP/1.1" 200 6721 "-" "Mozilla/5.0 (Windows NT 10.0; WOW64) AppleWebKit/537.36 (KHTML, like Gecko) Chrome/101.0.4951.80 Safari/537.36"
117.2.58.57 - - [12/Jun/2022:08:37:45 +0700] "GET /dbl/public/js/jqgrid/ui.jqgrid.css HTTP/1.1" 304 0 "https://c3.mobifone.vn/dbl/" "Mozilla/5.0 (Windows NT 10.0; WOW64) AppleWebKit/537.36 (KHTML, like Gecko) Chrome/101.0.4951.80 Safari/537.36"
117.2.58.57 - - [12/Jun/2022:08:37:45 +0700] "GET /dbl/public/js/contextmenu/contextmenu.css HTTP/1.1" 304 0 "https://c3.mobifone.vn/dbl/" "Mozilla/5.0 (Windows NT 10.0; WOW64) AppleWebKit/537.36 (KHTML, like Gecko) Chrome/101.0.4951.80 Safari/537.36"
117.2.58.57 - - [12/Jun/2022:08:37:45 +0700] "GET /dbl/public/js/jquery-1.11.0.min.js HTTP/1.1" 304 0 "https://c3.mobifone.vn/dbl/" "Mozilla/5.0 (Windows NT 10.0; WOW64) AppleWebKit/537.36 (KHTML, like Gecko) Chrome/101.0.4951.80 Safari/537.36"
117.2.58.57 - - [12/Jun/2022:08:37:45 +0700] "GET /dbl/public/js/qtip2/jquery.qtip.min.css HTTP/1.1" 304 0 "https://c3.mobifone.vn/dbl/" "Mozilla/5.0 (Windows NT 10.0; WOW64) AppleWebKit/537.36 (KHTML, like Gecko) Chrome/101.0.4951.80 Safari/537.36"
117.2.58.57 - - [12/Jun/2022:08:37:45 +0700] "GET /dbl/public/js/superfish/superfish.css HTTP/1.1" 304 0 "https://c3.mobifone.vn/dbl/" "Mozilla/5.0 (Windows NT 10.0; WOW64) AppleWebKit/537.36 (KHTML, like Gecko) Chrome/101.0.4951.80 Safari/537.36"
117.2.58.57 - - [12/Jun/2022:08:37:45 +0700] "GET /dbl/public/js/jquery.browse.min.js HTTP/1.1" 304 0 "https://c3.mobifone.vn/dbl/" "Mozilla/5.0 (Windows NT 10.0; WOW64) AppleWebKit/537.36 (KHTML, like Gecko) Chrome/101.0.4951.80 Safari/537.36"
117.2.58.57 - - [12/Jun/2022:08:37:45 +0700] "GET /dbl/public/js/jqgrid/jquery.jqGrid.4.6.0.js HTTP/1.1" 304 0 "https://c3.mobifone.vn/dbl/" "Mozilla/5.0 (Windows NT 10.0; WOW64) AppleWebKit/537.36 (KHTML, like Gecko) Chrome/101.0.4951.80 Safari/537.36"
117.2.58.57 - - [12/Jun/2022:08:37:45 +0700] "GET /dbl/public/js/jquery.history.min.js HTTP/1.1" 304 0 "https://c3.mobifone.vn/dbl/" "Mozilla/5.0 (Windows NT 10.0; WOW64) AppleWebKit/537.36 (KHTML, like Gecko) Chrome/101.0.4951.80 Safari/537.36"
