117.2.58.57 - - [12/Jun/2022:08:37:45 +0700] "GET /dbl/public/js/jquery-ui-1.9.2.min.js HTTP/1.1" 304 0 "https://c3.mobifone.vn/dbl/" "Mozilla/5.0 (Windows NT 10.0; WOW64) AppleWebKit/537.36 (KHTML, like Gecko) Chrome/101.0.4951.80 Safari/537.36"
117.2.58.57 - - [12/Jun/2022:08:37:45 +0700] "GET /dbl/public/js/jqgrid/grid.locale-vi_VN.js HTTP/1.1" 304 0 "https://c3.mobifone.vn/dbl/" "Mozilla/5.0 (Windows NT 10.0; WOW64) AppleWebKit/537.36 (KHTML, like Gecko) Chrome/101.0.4951.80 Safari/537.36"
117.2.58.57 - - [12/Jun/2022:08:37:45 +0700] "GET /dbl/public/js/superfish/hoverIntent.js HTTP/1.1" 304 0 "https://c3.mobifone.vn/dbl/" "Mozilla/5.0 (Windows NT 10.0; WOW64) AppleWebKit/537.36 (KHTML, like Gecko) Chrome/101.0.4951.80 Safari/537.36"
117.2.58.57 - - [12/Jun/2022:08:37:45 +0700] "GET /dbl/public/js/numberFormatter/jshashtable-2.1.js HTTP/1.1" 304 0 "https://c3.mobifone.vn/dbl/" "Mozilla/5.0 (Windows NT 10.0; WOW64) AppleWebKit/537.36 (KHTML, like Gecko) Chrome/101.0.4951.80 Safari/537.36"
117.2.58.57 - - [12/Jun/2022:08:37:45 +0700] "GET /dbl/public/js/date.js HTTP/1.1" 304 0 "https://c3.mobifone.vn/dbl/" "Mozilla/5.0 (Windows NT 10.0; WOW64) AppleWebKit/537.36 (KHTML, like Gecko) Chrome/101.0.4951.80 Safari/537.36"
117.2.58.57 - - [12/Jun/2022:08:37:45 +0700] "GET /dbl/public/js/superfish/superfish.js HTTP/1.1" 304 0 "https://c3.mobifone.vn/dbl/" "Mozilla/5.0 (Windows NT 10.0; WOW64) AppleWebKit/537.36 (KHTML, like Gecko) Chrome/101.0.4951.80 Safari/537.36"
117.2.58.57 - - [12/Jun/2022:08:37:45 +0700] "GET /dbl/public/js/qtip2/jquery.qtip.min.js HTTP/1.1" 304 0 "https://c3.mobifone.vn/dbl/" "Mozilla/5.0 (Windows NT 10.0; WOW64) AppleWebKit/537.36 (KHTML, like Gecko) Chrome/101.0.4951.80 Safari/537.36"
117.2.58.57 - - [12/Jun/2022:08:37:45 +0700] "GET /dbl/public/js/superfish/supersubs.js HTTP/1.1" 304 0 "https://c3.mobifone.vn/dbl/" "Mozilla/5.0 (Windows NT 10.0; WOW64) AppleWebKit/537.36 (KHTML, like Gecko) Chrome/101.0.4951.80 Safari/537.36"
10.24.203.71 - - [12/Jun/2022:08:37:45 +0700] "POST /dbl/login HTTP/1.1" 302 0 "https://c3.mobifone.vn/dbl/login" "Mozilla/5.0 (Windows NT 6.3; WOW64) AppleWebKit/537.36 (KHTML, like Gecko) Chrome/102.0.5005.63 Safari/537.36"
10.24.203.71 - - [12/Jun/2022:08:37:45 +0700] "GET /dbl/activeUserForm HTTP/1.1" 200 1448 "-" "Mozilla/5.0 (Windows NT 6.3; WOW64) AppleWebKit/537.36 (KHTML, like Gecko) Chrome/102.0.5005.63 Safari/537.36"
10.24.203.71 - - [12/Jun/2022:08:37:46 +0700] "POST /dbl/activeUser HTTP/1.1" 302 0 "https://c3.mobifone.vn/dbl/activeUserForm" "Mozilla/5.0 (Windows NT 6.3; WOW64) AppleWebKit/537.36 (KHTML, like Gecko) Chrome/102.0.5005.63 Safari/537.36"
159.203.80.245 - - [12/Jun/2022:08:37:46 +0700] "POST /wp-login.php HTTP/1.1" 200 2671 "-" "Mozilla/5.0 (X11; Ubuntu; Linux x86_64; rv:62.0) Gecko/20100101 Firefox/62.0"
117.2.58.57 - - [12/Jun/2022:08:37:46 +0700] "GET /dbl/public/js/numberFormatter/jquery.numberformatter-1.2.4.min.js HTTP/1.1" 304 0 "https://c3.mobifone.vn/dbl/" "Mozilla/5.0 (Windows NT 10.0; WOW64) AppleWebKit/537.36 (KHTML, like Gecko) Chrome/101.0.4951.80 Safari/537.36"
117.2.58.57 - - [12/Jun/2022:08:37:46 +0700] "GET /dbl/public/js/common.js HTTP/1.1" 304 0 "https://c3.mobifone.vn/dbl/" "Mozilla/5.0 (Windows NT 10.0; WOW64) AppleWebKit/537.36 (KHTML, like Gecko) Chrome/101.0.4951.80 Safari/537.36"
10.24.203.71 - - [12/Jun/2022:08:37:46 +0700] "GET /dbl/ HTTP/1.1" 200 6727 "-" "Mozilla/5.0 (Windows NT 6.3; WOW64) AppleWebKit/537.36 (KHTML, like Gecko) Chrome/102.0.5005.63 Safari/537.36"
117.2.58.57 - - [12/Jun/2022:08:37:46 +0700] "GET /dbl/public/img/member/changepass.png HTTP/1.1" 304 0 "https://c3.mobifone.vn/dbl/" "Mozilla/5.0 (Windows NT 10.0; WOW64) AppleWebKit/537.36 (KHTML, like Gecko) Chrome/101.0.4951.80 Safari/537.36"
117.2.58.57 - - [12/Jun/2022:08:37:46 +0700] "GET /dbl/public/js/superfish/images/slash.png HTTP/1.1" 304 0 "https://c3.mobifone.vn/dbl/public/js/superfish/superfish.css" "Mozilla/5.0 (Windows NT 10.0; WOW64) AppleWebKit/537.36 (KHTML, like Gecko) Chrome/101.0.4951.80 Safari/537.36"
117.2.58.57 - - [12/Jun/2022:08:37:46 +0700] "GET /dbl/public/js/superfish/images/arrows-ffffff.png HTTP/1.1" 304 0 "https://c3.mobifone.vn/dbl/public/js/superfish/superfish.css" "Mozilla/5.0 (Windows NT 10.0; WOW64) AppleWebKit/537.36 (KHTML, like Gecko) Chrome/101.0.4951.80 Safari/537.36"
117.2.58.57 - - [12/Jun/2022:08:37:46 +0700] "GET /dbl/admin/checksession HTTP/1.1" 200 6 "https://c3.mobifone.vn/dbl/" "Mozilla/5.0 (Windows NT 10.0; WOW64) AppleWebKit/537.36 (KHTML, like Gecko) Chrome/101.0.4951.80 Safari/537.36"
10.24.203.71 - - [12/Jun/2022:08:37:46 +0700] "GET /dbl/admin/checksession HTTP/1.1" 200 6 "https://c3.mobifone.vn/dbl/" "Mozilla/5.0 (Windows NT 6.3; WOW64) AppleWebKit/537.36 (KHTML, like Gecko) Chrome/102.0.5005.63 Safari/537.36"
117.2.58.57 - - [12/Jun/2022:08:37:46 +0700] "GET /dbl/public/js/superfish/images/shadow.png HTTP/1.1" 304 0 "https://c3.mobifone.vn/dbl/public/js/superfish/superfish.css" "Mozilla/5.0 (Windows NT 10.0; WOW64) AppleWebKit/537.36 (KHTML, like Gecko) Chrome/101.0.4951.80 Safari/537.36"
117.2.58.57 - - [12/Jun/2022:08:37:46 +0700] "GET /dbl/public/js/superfish/images/menu_hover_red2.png HTTP/1.1" 304 0 "https://c3.mobifone.vn/dbl/public/js/superfish/superfish.css" "Mozilla/5.0 (Windows NT 10.0; WOW64) AppleWebKit/537.36 (KHTML, like Gecko) Chrome/101.0.4951.80 Safari/537.36"
10.24.203.71 - - [12/Jun/2022:08:37:46 +0700] "GET /dbl/admin/checksession HTTP/1.1" 200 6 "https://c3.mobifone.vn/dbl/" "Mozilla/5.0 (Windows NT 6.3; WOW64) AppleWebKit/537.36 (KHTML, like Gecko) Chrome/102.0.5005.63 Safari/537.36"
117.2.58.57 - - [12/Jun/2022:08:37:46 +0700] "GET /dbl/admin/checksession HTTP/1.1" 200 6 "https://c3.mobifone.vn/dbl/" "Mozilla/5.0 (Windows NT 10.0; WOW64) AppleWebKit/537.36 (KHTML, like Gecko) Chrome/101.0.4951.80 Safari/537.36"
10.24.203.71 - - [12/Jun/2022:08:37:47 +0700] "GET /dbl/viewlog?rd=88557.96231618874 HTTP/1.1" 200 1548 "https://c3.mobifone.vn/dbl/" "Mozilla/5.0 (Windows NT 6.3; WOW64) AppleWebKit/537.36 (KHTML, like Gecko) Chrome/102.0.5005.63 Safari/537.36"
117.2.58.57 - - [12/Jun/2022:08:37:47 +0700] "GET /dbl/viewlog?rd=79617.59128035296 HTTP/1.1" 200 1548 "https://c3.mobifone.vn/dbl/" "Mozilla/5.0 (Windows NT 10.0; WOW64) AppleWebKit/537.36 (KHTML, like Gecko) Chrome/101.0.4951.80 Safari/537.36"
117.2.58.57 - - [12/Jun/2022:08:37:47 +0700] "GET /dbl/public/themes/redmond/images/ui-bg_inset-hard_100_fcfdfd_1x100.png HTTP/1.1" 304 0 "https://c3.mobifone.vn/dbl/public/themes/redmond/jquery-ui-1.8.14.css" "Mozilla/5.0 (Windows NT 10.0; WOW64) AppleWebKit/537.36 (KHTML, like Gecko) Chrome/101.0.4951.80 Safari/537.36"
117.2.58.57 - - [12/Jun/2022:08:37:47 +0700] "GET /dbl/public/themes/redmond/images/ui-bg_inset-hard_100_f5f8f9_1x100.png HTTP/1.1" 304 0 "https://c3.mobifone.vn/dbl/public/themes/redmond/jquery-ui-1.8.14.css" "Mozilla/5.0 (Windows NT 10.0; WOW64) AppleWebKit/537.36 (KHTML, like Gecko) Chrome/101.0.4951.80 Safari/537.36"
117.2.58.57 - - [12/Jun/2022:08:37:47 +0700] "GET /dbl/public/themes/redmond/images/ui-icons_6da8d5_256x240.png HTTP/1.1" 304 0 "https://c3.mobifone.vn/dbl/public/themes/redmond/jquery-ui-1.8.14.css" "Mozilla/5.0 (Windows NT 10.0; WOW64) AppleWebKit/537.36 (KHTML, like Gecko) Chrome/101.0.4951.80 Safari/537.36"
117.2.58.57 - - [12/Jun/2022:08:37:47 +0700] "GET /dbl/public/themes/redmond/images/ui-bg_gloss-wave_55_5c9ccc_500x100.png HTTP/1.1" 304 0 "https://c3.mobifone.vn/dbl/public/themes/redmond/jquery-ui-1.8.14.css" "Mozilla/5.0 (Windows NT 10.0; WOW64) AppleWebKit/537.36 (KHTML, like Gecko) Chrome/101.0.4951.80 Safari/537.36"
10.24.203.71 - - [12/Jun/2022:08:37:47 +0700] "POST /dbl/application/getlog_view_grid? HTTP/1.1" 200 6891 "https://c3.mobifone.vn/dbl/" "Mozilla/5.0 (Windows NT 6.3; WOW64) AppleWebKit/537.36 (KHTML, like Gecko) Chrome/102.0.5005.63 Safari/537.36"
117.2.58.57 - - [12/Jun/2022:08:37:47 +0700] "POST /dbl/application/getlog_view_grid? HTTP/1.1" 200 6912 "https://c3.mobifone.vn/dbl/" "Mozilla/5.0 (Windows NT 10.0; WOW64) AppleWebKit/537.36 (KHTML, like Gecko) Chrome/101.0.4951.80 Safari/537.36"
159.203.80.245 - - [12/Jun/2022:08:37:47 +0700] "POST /xmlrpc.php HTTP/1.1" 200 436 "-" "Mozilla/5.0 (X11; Ubuntu; Linux x86_64; rv:62.0) Gecko/20100101 Firefox/62.0"
117.2.58.57 - - [12/Jun/2022:08:37:48 +0700] "GET /dbl/admin/checksession HTTP/1.1" 200 6 "https://c3.mobifone.vn/dbl/" "Mozilla/5.0 (Windows NT 10.0; WOW64) AppleWebKit/537.36 (KHTML, like Gecko) Chrome/101.0.4951.80 Safari/537.36"
117.2.58.57 - - [12/Jun/2022:08:37:48 +0700] "GET /dbl/public/themes/redmond/images/ui-bg_glass_75_d0e5f5_1x400.png HTTP/1.1" 304 0 "https://c3.mobifone.vn/dbl/public/themes/redmond/jquery-ui-1.8.14.css" "Mozilla/5.0 (Windows NT 10.0; WOW64) AppleWebKit/537.36 (KHTML, like Gecko) Chrome/101.0.4951.80 Safari/537.36"
117.2.58.57 - - [12/Jun/2022:08:37:48 +0700] "GET /dbl/Chonsos/xac_nhan?rd=61902.30002403394 HTTP/1.1" 200 4004 "https://c3.mobifone.vn/dbl/" "Mozilla/5.0 (Windows NT 10.0; WOW64) AppleWebKit/537.36 (KHTML, like Gecko) Chrome/101.0.4951.80 Safari/537.36"
117.2.58.57 - - [12/Jun/2022:08:37:48 +0700] "GET /dbl/public/js/select2/select2.css HTTP/1.1" 304 0 "https://c3.mobifone.vn/dbl/" "Mozilla/5.0 (Windows NT 10.0; WOW64) AppleWebKit/537.36 (KHTML, like Gecko) Chrome/101.0.4951.80 Safari/537.36"
117.2.58.57 - - [12/Jun/2022:08:37:48 +0700] "GET /dbl/public/js/select2/select2.js?_=1654997866035 HTTP/1.1" 200 137384 "https://c3.mobifone.vn/dbl/" "Mozilla/5.0 (Windows NT 10.0; WOW64) AppleWebKit/537.36 (KHTML, like Gecko) Chrome/101.0.4951.80 Safari/537.36"
117.2.58.57 - - [12/Jun/2022:08:37:48 +0700] "GET /dbl/public/js/select2/select2_locale_vi.js?_=1654997866036 HTTP/1.1" 200 927 "https://c3.mobifone.vn/dbl/" "Mozilla/5.0 (Windows NT 10.0; WOW64) AppleWebKit/537.36 (KHTML, like Gecko) Chrome/101.0.4951.80 Safari/537.36"
117.2.58.57 - - [12/Jun/2022:08:37:48 +0700] "GET /dbl/public/js/select2/select2.png HTTP/1.1" 304 0 "https://c3.mobifone.vn/dbl/public/js/select2/select2.css" "Mozilla/5.0 (Windows NT 10.0; WOW64) AppleWebKit/537.36 (KHTML, like Gecko) Chrome/101.0.4951.80 Safari/537.36"
117.2.58.57 - - [12/Jun/2022:08:37:49 +0700] "GET /dbl/public/themes/redmond/images/ui-icons_469bdd_256x240.png HTTP/1.1" 304 0 "https://c3.mobifone.vn/dbl/public/themes/redmond/jquery-ui-1.8.14.css" "Mozilla/5.0 (Windows NT 10.0; WOW64) AppleWebKit/537.36 (KHTML, like Gecko) Chrome/101.0.4951.80 Safari/537.36"
117.2.58.57 - - [12/Jun/2022:08:37:50 +0700] "POST /dbl/chonsos/regis_isdn_grid?branch_id=3018&cChuaXacnhan=0&isdn= HTTP/1.1" 200 16051 "https://c3.mobifone.vn/dbl/" "Mozilla/5.0 (Windows NT 10.0; WOW64) AppleWebKit/537.36 (KHTML, like Gecko) Chrome/101.0.4951.80 Safari/537.36"
117.2.58.57 - - [12/Jun/2022:08:37:50 +0700] "GET /dbl/public/img/grid/checked.gif HTTP/1.1" 304 0 "https://c3.mobifone.vn/dbl/" "Mozilla/5.0 (Windows NT 10.0; WOW64) AppleWebKit/537.36 (KHTML, like Gecko) Chrome/101.0.4951.80 Safari/537.36"
117.2.58.57 - - [12/Jun/2022:08:37:50 +0700] "GET /dbl/public/img/grid/button-delete.gif HTTP/1.1" 304 0 "https://c3.mobifone.vn/dbl/" "Mozilla/5.0 (Windows NT 10.0; WOW64) AppleWebKit/537.36 (KHTML, like Gecko) Chrome/101.0.4951.80 Safari/537.36"
117.2.58.57 - - [12/Jun/2022:08:37:50 +0700] "GET /dbl/public/img/grid/history.png HTTP/1.1" 304 0 "https://c3.mobifone.vn/dbl/" "Mozilla/5.0 (Windows NT 10.0; WOW64) AppleWebKit/537.36 (KHTML, like Gecko) Chrome/101.0.4951.80 Safari/537.36"
10.24.203.71 - - [12/Jun/2022:08:37:50 +0700] "GET /dbl/public/themes/redmond/images/ui-icons_217bc0_256x240.png HTTP/1.1" 304 0 "https://c3.mobifone.vn/dbl/public/themes/redmond/jquery-ui-1.8.14.css" "Mozilla/5.0 (Windows NT 6.3; WOW64) AppleWebKit/537.36 (KHTML, like Gecko) Chrome/102.0.5005.63 Safari/537.36"
10.24.203.71 - - [12/Jun/2022:08:37:52 +0700] "GET /dbl/admin/checksession HTTP/1.1" 200 6 "https://c3.mobifone.vn/dbl/" "Mozilla/5.0 (Windows NT 6.3; WOW64) AppleWebKit/537.36 (KHTML, like Gecko) Chrome/102.0.5005.63 Safari/537.36"
10.24.203.71 - - [12/Jun/2022:08:37:52 +0700] "GET /dbl/Chonsos/xac_nhan?rd=76548.90811647623 HTTP/1.1" 200 4011 "https://c3.mobifone.vn/dbl/" "Mozilla/5.0 (Windows NT 6.3; WOW64) AppleWebKit/537.36 (KHTML, like Gecko) Chrome/102.0.5005.63 Safari/537.36"
10.24.203.71 - - [12/Jun/2022:08:37:52 +0700] "GET /dbl/public/js/select2/select2.js?_=1654997866606 HTTP/1.1" 200 137370 "https://c3.mobifone.vn/dbl/" "Mozilla/5.0 (Windows NT 6.3; WOW64) AppleWebKit/537.36 (KHTML, like Gecko) Chrome/102.0.5005.63 Safari/537.36"
10.24.203.71 - - [12/Jun/2022:08:37:52 +0700] "GET /dbl/public/js/select2/select2_locale_vi.js?_=1654997866607 HTTP/1.1" 200 927 "https://c3.mobifone.vn/dbl/" "Mozilla/5.0 (Windows NT 6.3; WOW64) AppleWebKit/537.36 (KHTML, like Gecko) Chrome/102.0.5005.63 Safari/537.36"
171.225.250.235 - - [12/Jun/2022:08:37:53 +0700] "POST /dbl/chonsos/regis_isdn_grid?branch_id=3216&cChuaXacnhan=0&isdn= HTTP/1.1" 200 16333 "https://c3.mobifone.vn/dbl/" "Mozilla/5.0 (Windows NT 10.0; Win64; x64) AppleWebKit/537.36 (KHTML, like Gecko) Chrome/102.0.5005.115 Safari/537.36"
171.225.250.235 - - [12/Jun/2022:08:37:53 +0700] "POST /dbl/chonsos/regis_isdn_grid?branch_id=3216&cChuaXacnhan=0&isdn= HTTP/1.1" 200 16333 "https://c3.mobifone.vn/dbl/" "Mozilla/5.0 (Windows NT 10.0; Win64; x64) AppleWebKit/537.36 (KHTML, like Gecko) Chrome/102.0.5005.115 Safari/537.36"
10.24.203.71 - - [12/Jun/2022:08:37:57 +0700] "POST /dbl/chonsos/regis_isdn_grid?branch_id=3268&cChuaXacnhan=0&isdn=670867 HTTP/1.1" 200 323 "https://c3.mobifone.vn/dbl/" "Mozilla/5.0 (Windows NT 6.3; WOW64) AppleWebKit/537.36 (KHTML, like Gecko) Chrome/102.0.5005.63 Safari/537.36"
10.24.203.71 - - [12/Jun/2022:08:37:58 +0700] "GET /dbl/public/themes/redmond/images/ui-icons_d8e7f3_256x240.png HTTP/1.1" 304 0 "https://c3.mobifone.vn/dbl/public/themes/redmond/jquery-ui-1.8.14.css" "Mozilla/5.0 (Windows NT 6.3; WOW64) AppleWebKit/537.36 (KHTML, like Gecko) Chrome/102.0.5005.63 Safari/537.36"
10.24.203.71 - - [12/Jun/2022:08:37:58 +0700] "GET /dbl/public/themes/redmond/images/ui-bg_flat_0_aaaaaa_40x100.png HTTP/1.1" 304 0 "https://c3.mobifone.vn/dbl/public/themes/redmond/jquery-ui-1.8.14.css" "Mozilla/5.0 (Windows NT 6.3; WOW64) AppleWebKit/537.36 (KHTML, like Gecko) Chrome/102.0.5005.63 Safari/537.36"
10.24.203.71 - - [12/Jun/2022:08:37:58 +0700] "GET /dbl/admin/checksession HTTP/1.1" 200 6 "https://c3.mobifone.vn/dbl/" "Mozilla/5.0 (Windows NT 6.3; WOW64) AppleWebKit/537.36 (KHTML, like Gecko) Chrome/102.0.5005.63 Safari/537.36"
10.24.203.71 - - [12/Jun/2022:08:37:58 +0700] "GET /dbl/public/themes/redmond/images/ui-bg_flat_55_fbec88_40x100.png HTTP/1.1" 304 0 "https://c3.mobifone.vn/dbl/public/themes/redmond/jquery-ui-1.8.14.css" "Mozilla/5.0 (Windows NT 6.3; WOW64) AppleWebKit/537.36 (KHTML, like Gecko) Chrome/102.0.5005.63 Safari/537.36"
10.24.203.71 - - [12/Jun/2022:08:37:59 +0700] "POST /dbl/chonsos/xac_nhan_detail HTTP/1.1" 200 2341 "https://c3.mobifone.vn/dbl/" "Mozilla/5.0 (Windows NT 6.3; WOW64) AppleWebKit/537.36 (KHTML, like Gecko) Chrome/102.0.5005.63 Safari/537.36"
10.24.203.71 - - [12/Jun/2022:08:38:00 +0700] "POST /dbl/chonsos/do_xac_nhan HTTP/1.1" 200 6 "https://c3.mobifone.vn/dbl/" "Mozilla/5.0 (Windows NT 6.3; WOW64) AppleWebKit/537.36 (KHTML, like Gecko) Chrome/102.0.5005.63 Safari/537.36"
10.24.203.71 - - [12/Jun/2022:08:38:01 +0700] "POST /dbl/chonsos/regis_isdn_grid?branch_id=3268&cChuaXacnhan=0&isdn=670867 HTTP/1.1" 200 11 "https://c3.mobifone.vn/dbl/" "Mozilla/5.0 (Windows NT 6.3; WOW64) AppleWebKit/537.36 (KHTML, like Gecko) Chrome/102.0.5005.63 Safari/537.36"
10.24.203.71 - - [12/Jun/2022:08:38:06 +0700] "POST /dbl/chonsos/regis_isdn_grid?branch_id=3268&cChuaXacnhan=0&isdn=678067 HTTP/1.1" 200 323 "https://c3.mobifone.vn/dbl/" "Mozilla/5.0 (Windows NT 6.3; WOW64) AppleWebKit/537.36 (KHTML, like Gecko) Chrome/102.0.5005.63 Safari/537.36"
10.24.203.71 - - [12/Jun/2022:08:38:06 +0700] "GET /dbl/admin/checksession HTTP/1.1" 200 6 "https://c3.mobifone.vn/dbl/" "Mozilla/5.0 (Windows NT 6.3; WOW64) AppleWebKit/537.36 (KHTML, like Gecko) Chrome/102.0.5005.63 Safari/537.36"
10.24.199.135 - - [12/Jun/2022:08:38:07 +0700] "GET /dbl/login HTTP/1.1" 200 879 "-" "Mozilla/5.0 (Windows NT 6.1; WOW64) AppleWebKit/537.36 (KHTML, like Gecko) Chrome/102.0.0.0 Safari/537.36"
10.24.203.71 - - [12/Jun/2022:08:38:07 +0700] "POST /dbl/chonsos/xac_nhan_detail HTTP/1.1" 200 2341 "https://c3.mobifone.vn/dbl/" "Mozilla/5.0 (Windows NT 6.3; WOW64) AppleWebKit/537.36 (KHTML, like Gecko) Chrome/102.0.5005.63 Safari/537.36"
10.24.199.135 - - [12/Jun/2022:08:38:07 +0700] "GET /dbl/public/css/secure.css HTTP/1.1" 304 0 "https://c3.mobifone.vn/dbl/login" "Mozilla/5.0 (Windows NT 6.1; WOW64) AppleWebKit/537.36 (KHTML, like Gecko) Chrome/102.0.0.0 Safari/537.36"
10.24.199.135 - - [12/Jun/2022:08:38:07 +0700] "GET /dbl/public/js/jquery-1.9.0.min.js HTTP/1.1" 304 0 "https://c3.mobifone.vn/dbl/login" "Mozilla/5.0 (Windows NT 6.1; WOW64) AppleWebKit/537.36 (KHTML, like Gecko) Chrome/102.0.0.0 Safari/537.36"
10.24.199.135 - - [12/Jun/2022:08:38:07 +0700] "GET /dbl/public/img/logo.png HTTP/1.1" 304 0 "https://c3.mobifone.vn/dbl/login" "Mozilla/5.0 (Windows NT 6.1; WOW64) AppleWebKit/537.36 (KHTML, like Gecko) Chrome/102.0.0.0 Safari/537.36"
10.24.199.135 - - [12/Jun/2022:08:38:08 +0700] "GET /dbl/public/img/login/gradient-2.png HTTP/1.1" 304 0 "https://c3.mobifone.vn/dbl/public/css/secure.css" "Mozilla/5.0 (Windows NT 6.1; WOW64) AppleWebKit/537.36 (KHTML, like Gecko) Chrome/102.0.0.0 Safari/537.36"
10.24.203.71 - - [12/Jun/2022:08:38:08 +0700] "POST /dbl/chonsos/do_xac_nhan HTTP/1.1" 200 6 "https://c3.mobifone.vn/dbl/" "Mozilla/5.0 (Windows NT 6.3; WOW64) AppleWebKit/537.36 (KHTML, like Gecko) Chrome/102.0.5005.63 Safari/537.36"
10.24.203.71 - - [12/Jun/2022:08:38:09 +0700] "POST /dbl/chonsos/regis_isdn_grid?branch_id=3268&cChuaXacnhan=0&isdn=678067 HTTP/1.1" 200 11 "https://c3.mobifone.vn/dbl/" "Mozilla/5.0 (Windows NT 6.3; WOW64) AppleWebKit/537.36 (KHTML, like Gecko) Chrome/102.0.5005.63 Safari/537.36"
10.24.199.135 - - [12/Jun/2022:08:38:09 +0700] "POST /dbl/login HTTP/1.1" 302 0 "https://c3.mobifone.vn/dbl/login" "Mozilla/5.0 (Windows NT 6.1; WOW64) AppleWebKit/537.36 (KHTML, like Gecko) Chrome/102.0.0.0 Safari/537.36"
10.24.199.135 - - [12/Jun/2022:08:38:09 +0700] "GET /dbl/activeUserForm HTTP/1.1" 200 1427 "-" "Mozilla/5.0 (Windows NT 6.1; WOW64) AppleWebKit/537.36 (KHTML, like Gecko) Chrome/102.0.0.0 Safari/537.36"
10.24.199.135 - - [12/Jun/2022:08:38:10 +0700] "GET /dbl/public/themes/redmond/jquery-ui-1.8.14.css HTTP/1.1" 304 0 "https://c3.mobifone.vn/dbl/activeUserForm" "Mozilla/5.0 (Windows NT 6.1; WOW64) AppleWebKit/537.36 (KHTML, like Gecko) Chrome/102.0.0.0 Safari/537.36"
10.24.199.135 - - [12/Jun/2022:08:38:10 +0700] "GET /dbl/public/css/main.css HTTP/1.1" 304 0 "https://c3.mobifone.vn/dbl/activeUserForm" "Mozilla/5.0 (Windows NT 6.1; WOW64) AppleWebKit/537.36 (KHTML, like Gecko) Chrome/102.0.0.0 Safari/537.36"
10.24.199.135 - - [12/Jun/2022:08:38:10 +0700] "GET /dbl/public/img/member/logout.png HTTP/1.1" 304 0 "https://c3.mobifone.vn/dbl/activeUserForm" "Mozilla/5.0 (Windows NT 6.1; WOW64) AppleWebKit/537.36 (KHTML, like Gecko) Chrome/102.0.0.0 Safari/537.36"
10.24.199.135 - - [12/Jun/2022:08:38:10 +0700] "GET /dbl/public/img/indicator.gif HTTP/1.1" 304 0 "https://c3.mobifone.vn/dbl/activeUserForm" "Mozilla/5.0 (Windows NT 6.1; WOW64) AppleWebKit/537.36 (KHTML, like Gecko) Chrome/102.0.0.0 Safari/537.36"
10.24.199.135 - - [12/Jun/2022:08:38:10 +0700] "GET /dbl/public/img/front/bg-logo.png HTTP/1.1" 304 0 "https://c3.mobifone.vn/dbl/activeUserForm" "Mozilla/5.0 (Windows NT 6.1; WOW64) AppleWebKit/537.36 (KHTML, like Gecko) Chrome/102.0.0.0 Safari/537.36"
10.24.199.135 - - [12/Jun/2022:08:38:10 +0700] "GET /dbl/public/img/front/bg-header.jpg HTTP/1.1" 304 0 "https://c3.mobifone.vn/dbl/public/css/main.css" "Mozilla/5.0 (Windows NT 6.1; WOW64) AppleWebKit/537.36 (KHTML, like Gecko) Chrome/102.0.0.0 Safari/537.36"
10.24.199.135 - - [12/Jun/2022:08:38:10 +0700] "GET /dbl/public/img/front/bg-body.jpg HTTP/1.1" 304 0 "https://c3.mobifone.vn/dbl/public/css/main.css" "Mozilla/5.0 (Windows NT 6.1; WOW64) AppleWebKit/537.36 (KHTML, like Gecko) Chrome/102.0.0.0 Safari/537.36"
10.24.199.135 - - [12/Jun/2022:08:38:10 +0700] "GET /dbl/public/img/front/menu_bg.jpg HTTP/1.1" 304 0 "https://c3.mobifone.vn/dbl/public/css/main.css" "Mozilla/5.0 (Windows NT 6.1; WOW64) AppleWebKit/537.36 (KHTML, like Gecko) Chrome/102.0.0.0 Safari/537.36"
10.24.199.135 - - [12/Jun/2022:08:38:10 +0700] "GET /dbl/public/themes/redmond/images/ui-bg_glass_85_dfeffc_1x400.png HTTP/1.1" 304 0 "https://c3.mobifone.vn/dbl/public/themes/redmond/jquery-ui-1.8.14.css" "Mozilla/5.0 (Windows NT 6.1; WOW64) AppleWebKit/537.36 (KHTML, like Gecko) Chrome/102.0.0.0 Safari/537.36"
10.24.199.135 - - [12/Jun/2022:08:38:10 +0700] "GET /dbl/public/img/front/bg-sitemap.png HTTP/1.1" 304 0 "https://c3.mobifone.vn/dbl/public/css/main.css" "Mozilla/5.0 (Windows NT 6.1; WOW64) AppleWebKit/537.36 (KHTML, like Gecko) Chrome/102.0.0.0 Safari/537.36"
10.24.199.135 - - [12/Jun/2022:08:38:10 +0700] "POST /dbl/activeUser HTTP/1.1" 302 0 "https://c3.mobifone.vn/dbl/activeUserForm" "Mozilla/5.0 (Windows NT 6.1; WOW64) AppleWebKit/537.36 (KHTML, like Gecko) Chrome/102.0.0.0 Safari/537.36"
117.2.58.57 - - [12/Jun/2022:08:38:10 +0700] "GET /dbl/public/themes/redmond/images/ui-bg_flat_0_aaaaaa_40x100.png HTTP/1.1" 304 0 "https://c3.mobifone.vn/dbl/public/themes/redmond/jquery-ui-1.8.14.css" "Mozilla/5.0 (Windows NT 10.0; WOW64) AppleWebKit/537.36 (KHTML, like Gecko) Chrome/101.0.4951.80 Safari/537.36"
117.2.58.57 - - [12/Jun/2022:08:38:10 +0700] "GET /dbl/public/themes/redmond/images/ui-icons_d8e7f3_256x240.png HTTP/1.1" 304 0 "https://c3.mobifone.vn/dbl/public/themes/redmond/jquery-ui-1.8.14.css" "Mozilla/5.0 (Windows NT 10.0; WOW64) AppleWebKit/537.36 (KHTML, like Gecko) Chrome/101.0.4951.80 Safari/537.36"
117.2.58.57 - - [12/Jun/2022:08:38:10 +0700] "GET /dbl/admin/checksession HTTP/1.1" 200 6 "https://c3.mobifone.vn/dbl/" "Mozilla/5.0 (Windows NT 10.0; WOW64) AppleWebKit/537.36 (KHTML, like Gecko) Chrome/101.0.4951.80 Safari/537.36"
10.24.199.135 - - [12/Jun/2022:08:38:10 +0700] "GET /dbl/ HTTP/1.1" 200 6734 "-" "Mozilla/5.0 (Windows NT 6.1; WOW64) AppleWebKit/537.36 (KHTML, like Gecko) Chrome/102.0.0.0 Safari/537.36"
117.2.58.57 - - [12/Jun/2022:08:38:10 +0700] "GET /dbl/public/themes/redmond/images/ui-bg_flat_55_fbec88_40x100.png HTTP/1.1" 304 0 "https://c3.mobifone.vn/dbl/public/themes/redmond/jquery-ui-1.8.14.css" "Mozilla/5.0 (Windows NT 10.0; WOW64) AppleWebKit/537.36 (KHTML, like Gecko) Chrome/101.0.4951.80 Safari/537.36"
10.24.199.135 - - [12/Jun/2022:08:38:10 +0700] "GET /dbl/public/js/jqgrid/ui.jqgrid.css HTTP/1.1" 304 0 "https://c3.mobifone.vn/dbl/" "Mozilla/5.0 (Windows NT 6.1; WOW64) AppleWebKit/537.36 (KHTML, like Gecko) Chrome/102.0.0.0 Safari/537.36"
10.24.199.135 - - [12/Jun/2022:08:38:10 +0700] "GET /dbl/public/js/superfish/superfish.css HTTP/1.1" 304 0 "https://c3.mobifone.vn/dbl/" "Mozilla/5.0 (Windows NT 6.1; WOW64) AppleWebKit/537.36 (KHTML, like Gecko) Chrome/102.0.0.0 Safari/537.36"
10.24.199.135 - - [12/Jun/2022:08:38:10 +0700] "GET /dbl/public/js/qtip2/jquery.qtip.min.css HTTP/1.1" 304 0 "https://c3.mobifone.vn/dbl/" "Mozilla/5.0 (Windows NT 6.1; WOW64) AppleWebKit/537.36 (KHTML, like Gecko) Chrome/102.0.0.0 Safari/537.36"
10.24.199.135 - - [12/Jun/2022:08:38:10 +0700] "GET /dbl/public/js/jquery.browse.min.js HTTP/1.1" 304 0 "https://c3.mobifone.vn/dbl/" "Mozilla/5.0 (Windows NT 6.1; WOW64) AppleWebKit/537.36 (KHTML, like Gecko) Chrome/102.0.0.0 Safari/537.36"
10.24.199.135 - - [12/Jun/2022:08:38:10 +0700] "GET /dbl/public/js/contextmenu/contextmenu.css HTTP/1.1" 304 0 "https://c3.mobifone.vn/dbl/" "Mozilla/5.0 (Windows NT 6.1; WOW64) AppleWebKit/537.36 (KHTML, like Gecko) Chrome/102.0.0.0 Safari/537.36"
10.24.199.135 - - [12/Jun/2022:08:38:10 +0700] "GET /dbl/public/js/jquery-1.11.0.min.js HTTP/1.1" 304 0 "https://c3.mobifone.vn/dbl/" "Mozilla/5.0 (Windows NT 6.1; WOW64) AppleWebKit/537.36 (KHTML, like Gecko) Chrome/102.0.0.0 Safari/537.36"
10.24.199.135 - - [12/Jun/2022:08:38:10 +0700] "GET /dbl/public/js/jquery-ui-1.9.2.min.js HTTP/1.1" 304 0 "https://c3.mobifone.vn/dbl/" "Mozilla/5.0 (Windows NT 6.1; WOW64) AppleWebKit/537.36 (KHTML, like Gecko) Chrome/102.0.0.0 Safari/537.36"
10.24.199.135 - - [12/Jun/2022:08:38:10 +0700] "GET /dbl/public/js/jquery.history.min.js HTTP/1.1" 304 0 "https://c3.mobifone.vn/dbl/" "Mozilla/5.0 (Windows NT 6.1; WOW64) AppleWebKit/537.36 (KHTML, like Gecko) Chrome/102.0.0.0 Safari/537.36"
10.24.199.135 - - [12/Jun/2022:08:38:10 +0700] "GET /dbl/public/js/jqgrid/jquery.jqGrid.4.6.0.js HTTP/1.1" 304 0 "https://c3.mobifone.vn/dbl/" "Mozilla/5.0 (Windows NT 6.1; WOW64) AppleWebKit/537.36 (KHTML, like Gecko) Chrome/102.0.0.0 Safari/537.36"
10.24.199.135 - - [12/Jun/2022:08:38:10 +0700] "GET /dbl/public/js/jqgrid/grid.locale-vi_VN.js HTTP/1.1" 304 0 "https://c3.mobifone.vn/dbl/" "Mozilla/5.0 (Windows NT 6.1; WOW64) AppleWebKit/537.36 (KHTML, like Gecko) Chrome/102.0.0.0 Safari/537.36"
10.24.199.135 - - [12/Jun/2022:08:38:10 +0700] "GET /dbl/public/js/date.js HTTP/1.1" 304 0 "https://c3.mobifone.vn/dbl/" "Mozilla/5.0 (Windows NT 6.1; WOW64) AppleWebKit/537.36 (KHTML, like Gecko) Chrome/102.0.0.0 Safari/537.36"
10.24.199.135 - - [12/Jun/2022:08:38:10 +0700] "GET /dbl/public/js/superfish/hoverIntent.js HTTP/1.1" 304 0 "https://c3.mobifone.vn/dbl/" "Mozilla/5.0 (Windows NT 6.1; WOW64) AppleWebKit/537.36 (KHTML, like Gecko) Chrome/102.0.0.0 Safari/537.36"
10.24.199.135 - - [12/Jun/2022:08:38:10 +0700] "GET /dbl/public/js/superfish/superfish.js HTTP/1.1" 304 0 "https://c3.mobifone.vn/dbl/" "Mozilla/5.0 (Windows NT 6.1; WOW64) AppleWebKit/537.36 (KHTML, like Gecko) Chrome/102.0.0.0 Safari/537.36"
10.24.199.135 - - [12/Jun/2022:08:38:10 +0700] "GET /dbl/public/js/qtip2/jquery.qtip.min.js HTTP/1.1" 304 0 "https://c3.mobifone.vn/dbl/" "Mozilla/5.0 (Windows NT 6.1; WOW64) AppleWebKit/537.36 (KHTML, like Gecko) Chrome/102.0.0.0 Safari/537.36"
10.24.199.135 - - [12/Jun/2022:08:38:10 +0700] "GET /dbl/public/js/numberFormatter/jshashtable-2.1.js HTTP/1.1" 304 0 "https://c3.mobifone.vn/dbl/" "Mozilla/5.0 (Windows NT 6.1; WOW64) AppleWebKit/537.36 (KHTML, like Gecko) Chrome/102.0.0.0 Safari/537.36"
10.24.199.135 - - [12/Jun/2022:08:38:10 +0700] "GET /dbl/public/js/superfish/supersubs.js HTTP/1.1" 304 0 "https://c3.mobifone.vn/dbl/" "Mozilla/5.0 (Windows NT 6.1; WOW64) AppleWebKit/537.36 (KHTML, like Gecko) Chrome/102.0.0.0 Safari/537.36"
10.24.199.135 - - [12/Jun/2022:08:38:10 +0700] "GET /dbl/public/js/common.js HTTP/1.1" 304 0 "https://c3.mobifone.vn/dbl/" "Mozilla/5.0 (Windows NT 6.1; WOW64) AppleWebKit/537.36 (KHTML, like Gecko) Chrome/102.0.0.0 Safari/537.36"
10.24.199.135 - - [12/Jun/2022:08:38:10 +0700] "GET /dbl/public/js/numberFormatter/jquery.numberformatter-1.2.4.min.js HTTP/1.1" 304 0 "https://c3.mobifone.vn/dbl/" "Mozilla/5.0 (Windows NT 6.1; WOW64) AppleWebKit/537.36 (KHTML, like Gecko) Chrome/102.0.0.0 Safari/537.36"
117.2.58.57 - - [12/Jun/2022:08:38:10 +0700] "POST /dbl/chonsos/xac_nhan_detail HTTP/1.1" 200 3157 "https://c3.mobifone.vn/dbl/" "Mozilla/5.0 (Windows NT 10.0; WOW64) AppleWebKit/537.36 (KHTML, like Gecko) Chrome/101.0.4951.80 Safari/537.36"
10.24.199.135 - - [12/Jun/2022:08:38:10 +0700] "GET /dbl/public/img/member/changepass.png HTTP/1.1" 304 0 "https://c3.mobifone.vn/dbl/" "Mozilla/5.0 (Windows NT 6.1; WOW64) AppleWebKit/537.36 (KHTML, like Gecko) Chrome/102.0.0.0 Safari/537.36"
10.24.199.135 - - [12/Jun/2022:08:38:10 +0700] "GET /dbl/public/js/superfish/images/slash.png HTTP/1.1" 304 0 "https://c3.mobifone.vn/dbl/public/js/superfish/superfish.css" "Mozilla/5.0 (Windows NT 6.1; WOW64) AppleWebKit/537.36 (KHTML, like Gecko) Chrome/102.0.0.0 Safari/537.36"
10.24.199.135 - - [12/Jun/2022:08:38:11 +0700] "GET /dbl/public/js/superfish/images/arrows-ffffff.png HTTP/1.1" 304 0 "https://c3.mobifone.vn/dbl/public/js/superfish/superfish.css" "Mozilla/5.0 (Windows NT 6.1; WOW64) AppleWebKit/537.36 (KHTML, like Gecko) Chrome/102.0.0.0 Safari/537.36"
10.24.199.135 - - [12/Jun/2022:08:38:11 +0700] "GET /dbl/admin/checksession HTTP/1.1" 200 6 "https://c3.mobifone.vn/dbl/" "Mozilla/5.0 (Windows NT 6.1; WOW64) AppleWebKit/537.36 (KHTML, like Gecko) Chrome/102.0.0.0 Safari/537.36"
10.24.199.135 - - [12/Jun/2022:08:38:11 +0700] "GET /dbl/admin/checksession HTTP/1.1" 200 6 "https://c3.mobifone.vn/dbl/" "Mozilla/5.0 (Windows NT 6.1; WOW64) AppleWebKit/537.36 (KHTML, like Gecko) Chrome/102.0.0.0 Safari/537.36"
10.24.199.135 - - [12/Jun/2022:08:38:11 +0700] "GET /dbl/viewlog?rd=31056.164099716152 HTTP/1.1" 200 1548 "https://c3.mobifone.vn/dbl/" "Mozilla/5.0 (Windows NT 6.1; WOW64) AppleWebKit/537.36 (KHTML, like Gecko) Chrome/102.0.0.0 Safari/537.36"
10.24.199.135 - - [12/Jun/2022:08:38:11 +0700] "GET /dbl/public/themes/redmond/images/ui-bg_inset-hard_100_fcfdfd_1x100.png HTTP/1.1" 304 0 "https://c3.mobifone.vn/dbl/public/themes/redmond/jquery-ui-1.8.14.css" "Mozilla/5.0 (Windows NT 6.1; WOW64) AppleWebKit/537.36 (KHTML, like Gecko) Chrome/102.0.0.0 Safari/537.36"
10.24.199.135 - - [12/Jun/2022:08:38:11 +0700] "GET /dbl/public/themes/redmond/images/ui-bg_inset-hard_100_f5f8f9_1x100.png HTTP/1.1" 304 0 "https://c3.mobifone.vn/dbl/public/themes/redmond/jquery-ui-1.8.14.css" "Mozilla/5.0 (Windows NT 6.1; WOW64) AppleWebKit/537.36 (KHTML, like Gecko) Chrome/102.0.0.0 Safari/537.36"
10.24.199.135 - - [12/Jun/2022:08:38:11 +0700] "GET /dbl/public/themes/redmond/images/ui-icons_6da8d5_256x240.png HTTP/1.1" 304 0 "https://c3.mobifone.vn/dbl/public/themes/redmond/jquery-ui-1.8.14.css" "Mozilla/5.0 (Windows NT 6.1; WOW64) AppleWebKit/537.36 (KHTML, like Gecko) Chrome/102.0.0.0 Safari/537.36"
10.24.199.135 - - [12/Jun/2022:08:38:11 +0700] "GET /dbl/public/themes/redmond/images/ui-bg_gloss-wave_55_5c9ccc_500x100.png HTTP/1.1" 304 0 "https://c3.mobifone.vn/dbl/public/themes/redmond/jquery-ui-1.8.14.css" "Mozilla/5.0 (Windows NT 6.1; WOW64) AppleWebKit/537.36 (KHTML, like Gecko) Chrome/102.0.0.0 Safari/537.36"
10.24.199.135 - - [12/Jun/2022:08:38:11 +0700] "POST /dbl/application/getlog_view_grid? HTTP/1.1" 200 6923 "https://c3.mobifone.vn/dbl/" "Mozilla/5.0 (Windows NT 6.1; WOW64) AppleWebKit/537.36 (KHTML, like Gecko) Chrome/102.0.0.0 Safari/537.36"
117.2.58.57 - - [12/Jun/2022:08:38:12 +0700] "POST /dbl/chonsos/do_xac_nhan HTTP/1.1" 200 6 "https://c3.mobifone.vn/dbl/" "Mozilla/5.0 (Windows NT 10.0; WOW64) AppleWebKit/537.36 (KHTML, like Gecko) Chrome/101.0.4951.80 Safari/537.36"
10.24.199.135 - - [12/Jun/2022:08:38:12 +0700] "GET /dbl/public/themes/redmond/images/ui-bg_glass_75_d0e5f5_1x400.png HTTP/1.1" 304 0 "https://c3.mobifone.vn/dbl/public/themes/redmond/jquery-ui-1.8.14.css" "Mozilla/5.0 (Windows NT 6.1; WOW64) AppleWebKit/537.36 (KHTML, like Gecko) Chrome/102.0.0.0 Safari/537.36"
10.24.199.135 - - [12/Jun/2022:08:38:12 +0700] "GET /dbl/public/themes/redmond/images/ui-icons_217bc0_256x240.png HTTP/1.1" 304 0 "https://c3.mobifone.vn/dbl/public/themes/redmond/jquery-ui-1.8.14.css" "Mozilla/5.0 (Windows NT 6.1; WOW64) AppleWebKit/537.36 (KHTML, like Gecko) Chrome/102.0.0.0 Safari/537.36"
10.24.199.135 - - [12/Jun/2022:08:38:12 +0700] "GET /dbl/public/js/superfish/images/menu_hover_red2.png HTTP/1.1" 304 0 "https://c3.mobifone.vn/dbl/public/js/superfish/superfish.css" "Mozilla/5.0 (Windows NT 6.1; WOW64) AppleWebKit/537.36 (KHTML, like Gecko) Chrome/102.0.0.0 Safari/537.36"
10.24.199.135 - - [12/Jun/2022:08:38:12 +0700] "GET /dbl/public/js/superfish/images/shadow.png HTTP/1.1" 304 0 "https://c3.mobifone.vn/dbl/public/js/superfish/superfish.css" "Mozilla/5.0 (Windows NT 6.1; WOW64) AppleWebKit/537.36 (KHTML, like Gecko) Chrome/102.0.0.0 Safari/537.36"
117.2.58.57 - - [12/Jun/2022:08:38:13 +0700] "POST /dbl/chonsos/regis_isdn_grid?branch_id=3018&cChuaXacnhan=0&isdn= HTTP/1.1" 200 16046 "https://c3.mobifone.vn/dbl/" "Mozilla/5.0 (Windows NT 10.0; WOW64) AppleWebKit/537.36 (KHTML, like Gecko) Chrome/101.0.4951.80 Safari/537.36"
10.24.199.135 - - [12/Jun/2022:08:38:13 +0700] "GET /dbl/admin/checksession HTTP/1.1" 200 6 "https://c3.mobifone.vn/dbl/" "Mozilla/5.0 (Windows NT 6.1; WOW64) AppleWebKit/537.36 (KHTML, like Gecko) Chrome/102.0.0.0 Safari/537.36"
10.24.199.135 - - [12/Jun/2022:08:38:13 +0700] "GET /dbl/Chonsos/xac_nhan?rd=5922.641125188923 HTTP/1.1" 200 4012 "https://c3.mobifone.vn/dbl/" "Mozilla/5.0 (Windows NT 6.1; WOW64) AppleWebKit/537.36 (KHTML, like Gecko) Chrome/102.0.0.0 Safari/537.36"
10.24.199.135 - - [12/Jun/2022:08:38:13 +0700] "GET /dbl/public/js/select2/select2.css HTTP/1.1" 304 0 "https://c3.mobifone.vn/dbl/" "Mozilla/5.0 (Windows NT 6.1; WOW64) AppleWebKit/537.36 (KHTML, like Gecko) Chrome/102.0.0.0 Safari/537.36"
10.24.199.135 - - [12/Jun/2022:08:38:13 +0700] "GET /dbl/public/js/select2/select2.js?_=1654997890788 HTTP/1.1" 200 137418 "https://c3.mobifone.vn/dbl/" "Mozilla/5.0 (Windows NT 6.1; WOW64) AppleWebKit/537.36 (KHTML, like Gecko) Chrome/102.0.0.0 Safari/537.36"
10.24.199.135 - - [12/Jun/2022:08:38:13 +0700] "GET /dbl/public/js/select2/select2_locale_vi.js?_=1654997890789 HTTP/1.1" 200 927 "https://c3.mobifone.vn/dbl/" "Mozilla/5.0 (Windows NT 6.1; WOW64) AppleWebKit/537.36 (KHTML, like Gecko) Chrome/102.0.0.0 Safari/537.36"
10.24.199.135 - - [12/Jun/2022:08:38:13 +0700] "GET /dbl/public/js/select2/select2.png HTTP/1.1" 304 0 "https://c3.mobifone.vn/dbl/public/js/select2/select2.css" "Mozilla/5.0 (Windows NT 6.1; WOW64) AppleWebKit/537.36 (KHTML, like Gecko) Chrome/102.0.0.0 Safari/537.36"
117.2.58.57 - - [12/Jun/2022:08:38:16 +0700] "GET /dbl/admin/checksession HTTP/1.1" 200 6 "https://c3.mobifone.vn/dbl/" "Mozilla/5.0 (Windows NT 10.0; WOW64) AppleWebKit/537.36 (KHTML, like Gecko) Chrome/101.0.4951.80 Safari/537.36"
117.2.58.57 - - [12/Jun/2022:08:38:16 +0700] "POST /dbl/chonsos/xac_nhan_detail HTTP/1.1" 200 3156 "https://c3.mobifone.vn/dbl/" "Mozilla/5.0 (Windows NT 10.0; WOW64) AppleWebKit/537.36 (KHTML, like Gecko) Chrome/101.0.4951.80 Safari/537.36"
171.225.250.235 - - [12/Jun/2022:08:38:17 +0700] "POST /dbl/chonsos/regis_isdn_grid?branch_id=3216&cChuaXacnhan=0&isdn= HTTP/1.1" 200 16325 "https://c3.mobifone.vn/dbl/" "Mozilla/5.0 (Windows NT 10.0; Win64; x64) AppleWebKit/537.36 (KHTML, like Gecko) Chrome/102.0.5005.115 Safari/537.36"
171.225.250.235 - - [12/Jun/2022:08:38:17 +0700] "POST /dbl/chonsos/regis_isdn_grid?branch_id=3216&cChuaXacnhan=0&isdn= HTTP/1.1" 200 16325 "https://c3.mobifone.vn/dbl/" "Mozilla/5.0 (Windows NT 10.0; Win64; x64) AppleWebKit/537.36 (KHTML, like Gecko) Chrome/102.0.5005.115 Safari/537.36"
117.2.58.57 - - [12/Jun/2022:08:38:18 +0700] "POST /dbl/chonsos/do_xac_nhan HTTP/1.1" 200 6 "https://c3.mobifone.vn/dbl/" "Mozilla/5.0 (Windows NT 10.0; WOW64) AppleWebKit/537.36 (KHTML, like Gecko) Chrome/101.0.4951.80 Safari/537.36"
10.24.199.135 - - [12/Jun/2022:08:38:19 +0700] "GET /dbl/public/themes/redmond/images/ui-icons_469bdd_256x240.png HTTP/1.1" 304 0 "https://c3.mobifone.vn/dbl/public/themes/redmond/jquery-ui-1.8.14.css" "Mozilla/5.0 (Windows NT 6.1; WOW64) AppleWebKit/537.36 (KHTML, like Gecko) Chrome/102.0.0.0 Safari/537.36"
10.24.199.135 - - [12/Jun/2022:08:38:19 +0700] "POST /dbl/chonsos/regis_isdn_grid?branch_id=3189&cChuaXacnhan=0&isdn=777736 HTTP/1.1" 200 339 "https://c3.mobifone.vn/dbl/" "Mozilla/5.0 (Windows NT 6.1; WOW64) AppleWebKit/537.36 (KHTML, like Gecko) Chrome/102.0.0.0 Safari/537.36"
10.24.199.135 - - [12/Jun/2022:08:38:19 +0700] "GET /dbl/public/img/grid/checked.gif HTTP/1.1" 304 0 "https://c3.mobifone.vn/dbl/" "Mozilla/5.0 (Windows NT 6.1; WOW64) AppleWebKit/537.36 (KHTML, like Gecko) Chrome/102.0.0.0 Safari/537.36"
10.24.199.135 - - [12/Jun/2022:08:38:19 +0700] "GET /dbl/public/img/grid/history.png HTTP/1.1" 304 0 "https://c3.mobifone.vn/dbl/" "Mozilla/5.0 (Windows NT 6.1; WOW64) AppleWebKit/537.36 (KHTML, like Gecko) Chrome/102.0.0.0 Safari/537.36"
10.24.199.135 - - [12/Jun/2022:08:38:19 +0700] "GET /dbl/public/img/grid/button-delete.gif HTTP/1.1" 304 0 "https://c3.mobifone.vn/dbl/" "Mozilla/5.0 (Windows NT 6.1; WOW64) AppleWebKit/537.36 (KHTML, like Gecko) Chrome/102.0.0.0 Safari/537.36"
117.2.58.57 - - [12/Jun/2022:08:38:19 +0700] "POST /dbl/chonsos/regis_isdn_grid?branch_id=3018&cChuaXacnhan=0&isdn= HTTP/1.1" 200 16040 "https://c3.mobifone.vn/dbl/" "Mozilla/5.0 (Windows NT 10.0; WOW64) AppleWebKit/537.36 (KHTML, like Gecko) Chrome/101.0.4951.80 Safari/537.36"
117.2.58.57 - - [12/Jun/2022:08:38:20 +0700] "GET /dbl/admin/checksession HTTP/1.1" 200 6 "https://c3.mobifone.vn/dbl/" "Mozilla/5.0 (Windows NT 10.0; WOW64) AppleWebKit/537.36 (KHTML, like Gecko) Chrome/101.0.4951.80 Safari/537.36"
10.24.199.135 - - [12/Jun/2022:08:38:20 +0700] "GET /dbl/public/themes/redmond/images/ui-icons_d8e7f3_256x240.png HTTP/1.1" 304 0 "https://c3.mobifone.vn/dbl/public/themes/redmond/jquery-ui-1.8.14.css" "Mozilla/5.0 (Windows NT 6.1; WOW64) AppleWebKit/537.36 (KHTML, like Gecko) Chrome/102.0.0.0 Safari/537.36"
10.24.199.135 - - [12/Jun/2022:08:38:20 +0700] "GET /dbl/public/themes/redmond/images/ui-bg_flat_0_aaaaaa_40x100.png HTTP/1.1" 304 0 "https://c3.mobifone.vn/dbl/public/themes/redmond/jquery-ui-1.8.14.css" "Mozilla/5.0 (Windows NT 6.1; WOW64) AppleWebKit/537.36 (KHTML, like Gecko) Chrome/102.0.0.0 Safari/537.36"
10.24.199.135 - - [12/Jun/2022:08:38:20 +0700] "GET /dbl/public/themes/redmond/images/ui-bg_flat_55_fbec88_40x100.png HTTP/1.1" 304 0 "https://c3.mobifone.vn/dbl/public/themes/redmond/jquery-ui-1.8.14.css" "Mozilla/5.0 (Windows NT 6.1; WOW64) AppleWebKit/537.36 (KHTML, like Gecko) Chrome/102.0.0.0 Safari/537.36"
10.24.199.135 - - [12/Jun/2022:08:38:20 +0700] "GET /dbl/admin/checksession HTTP/1.1" 200 6 "https://c3.mobifone.vn/dbl/" "Mozilla/5.0 (Windows NT 6.1; WOW64) AppleWebKit/537.36 (KHTML, like Gecko) Chrome/102.0.0.0 Safari/537.36"
117.2.58.57 - - [12/Jun/2022:08:38:21 +0700] "POST /dbl/chonsos/xac_nhan_detail HTTP/1.1" 200 3155 "https://c3.mobifone.vn/dbl/" "Mozilla/5.0 (Windows NT 10.0; WOW64) AppleWebKit/537.36 (KHTML, like Gecko) Chrome/101.0.4951.80 Safari/537.36"
10.24.199.135 - - [12/Jun/2022:08:38:21 +0700] "POST /dbl/chonsos/xac_nhan_detail HTTP/1.1" 200 2081 "https://c3.mobifone.vn/dbl/" "Mozilla/5.0 (Windows NT 6.1; WOW64) AppleWebKit/537.36 (KHTML, like Gecko) Chrome/102.0.0.0 Safari/537.36"
10.24.201.47 - - [12/Jun/2022:08:38:21 +0700] "POST /cskh-program/api/get-file HTTP/1.1" 200 80441 "https://c3.mobifone.vn/cskh-program/app/request-form" "Mozilla/5.0 (Windows NT 10.0; Win64; x64) AppleWebKit/537.36 (KHTML, like Gecko) Chrome/102.0.0.0 Safari/537.36"
10.24.201.47 - - [12/Jun/2022:08:38:21 +0700] "POST /cskh-program/api/get-file HTTP/1.1" 200 71717 "https://c3.mobifone.vn/cskh-program/app/request-form" "Mozilla/5.0 (Windows NT 10.0; Win64; x64) AppleWebKit/537.36 (KHTML, like Gecko) Chrome/102.0.0.0 Safari/537.36"
10.24.201.47 - - [12/Jun/2022:08:38:21 +0700] "POST /cskh-program/api/get-file HTTP/1.1" 200 110453 "https://c3.mobifone.vn/cskh-program/app/request-form" "Mozilla/5.0 (Windows NT 10.0; Win64; x64) AppleWebKit/537.36 (KHTML, like Gecko) Chrome/102.0.0.0 Safari/537.36"
10.24.201.47 - - [12/Jun/2022:08:38:21 +0700] "POST /cskh-program/api/get-file HTTP/1.1" 200 93185 "https://c3.mobifone.vn/cskh-program/app/request-form" "Mozilla/5.0 (Windows NT 10.0; Win64; x64) AppleWebKit/537.36 (KHTML, like Gecko) Chrome/102.0.0.0 Safari/537.36"
117.2.58.57 - - [12/Jun/2022:08:38:21 +0700] "POST /dbl/chonsos/do_xac_nhan HTTP/1.1" 200 6 "https://c3.mobifone.vn/dbl/" "Mozilla/5.0 (Windows NT 10.0; WOW64) AppleWebKit/537.36 (KHTML, like Gecko) Chrome/101.0.4951.80 Safari/537.36"
10.24.199.135 - - [12/Jun/2022:08:38:22 +0700] "POST /dbl/chonsos/do_xac_nhan HTTP/1.1" 200 6 "https://c3.mobifone.vn/dbl/" "Mozilla/5.0 (Windows NT 6.1; WOW64) AppleWebKit/537.36 (KHTML, like Gecko) Chrome/102.0.0.0 Safari/537.36"
117.2.58.57 - - [12/Jun/2022:08:38:22 +0700] "POST /dbl/chonsos/regis_isdn_grid?branch_id=3018&cChuaXacnhan=0&isdn= HTTP/1.1" 200 16026 "https://c3.mobifone.vn/dbl/" "Mozilla/5.0 (Windows NT 10.0; WOW64) AppleWebKit/537.36 (KHTML, like Gecko) Chrome/101.0.4951.80 Safari/537.36"
117.2.58.57 - - [12/Jun/2022:08:38:23 +0700] "GET /dbl/admin/checksession HTTP/1.1" 200 6 "https://c3.mobifone.vn/dbl/" "Mozilla/5.0 (Windows NT 10.0; WOW64) AppleWebKit/537.36 (KHTML, like Gecko) Chrome/101.0.4951.80 Safari/537.36"
117.2.58.57 - - [12/Jun/2022:08:38:24 +0700] "POST /dbl/chonsos/xac_nhan_detail HTTP/1.1" 200 3157 "https://c3.mobifone.vn/dbl/" "Mozilla/5.0 (Windows NT 10.0; WOW64) AppleWebKit/537.36 (KHTML, like Gecko) Chrome/101.0.4951.80 Safari/537.36"
171.225.250.235 - - [12/Jun/2022:08:38:24 +0700] "GET /dbl/chonsos/regis_his?isdn=762666647 HTTP/1.1" 200 425 "https://c3.mobifone.vn/dbl/" "Mozilla/5.0 (Windows NT 10.0; Win64; x64) AppleWebKit/537.36 (KHTML, like Gecko) Chrome/102.0.5005.115 Safari/537.36"
10.24.199.135 - - [12/Jun/2022:08:38:24 +0700] "POST /dbl/chonsos/regis_isdn_grid?branch_id=3189&cChuaXacnhan=0&isdn=777736 HTTP/1.1" 200 11 "https://c3.mobifone.vn/dbl/" "Mozilla/5.0 (Windows NT 6.1; WOW64) AppleWebKit/537.36 (KHTML, like Gecko) Chrome/102.0.0.0 Safari/537.36"
117.2.58.57 - - [12/Jun/2022:08:38:25 +0700] "POST /dbl/chonsos/do_xac_nhan HTTP/1.1" 200 6 "https://c3.mobifone.vn/dbl/" "Mozilla/5.0 (Windows NT 10.0; WOW64) AppleWebKit/537.36 (KHTML, like Gecko) Chrome/101.0.4951.80 Safari/537.36"
117.2.58.57 - - [12/Jun/2022:08:38:26 +0700] "POST /dbl/chonsos/regis_isdn_grid?branch_id=3018&cChuaXacnhan=0&isdn= HTTP/1.1" 200 16012 "https://c3.mobifone.vn/dbl/" "Mozilla/5.0 (Windows NT 10.0; WOW64) AppleWebKit/537.36 (KHTML, like Gecko) Chrome/101.0.4951.80 Safari/537.36"
10.24.199.135 - - [12/Jun/2022:08:38:31 +0700] "POST /dbl/chonsos/regis_isdn_grid?branch_id=3189&cChuaXacnhan=0&isdn=546879 HTTP/1.1" 200 339 "https://c3.mobifone.vn/dbl/" "Mozilla/5.0 (Windows NT 6.1; WOW64) AppleWebKit/537.36 (KHTML, like Gecko) Chrome/102.0.0.0 Safari/537.36"
10.24.199.135 - - [12/Jun/2022:08:38:33 +0700] "GET /dbl/admin/checksession HTTP/1.1" 200 6 "https://c3.mobifone.vn/dbl/" "Mozilla/5.0 (Windows NT 6.1; WOW64) AppleWebKit/537.36 (KHTML, like Gecko) Chrome/102.0.0.0 Safari/537.36"
10.24.199.135 - - [12/Jun/2022:08:38:33 +0700] "POST /dbl/chonsos/xac_nhan_detail HTTP/1.1" 200 2081 "https://c3.mobifone.vn/dbl/" "Mozilla/5.0 (Windows NT 6.1; WOW64) AppleWebKit/537.36 (KHTML, like Gecko) Chrome/102.0.0.0 Safari/537.36"
10.24.199.135 - - [12/Jun/2022:08:38:34 +0700] "POST /dbl/chonsos/do_xac_nhan HTTP/1.1" 200 6 "https://c3.mobifone.vn/dbl/" "Mozilla/5.0 (Windows NT 6.1; WOW64) AppleWebKit/537.36 (KHTML, like Gecko) Chrome/102.0.0.0 Safari/537.36"
10.24.199.135 - - [12/Jun/2022:08:38:35 +0700] "POST /dbl/chonsos/regis_isdn_grid?branch_id=3189&cChuaXacnhan=0&isdn=546879 HTTP/1.1" 200 11 "https://c3.mobifone.vn/dbl/" "Mozilla/5.0 (Windows NT 6.1; WOW64) AppleWebKit/537.36 (KHTML, like Gecko) Chrome/102.0.0.0 Safari/537.36"
103.156.58.10 - - [12/Jun/2022:08:40:10 +0700] "GET / HTTP/1.1" 200 93176 "-" "Mozilla/5.0 (iPhone; CPU iPhone OS 14_8_1 like Mac OS X) AppleWebKit/605.1.15 (KHTML, like Gecko) Version/14.1.2 Mobile/15E148 Safari/604.1"
103.156.58.10 - - [12/Jun/2022:08:40:16 +0700] "GET / HTTP/1.1" 200 93170 "-" "Mozilla/5.0 (iPhone; CPU iPhone OS 14_8_1 like Mac OS X) AppleWebKit/605.1.15 (KHTML, like Gecko) Version/14.1.2 Mobile/15E148 Safari/604.1"
103.156.58.10 - - [12/Jun/2022:08:40:17 +0700] "GET /dbl/ HTTP/1.1" 200 6729 "-" "Mozilla/5.0 (iPhone; CPU iPhone OS 14_8_1 like Mac OS X) AppleWebKit/605.1.15 (KHTML, like Gecko) Version/14.1.2 Mobile/15E148 Safari/604.1"
103.156.58.10 - - [12/Jun/2022:08:40:17 +0700] "GET /dbl/public/js/jqgrid/ui.jqgrid.css HTTP/1.1" 304 0 "https://c3.mobifone.vn/dbl/" "Mozilla/5.0 (iPhone; CPU iPhone OS 14_8_1 like Mac OS X) AppleWebKit/605.1.15 (KHTML, like Gecko) Version/14.1.2 Mobile/15E148 Safari/604.1"
103.156.58.10 - - [12/Jun/2022:08:40:17 +0700] "GET /dbl/public/js/contextmenu/contextmenu.css HTTP/1.1" 304 0 "https://c3.mobifone.vn/dbl/" "Mozilla/5.0 (iPhone; CPU iPhone OS 14_8_1 like Mac OS X) AppleWebKit/605.1.15 (KHTML, like Gecko) Version/14.1.2 Mobile/15E148 Safari/604.1"
103.156.58.10 - - [12/Jun/2022:08:40:17 +0700] "GET /dbl/public/css/main.css HTTP/1.1" 304 0 "https://c3.mobifone.vn/dbl/" "Mozilla/5.0 (iPhone; CPU iPhone OS 14_8_1 like Mac OS X) AppleWebKit/605.1.15 (KHTML, like Gecko) Version/14.1.2 Mobile/15E148 Safari/604.1"
103.156.58.10 - - [12/Jun/2022:08:40:17 +0700] "GET /dbl/public/js/superfish/superfish.css HTTP/1.1" 304 0 "https://c3.mobifone.vn/dbl/" "Mozilla/5.0 (iPhone; CPU iPhone OS 14_8_1 like Mac OS X) AppleWebKit/605.1.15 (KHTML, like Gecko) Version/14.1.2 Mobile/15E148 Safari/604.1"
103.156.58.10 - - [12/Jun/2022:08:40:17 +0700] "GET /dbl/public/js/qtip2/jquery.qtip.min.css HTTP/1.1" 304 0 "https://c3.mobifone.vn/dbl/" "Mozilla/5.0 (iPhone; CPU iPhone OS 14_8_1 like Mac OS X) AppleWebKit/605.1.15 (KHTML, like Gecko) Version/14.1.2 Mobile/15E148 Safari/604.1"
103.156.58.10 - - [12/Jun/2022:08:40:17 +0700] "GET /dbl/public/themes/redmond/jquery-ui-1.8.14.css HTTP/1.1" 304 0 "https://c3.mobifone.vn/dbl/" "Mozilla/5.0 (iPhone; CPU iPhone OS 14_8_1 like Mac OS X) AppleWebKit/605.1.15 (KHTML, like Gecko) Version/14.1.2 Mobile/15E148 Safari/604.1"
103.156.58.10 - - [12/Jun/2022:08:40:17 +0700] "GET /dbl/public/js/jquery.browse.min.js HTTP/1.1" 304 0 "https://c3.mobifone.vn/dbl/" "Mozilla/5.0 (iPhone; CPU iPhone OS 14_8_1 like Mac OS X) AppleWebKit/605.1.15 (KHTML, like Gecko) Version/14.1.2 Mobile/15E148 Safari/604.1"
103.156.58.10 - - [12/Jun/2022:08:40:17 +0700] "GET /dbl/public/js/jquery.history.min.js HTTP/1.1" 304 0 "https://c3.mobifone.vn/dbl/" "Mozilla/5.0 (iPhone; CPU iPhone OS 14_8_1 like Mac OS X) AppleWebKit/605.1.15 (KHTML, like Gecko) Version/14.1.2 Mobile/15E148 Safari/604.1"
103.156.58.10 - - [12/Jun/2022:08:40:17 +0700] "GET /dbl/public/js/jqgrid/grid.locale-vi_VN.js HTTP/1.1" 304 0 "https://c3.mobifone.vn/dbl/" "Mozilla/5.0 (iPhone; CPU iPhone OS 14_8_1 like Mac OS X) AppleWebKit/605.1.15 (KHTML, like Gecko) Version/14.1.2 Mobile/15E148 Safari/604.1"
103.156.58.10 - - [12/Jun/2022:08:40:17 +0700] "GET /dbl/public/js/jquery-1.11.0.min.js HTTP/1.1" 304 0 "https://c3.mobifone.vn/dbl/" "Mozilla/5.0 (iPhone; CPU iPhone OS 14_8_1 like Mac OS X) AppleWebKit/605.1.15 (KHTML, like Gecko) Version/14.1.2 Mobile/15E148 Safari/604.1"
103.156.58.10 - - [12/Jun/2022:08:40:17 +0700] "GET /dbl/public/js/superfish/hoverIntent.js HTTP/1.1" 304 0 "https://c3.mobifone.vn/dbl/" "Mozilla/5.0 (iPhone; CPU iPhone OS 14_8_1 like Mac OS X) AppleWebKit/605.1.15 (KHTML, like Gecko) Version/14.1.2 Mobile/15E148 Safari/604.1"
103.156.58.10 - - [12/Jun/2022:08:40:17 +0700] "GET /dbl/public/js/jquery-ui-1.9.2.min.js HTTP/1.1" 304 0 "https://c3.mobifone.vn/dbl/" "Mozilla/5.0 (iPhone; CPU iPhone OS 14_8_1 like Mac OS X) AppleWebKit/605.1.15 (KHTML, like Gecko) Version/14.1.2 Mobile/15E148 Safari/604.1"
103.156.58.10 - - [12/Jun/2022:08:40:17 +0700] "GET /dbl/public/js/date.js HTTP/1.1" 304 0 "https://c3.mobifone.vn/dbl/" "Mozilla/5.0 (iPhone; CPU iPhone OS 14_8_1 like Mac OS X) AppleWebKit/605.1.15 (KHTML, like Gecko) Version/14.1.2 Mobile/15E148 Safari/604.1"
103.156.58.10 - - [12/Jun/2022:08:40:17 +0700] "GET /dbl/public/js/superfish/superfish.js HTTP/1.1" 304 0 "https://c3.mobifone.vn/dbl/" "Mozilla/5.0 (iPhone; CPU iPhone OS 14_8_1 like Mac OS X) AppleWebKit/605.1.15 (KHTML, like Gecko) Version/14.1.2 Mobile/15E148 Safari/604.1"
103.156.58.10 - - [12/Jun/2022:08:40:17 +0700] "GET /dbl/public/js/superfish/supersubs.js HTTP/1.1" 304 0 "https://c3.mobifone.vn/dbl/" "Mozilla/5.0 (iPhone; CPU iPhone OS 14_8_1 like Mac OS X) AppleWebKit/605.1.15 (KHTML, like Gecko) Version/14.1.2 Mobile/15E148 Safari/604.1"
103.156.58.10 - - [12/Jun/2022:08:40:17 +0700] "GET /dbl/public/js/numberFormatter/jquery.numberformatter-1.2.4.min.js HTTP/1.1" 304 0 "https://c3.mobifone.vn/dbl/" "Mozilla/5.0 (iPhone; CPU iPhone OS 14_8_1 like Mac OS X) AppleWebKit/605.1.15 (KHTML, like Gecko) Version/14.1.2 Mobile/15E148 Safari/604.1"
103.156.58.10 - - [12/Jun/2022:08:40:17 +0700] "GET /dbl/public/js/qtip2/jquery.qtip.min.js HTTP/1.1" 304 0 "https://c3.mobifone.vn/dbl/" "Mozilla/5.0 (iPhone; CPU iPhone OS 14_8_1 like Mac OS X) AppleWebKit/605.1.15 (KHTML, like Gecko) Version/14.1.2 Mobile/15E148 Safari/604.1"
103.156.58.10 - - [12/Jun/2022:08:40:17 +0700] "GET /dbl/public/js/common.js HTTP/1.1" 304 0 "https://c3.mobifone.vn/dbl/" "Mozilla/5.0 (iPhone; CPU iPhone OS 14_8_1 like Mac OS X) AppleWebKit/605.1.15 (KHTML, like Gecko) Version/14.1.2 Mobile/15E148 Safari/604.1"
103.156.58.10 - - [12/Jun/2022:08:40:17 +0700] "GET /dbl/public/js/numberFormatter/jshashtable-2.1.js HTTP/1.1" 304 0 "https://c3.mobifone.vn/dbl/" "Mozilla/5.0 (iPhone; CPU iPhone OS 14_8_1 like Mac OS X) AppleWebKit/605.1.15 (KHTML, like Gecko) Version/14.1.2 Mobile/15E148 Safari/604.1"
103.156.58.10 - - [12/Jun/2022:08:40:17 +0700] "GET /dbl/public/js/jqgrid/jquery.jqGrid.4.6.0.js HTTP/1.1" 304 0 "https://c3.mobifone.vn/dbl/" "Mozilla/5.0 (iPhone; CPU iPhone OS 14_8_1 like Mac OS X) AppleWebKit/605.1.15 (KHTML, like Gecko) Version/14.1.2 Mobile/15E148 Safari/604.1"
103.156.58.10 - - [12/Jun/2022:08:40:17 +0700] "GET /dbl/public/img/member/logout.png HTTP/1.1" 304 0 "https://c3.mobifone.vn/dbl/" "Mozilla/5.0 (iPhone; CPU iPhone OS 14_8_1 like Mac OS X) AppleWebKit/605.1.15 (KHTML, like Gecko) Version/14.1.2 Mobile/15E148 Safari/604.1"
103.156.58.10 - - [12/Jun/2022:08:40:17 +0700] "GET /dbl/public/img/front/bg-logo.png HTTP/1.1" 304 0 "https://c3.mobifone.vn/dbl/" "Mozilla/5.0 (iPhone; CPU iPhone OS 14_8_1 like Mac OS X) AppleWebKit/605.1.15 (KHTML, like Gecko) Version/14.1.2 Mobile/15E148 Safari/604.1"
