10.24.197.6 - - [12/Jun/2022:07:28:11 +0700] "POST /callout-cskh/api/get-callout-program HTTP/1.1" 200 1054 "http://10.16.150.69:9223/" "Mozilla/5.0 (Windows NT 6.1; Win64; x64) AppleWebKit/537.36 (KHTML, like Gecko) Chrome/102.0.5005.115 Safari/537.36"
10.24.197.6 - - [12/Jun/2022:07:28:12 +0700] "POST /callout-cskh/api/get-callout-survey HTTP/1.1" 200 8736 "http://10.16.150.69:9223/" "Mozilla/5.0 (Windows NT 6.1; Win64; x64) AppleWebKit/537.36 (KHTML, like Gecko) Chrome/102.0.5005.115 Safari/537.36"
137.184.126.22 - - [12/Jun/2022:07:28:17 +0700] "GET /wp-login.php HTTP/1.1" 200 2523 "-" "Mozilla/5.0 (X11; Ubuntu; Linux x86_64; rv:62.0) Gecko/20100101 Firefox/62.0"
183.80.146.133 - - [12/Jun/2022:07:29:31 +0700] "POST /dbl/chonsos/regis_isdn_grid?branch_id=3216&cXacnhan=1&isdn=921079 HTTP/1.1" 200 11 "https://c3.mobifone.vn/dbl/" "Mozilla/5.0 (Windows NT 10.0; Win64; x64) AppleWebKit/537.36 (KHTML, like Gecko) Chrome/102.0.5005.115 Safari/537.36"
183.80.146.133 - - [12/Jun/2022:07:29:49 +0700] "POST /dbl/chonsos/regis_isdn_grid?branch_id=3216&cChuaXacnhan=0&isdn=1079 HTTP/1.1" 200 1333 "https://c3.mobifone.vn/dbl/" "Mozilla/5.0 (Windows NT 10.0; Win64; x64) AppleWebKit/537.36 (KHTML, like Gecko) Chrome/102.0.5005.115 Safari/537.36"
137.59.43.2 - - [12/Jun/2022:07:31:07 +0700] "GET /itest/public/login/images/bg.jpg HTTP/1.1" 304 0 "-" "Mozilla/4.0 (compatible;)"
183.80.146.133 - - [12/Jun/2022:07:31:46 +0700] "POST /dbl/chonsos/regis_isdn_grid?branch_id=3216&cChuaXacnhan=0&isdn= HTTP/1.1" 200 16396 "https://c3.mobifone.vn/dbl/" "Mozilla/5.0 (Windows NT 10.0; Win64; x64) AppleWebKit/537.36 (KHTML, like Gecko) Chrome/102.0.5005.115 Safari/537.36"
183.80.146.133 - - [12/Jun/2022:07:31:55 +0700] "GET /dbl/chonsos/regis_his?isdn=768456787 HTTP/1.1" 200 330 "https://c3.mobifone.vn/dbl/" "Mozilla/5.0 (Windows NT 10.0; Win64; x64) AppleWebKit/537.36 (KHTML, like Gecko) Chrome/102.0.5005.115 Safari/537.36"
68.183.26.89 - - [12/Jun/2022:07:32:34 +0700] "GET /wp-login.php HTTP/1.1" 200 2523 "-" "Mozilla/5.0 (X11; Ubuntu; Linux x86_64; rv:62.0) Gecko/20100101 Firefox/62.0"
137.59.43.2 - - [12/Jun/2022:07:33:09 +0700] "GET /dbl/ HTTP/1.1" 302 0 "-" "Mozilla/5.0 (Windows NT 6.3; Win64; x64) AppleWebKit/537.36 (KHTML, like Gecko) Chrome/102.0.5005.63 Safari/537.36"
137.59.43.2 - - [12/Jun/2022:07:33:09 +0700] "GET /dbl/login HTTP/1.1" 200 878 "-" "Mozilla/5.0 (Windows NT 6.3; Win64; x64) AppleWebKit/537.36 (KHTML, like Gecko) Chrome/102.0.5005.63 Safari/537.36"
137.59.43.2 - - [12/Jun/2022:07:33:09 +0700] "GET /dbl/public/css/secure.css HTTP/1.1" 304 0 "https://c3.mobifone.vn/dbl/login" "Mozilla/5.0 (Windows NT 6.3; Win64; x64) AppleWebKit/537.36 (KHTML, like Gecko) Chrome/102.0.5005.63 Safari/537.36"
137.59.43.2 - - [12/Jun/2022:07:33:09 +0700] "GET /dbl/public/js/jquery-1.9.0.min.js HTTP/1.1" 304 0 "https://c3.mobifone.vn/dbl/login" "Mozilla/5.0 (Windows NT 6.3; Win64; x64) AppleWebKit/537.36 (KHTML, like Gecko) Chrome/102.0.5005.63 Safari/537.36"
137.59.43.2 - - [12/Jun/2022:07:33:09 +0700] "GET /dbl/public/img/logo.png HTTP/1.1" 304 0 "https://c3.mobifone.vn/dbl/login" "Mozilla/5.0 (Windows NT 6.3; Win64; x64) AppleWebKit/537.36 (KHTML, like Gecko) Chrome/102.0.5005.63 Safari/537.36"
137.59.43.2 - - [12/Jun/2022:07:33:09 +0700] "GET /dbl/public/img/login/gradient-2.png HTTP/1.1" 304 0 "https://c3.mobifone.vn/dbl/public/css/secure.css" "Mozilla/5.0 (Windows NT 6.3; Win64; x64) AppleWebKit/537.36 (KHTML, like Gecko) Chrome/102.0.5005.63 Safari/537.36"
137.59.43.2 - - [12/Jun/2022:07:33:10 +0700] "GET /favicon.ico HTTP/1.1" 302 5 "https://c3.mobifone.vn/dbl/login" "Mozilla/5.0 (Windows NT 6.3; Win64; x64) AppleWebKit/537.36 (KHTML, like Gecko) Chrome/102.0.5005.63 Safari/537.36"
113.160.226.182 - - [12/Jun/2022:07:33:11 +0700] "GET /hoicho/welcome.html HTTP/1.1" 200 1380 "-" "Mozilla/5.0 (iPhone; CPU iPhone OS 14_8_1 like Mac OS X) AppleWebKit/605.1.15 (KHTML, like Gecko) Mobile/15E148"
113.160.226.182 - - [12/Jun/2022:07:33:11 +0700] "GET /hoicho/css/normalize.css HTTP/1.1" 200 7279 "https://c3.mobifone.vn/hoicho/welcome.html" "Mozilla/5.0 (iPhone; CPU iPhone OS 14_8_1 like Mac OS X) AppleWebKit/605.1.15 (KHTML, like Gecko) Mobile/15E148"
113.160.226.182 - - [12/Jun/2022:07:33:11 +0700] "GET /hoicho/js/jquery.js HTTP/1.1" 200 273199 "https://c3.mobifone.vn/hoicho/welcome.html" "Mozilla/5.0 (iPhone; CPU iPhone OS 14_8_1 like Mac OS X) AppleWebKit/605.1.15 (KHTML, like Gecko) Mobile/15E148"
113.160.226.182 - - [12/Jun/2022:07:33:11 +0700] "GET /hoicho/css/main.css HTTP/1.1" 200 5537 "https://c3.mobifone.vn/hoicho/welcome.html" "Mozilla/5.0 (iPhone; CPU iPhone OS 14_8_1 like Mac OS X) AppleWebKit/605.1.15 (KHTML, like Gecko) Mobile/15E148"
113.160.226.182 - - [12/Jun/2022:07:33:11 +0700] "GET /hoicho/js/responsive-menu/styles.css HTTP/1.1" 200 7833 "https://c3.mobifone.vn/hoicho/welcome.html" "Mozilla/5.0 (iPhone; CPU iPhone OS 14_8_1 like Mac OS X) AppleWebKit/605.1.15 (KHTML, like Gecko) Mobile/15E148"
113.160.226.182 - - [12/Jun/2022:07:33:11 +0700] "GET /hoicho/js/responsive-menu/script.js HTTP/1.1" 200 3667 "https://c3.mobifone.vn/hoicho/welcome.html" "Mozilla/5.0 (iPhone; CPU iPhone OS 14_8_1 like Mac OS X) AppleWebKit/605.1.15 (KHTML, like Gecko) Mobile/15E148"
113.160.226.182 - - [12/Jun/2022:07:33:11 +0700] "GET /hoicho/js/bootstrap/bootstrap.min.css HTTP/1.1" 200 122540 "https://c3.mobifone.vn/hoicho/welcome.html" "Mozilla/5.0 (iPhone; CPU iPhone OS 14_8_1 like Mac OS X) AppleWebKit/605.1.15 (KHTML, like Gecko) Mobile/15E148"
113.160.226.182 - - [12/Jun/2022:07:33:11 +0700] "GET /hoicho/js/bootstrap/carousel.js HTTP/1.1" 200 9801 "https://c3.mobifone.vn/hoicho/welcome.html" "Mozilla/5.0 (iPhone; CPU iPhone OS 14_8_1 like Mac OS X) AppleWebKit/605.1.15 (KHTML, like Gecko) Mobile/15E148"
113.160.226.182 - - [12/Jun/2022:07:33:12 +0700] "GET /hoicho/banner/chonso.png HTTP/1.1" 200 310981 "https://c3.mobifone.vn/hoicho/welcome.html" "Mozilla/5.0 (iPhone; CPU iPhone OS 14_8_1 like Mac OS X) AppleWebKit/605.1.15 (KHTML, like Gecko) Mobile/15E148"
113.160.226.182 - - [12/Jun/2022:07:33:12 +0700] "GET /hoicho/banner/Banner+1140x347-01_edit.jpg HTTP/1.1" 200 132630 "https://c3.mobifone.vn/hoicho/welcome.html" "Mozilla/5.0 (iPhone; CPU iPhone OS 14_8_1 like Mac OS X) AppleWebKit/605.1.15 (KHTML, like Gecko) Mobile/15E148"
113.160.226.182 - - [12/Jun/2022:07:33:12 +0700] "GET /hoicho/banner/Phu_Quy.png HTTP/1.1" 200 454912 "https://c3.mobifone.vn/hoicho/welcome.html" "Mozilla/5.0 (iPhone; CPU iPhone OS 14_8_1 like Mac OS X) AppleWebKit/605.1.15 (KHTML, like Gecko) Mobile/15E148"
113.160.226.182 - - [12/Jun/2022:07:33:12 +0700] "GET /hoicho/image01/sim_phu_quy.png HTTP/1.1" 200 20886 "https://c3.mobifone.vn/hoicho/welcome.html" "Mozilla/5.0 (iPhone; CPU iPhone OS 14_8_1 like Mac OS X) AppleWebKit/605.1.15 (KHTML, like Gecko) Mobile/15E148"
113.160.226.182 - - [12/Jun/2022:07:33:12 +0700] "GET /hoicho/image01/pq_giacuoc.png HTTP/1.1" 200 501558 "https://c3.mobifone.vn/hoicho/welcome.html" "Mozilla/5.0 (iPhone; CPU iPhone OS 14_8_1 like Mac OS X) AppleWebKit/605.1.15 (KHTML, like Gecko) Mobile/15E148"
113.160.226.182 - - [12/Jun/2022:07:33:12 +0700] "GET /hoicho/image01/pq_gioithieu.png HTTP/1.1" 200 467866 "https://c3.mobifone.vn/hoicho/welcome.html" "Mozilla/5.0 (iPhone; CPU iPhone OS 14_8_1 like Mac OS X) AppleWebKit/605.1.15 (KHTML, like Gecko) Mobile/15E148"
113.160.226.182 - - [12/Jun/2022:07:33:12 +0700] "GET /hoicho/js/fonts/glyphicons-halflings-regular.woff2 HTTP/1.1" 200 18028 "https://c3.mobifone.vn/hoicho/welcome.html" "Mozilla/5.0 (iPhone; CPU iPhone OS 14_8_1 like Mac OS X) AppleWebKit/605.1.15 (KHTML, like Gecko) Mobile/15E148"
113.160.226.182 - - [12/Jun/2022:07:33:12 +0700] "GET /hoicho/image02/BL_icon.png HTTP/1.1" 200 13748 "https://c3.mobifone.vn/hoicho/welcome.html" "Mozilla/5.0 (iPhone; CPU iPhone OS 14_8_1 like Mac OS X) AppleWebKit/605.1.15 (KHTML, like Gecko) Mobile/15E148"
113.160.226.182 - - [12/Jun/2022:07:33:13 +0700] "GET /hoicho/image02/chonso.png HTTP/1.1" 200 189788 "https://c3.mobifone.vn/hoicho/welcome.html" "Mozilla/5.0 (iPhone; CPU iPhone OS 14_8_1 like Mac OS X) AppleWebKit/605.1.15 (KHTML, like Gecko) Mobile/15E148"
113.160.226.182 - - [12/Jun/2022:07:33:13 +0700] "GET /hoicho/image02/4G.png HTTP/1.1" 200 39398 "https://c3.mobifone.vn/hoicho/welcome.html" "Mozilla/5.0 (iPhone; CPU iPhone OS 14_8_1 like Mac OS X) AppleWebKit/605.1.15 (KHTML, like Gecko) Mobile/15E148"
113.160.226.182 - - [12/Jun/2022:07:33:13 +0700] "GET /hoicho/image01/copy.png HTTP/1.1" 200 20326 "https://c3.mobifone.vn/hoicho/welcome.html" "Mozilla/5.0 (iPhone; CPU iPhone OS 14_8_1 like Mac OS X) AppleWebKit/605.1.15 (KHTML, like Gecko) Mobile/15E148"
113.160.226.182 - - [12/Jun/2022:07:33:14 +0700] "GET /hoicho/image02/BL_chuoicuahang.png HTTP/1.1" 200 945260 "https://c3.mobifone.vn/hoicho/welcome.html" "Mozilla/5.0 (iPhone; CPU iPhone OS 14_8_1 like Mac OS X) AppleWebKit/605.1.15 (KHTML, like Gecko) Mobile/15E148"
113.160.226.182 - - [12/Jun/2022:07:33:14 +0700] "GET /hoicho/image02/BL_daucuoi.png HTTP/1.1" 200 1068410 "https://c3.mobifone.vn/hoicho/welcome.html" "Mozilla/5.0 (iPhone; CPU iPhone OS 14_8_1 like Mac OS X) AppleWebKit/605.1.15 (KHTML, like Gecko) Mobile/15E148"
137.59.43.2 - - [12/Jun/2022:07:33:21 +0700] "GET /dbl/activeUserForm HTTP/1.1" 302 0 "-" "Mozilla/4.0 (compatible;)"
137.59.43.2 - - [12/Jun/2022:07:33:22 +0700] "GET /dbl/ HTTP/1.1" 302 0 "-" "Mozilla/4.0 (compatible;)"
137.59.43.2 - - [12/Jun/2022:07:33:45 +0700] "GET /cskh-program/static/js/25.9651be5f.chunk.js HTTP/1.1" 304 0 "-" "Mozilla/4.0 (compatible;)"
183.80.146.133 - - [12/Jun/2022:07:34:15 +0700] "GET /dbl/public/themes/redmond/images/ui-icons_217bc0_256x240.png HTTP/1.1" 304 0 "https://c3.mobifone.vn/dbl/public/themes/redmond/jquery-ui-1.8.14.css" "Mozilla/5.0 (Windows NT 10.0; Win64; x64) AppleWebKit/537.36 (KHTML, like Gecko) Chrome/102.0.5005.115 Safari/537.36"
183.80.146.133 - - [12/Jun/2022:07:34:15 +0700] "POST /dbl/chonsos/regis_isdn_grid?branch_id=3216&cChuaXacnhan=0&isdn= HTTP/1.1" 200 16342 "https://c3.mobifone.vn/dbl/" "Mozilla/5.0 (Windows NT 10.0; Win64; x64) AppleWebKit/537.36 (KHTML, like Gecko) Chrome/102.0.5005.115 Safari/537.36"
137.59.43.2 - - [12/Jun/2022:07:35:17 +0700] "GET /itest/public/js/datetimepicker/lang/jquery.ui.datepicker.locale-vi_VN.js HTTP/1.1" 304 0 "-" "Mozilla/4.0 (compatible;)"
183.80.146.133 - - [12/Jun/2022:07:37:00 +0700] "POST /dbl/chonsos/regis_isdn_grid?branch_id=3216&cChuaXacnhan=0&isdn= HTTP/1.1" 200 16342 "https://c3.mobifone.vn/dbl/" "Mozilla/5.0 (Windows NT 10.0; Win64; x64) AppleWebKit/537.36 (KHTML, like Gecko) Chrome/102.0.5005.115 Safari/537.36"
183.80.146.133 - - [12/Jun/2022:07:37:02 +0700] "POST /dbl/chonsos/regis_isdn_grid?branch_id=3216&cChuaXacnhan=0&isdn= HTTP/1.1" 200 16332 "https://c3.mobifone.vn/dbl/" "Mozilla/5.0 (Windows NT 10.0; Win64; x64) AppleWebKit/537.36 (KHTML, like Gecko) Chrome/102.0.5005.115 Safari/537.36"
137.59.43.2 - - [12/Jun/2022:07:37:59 +0700] "GET /itest/public/js/superfish/supersubs.js HTTP/1.1" 304 0 "-" "Mozilla/4.0 (compatible;)"
64.227.185.46 - - [12/Jun/2022:07:38:49 +0700] "POST /xmlrpc.php HTTP/1.1" 200 436 "-" "Mozilla/5.0 (X11; Ubuntu; Linux x86_64; rv:62.0) Gecko/20100101 Firefox/62.0"
10.24.205.23 - - [12/Jun/2022:07:39:49 +0700] "GET /dbl/login HTTP/1.1" 200 877 "-" "Mozilla/5.0 (Windows NT 6.1; Win64; x64) AppleWebKit/537.36 (KHTML, like Gecko) Chrome/102.0.5005.115 Safari/537.36"
10.24.205.23 - - [12/Jun/2022:07:39:49 +0700] "GET /dbl/public/css/secure.css HTTP/1.1" 304 0 "https://c3.mobifone.vn/dbl/login" "Mozilla/5.0 (Windows NT 6.1; Win64; x64) AppleWebKit/537.36 (KHTML, like Gecko) Chrome/102.0.5005.115 Safari/537.36"
10.24.205.23 - - [12/Jun/2022:07:39:49 +0700] "GET /dbl/public/js/jquery-1.9.0.min.js HTTP/1.1" 304 0 "https://c3.mobifone.vn/dbl/login" "Mozilla/5.0 (Windows NT 6.1; Win64; x64) AppleWebKit/537.36 (KHTML, like Gecko) Chrome/102.0.5005.115 Safari/537.36"
10.24.205.23 - - [12/Jun/2022:07:39:49 +0700] "GET /dbl/public/img/logo.png HTTP/1.1" 304 0 "https://c3.mobifone.vn/dbl/login" "Mozilla/5.0 (Windows NT 6.1; Win64; x64) AppleWebKit/537.36 (KHTML, like Gecko) Chrome/102.0.5005.115 Safari/537.36"
10.24.205.23 - - [12/Jun/2022:07:39:49 +0700] "GET /dbl/public/img/login/gradient-2.png HTTP/1.1" 304 0 "https://c3.mobifone.vn/dbl/public/css/secure.css" "Mozilla/5.0 (Windows NT 6.1; Win64; x64) AppleWebKit/537.36 (KHTML, like Gecko) Chrome/102.0.5005.115 Safari/537.36"
128.199.25.247 - - [12/Jun/2022:07:40:03 +0700] "GET /wp-login.php HTTP/1.1" 200 2523 "-" "Mozilla/5.0 (X11; Ubuntu; Linux x86_64; rv:62.0) Gecko/20100101 Firefox/62.0"
137.59.43.2 - - [12/Jun/2022:07:41:17 +0700] "GET /m-report-api/static/css/786.756e79a1.chunk.css HTTP/1.1" 304 0 "-" "Mozilla/4.0 (compatible;)"
10.24.205.23 - - [12/Jun/2022:07:42:20 +0700] "POST /dbl/login HTTP/1.1" 302 0 "https://c3.mobifone.vn/dbl/login" "Mozilla/5.0 (Windows NT 6.1; Win64; x64) AppleWebKit/537.36 (KHTML, like Gecko) Chrome/102.0.5005.115 Safari/537.36"
10.24.205.23 - - [12/Jun/2022:07:42:20 +0700] "GET /dbl/activeUserForm HTTP/1.1" 200 1428 "-" "Mozilla/5.0 (Windows NT 6.1; Win64; x64) AppleWebKit/537.36 (KHTML, like Gecko) Chrome/102.0.5005.115 Safari/537.36"
10.24.205.23 - - [12/Jun/2022:07:42:20 +0700] "GET /dbl/public/css/main.css HTTP/1.1" 304 0 "https://c3.mobifone.vn/dbl/activeUserForm" "Mozilla/5.0 (Windows NT 6.1; Win64; x64) AppleWebKit/537.36 (KHTML, like Gecko) Chrome/102.0.5005.115 Safari/537.36"
10.24.205.23 - - [12/Jun/2022:07:42:20 +0700] "GET /dbl/public/themes/redmond/jquery-ui-1.8.14.css HTTP/1.1" 304 0 "https://c3.mobifone.vn/dbl/activeUserForm" "Mozilla/5.0 (Windows NT 6.1; Win64; x64) AppleWebKit/537.36 (KHTML, like Gecko) Chrome/102.0.5005.115 Safari/537.36"
10.24.205.23 - - [12/Jun/2022:07:42:20 +0700] "GET /dbl/public/img/indicator.gif HTTP/1.1" 304 0 "https://c3.mobifone.vn/dbl/activeUserForm" "Mozilla/5.0 (Windows NT 6.1; Win64; x64) AppleWebKit/537.36 (KHTML, like Gecko) Chrome/102.0.5005.115 Safari/537.36"
10.24.205.23 - - [12/Jun/2022:07:42:20 +0700] "GET /dbl/public/img/front/bg-logo.png HTTP/1.1" 304 0 "https://c3.mobifone.vn/dbl/activeUserForm" "Mozilla/5.0 (Windows NT 6.1; Win64; x64) AppleWebKit/537.36 (KHTML, like Gecko) Chrome/102.0.5005.115 Safari/537.36"
10.24.205.23 - - [12/Jun/2022:07:42:20 +0700] "GET /dbl/public/img/member/logout.png HTTP/1.1" 304 0 "https://c3.mobifone.vn/dbl/activeUserForm" "Mozilla/5.0 (Windows NT 6.1; Win64; x64) AppleWebKit/537.36 (KHTML, like Gecko) Chrome/102.0.5005.115 Safari/537.36"
10.24.205.23 - - [12/Jun/2022:07:42:21 +0700] "GET /dbl/public/img/front/bg-body.jpg HTTP/1.1" 304 0 "https://c3.mobifone.vn/dbl/public/css/main.css" "Mozilla/5.0 (Windows NT 6.1; Win64; x64) AppleWebKit/537.36 (KHTML, like Gecko) Chrome/102.0.5005.115 Safari/537.36"
10.24.205.23 - - [12/Jun/2022:07:42:21 +0700] "GET /dbl/public/img/front/bg-header.jpg HTTP/1.1" 304 0 "https://c3.mobifone.vn/dbl/public/css/main.css" "Mozilla/5.0 (Windows NT 6.1; Win64; x64) AppleWebKit/537.36 (KHTML, like Gecko) Chrome/102.0.5005.115 Safari/537.36"
10.24.205.23 - - [12/Jun/2022:07:42:21 +0700] "GET /dbl/public/img/front/menu_bg.jpg HTTP/1.1" 304 0 "https://c3.mobifone.vn/dbl/public/css/main.css" "Mozilla/5.0 (Windows NT 6.1; Win64; x64) AppleWebKit/537.36 (KHTML, like Gecko) Chrome/102.0.5005.115 Safari/537.36"
10.24.205.23 - - [12/Jun/2022:07:42:21 +0700] "GET /dbl/public/img/front/bg-sitemap.png HTTP/1.1" 304 0 "https://c3.mobifone.vn/dbl/public/css/main.css" "Mozilla/5.0 (Windows NT 6.1; Win64; x64) AppleWebKit/537.36 (KHTML, like Gecko) Chrome/102.0.5005.115 Safari/537.36"
10.24.205.23 - - [12/Jun/2022:07:42:21 +0700] "GET /dbl/public/themes/redmond/images/ui-bg_glass_85_dfeffc_1x400.png HTTP/1.1" 304 0 "https://c3.mobifone.vn/dbl/public/themes/redmond/jquery-ui-1.8.14.css" "Mozilla/5.0 (Windows NT 6.1; Win64; x64) AppleWebKit/537.36 (KHTML, like Gecko) Chrome/102.0.5005.115 Safari/537.36"
10.24.205.23 - - [12/Jun/2022:07:42:21 +0700] "POST /dbl/activeUser HTTP/1.1" 302 0 "https://c3.mobifone.vn/dbl/activeUserForm" "Mozilla/5.0 (Windows NT 6.1; Win64; x64) AppleWebKit/537.36 (KHTML, like Gecko) Chrome/102.0.5005.115 Safari/537.36"
10.24.205.23 - - [12/Jun/2022:07:42:21 +0700] "GET /dbl/ HTTP/1.1" 200 6716 "-" "Mozilla/5.0 (Windows NT 6.1; Win64; x64) AppleWebKit/537.36 (KHTML, like Gecko) Chrome/102.0.5005.115 Safari/537.36"
10.24.205.23 - - [12/Jun/2022:07:42:21 +0700] "GET /dbl/public/js/jqgrid/ui.jqgrid.css HTTP/1.1" 304 0 "https://c3.mobifone.vn/dbl/" "Mozilla/5.0 (Windows NT 6.1; Win64; x64) AppleWebKit/537.36 (KHTML, like Gecko) Chrome/102.0.5005.115 Safari/537.36"
10.24.205.23 - - [12/Jun/2022:07:42:21 +0700] "GET /dbl/public/js/superfish/superfish.css HTTP/1.1" 304 0 "https://c3.mobifone.vn/dbl/" "Mozilla/5.0 (Windows NT 6.1; Win64; x64) AppleWebKit/537.36 (KHTML, like Gecko) Chrome/102.0.5005.115 Safari/537.36"
10.24.205.23 - - [12/Jun/2022:07:42:21 +0700] "GET /dbl/public/js/contextmenu/contextmenu.css HTTP/1.1" 304 0 "https://c3.mobifone.vn/dbl/" "Mozilla/5.0 (Windows NT 6.1; Win64; x64) AppleWebKit/537.36 (KHTML, like Gecko) Chrome/102.0.5005.115 Safari/537.36"
10.24.205.23 - - [12/Jun/2022:07:42:21 +0700] "GET /dbl/public/js/qtip2/jquery.qtip.min.css HTTP/1.1" 304 0 "https://c3.mobifone.vn/dbl/" "Mozilla/5.0 (Windows NT 6.1; Win64; x64) AppleWebKit/537.36 (KHTML, like Gecko) Chrome/102.0.5005.115 Safari/537.36"
10.24.205.23 - - [12/Jun/2022:07:42:21 +0700] "GET /dbl/public/js/jquery-1.11.0.min.js HTTP/1.1" 304 0 "https://c3.mobifone.vn/dbl/" "Mozilla/5.0 (Windows NT 6.1; Win64; x64) AppleWebKit/537.36 (KHTML, like Gecko) Chrome/102.0.5005.115 Safari/537.36"
10.24.205.23 - - [12/Jun/2022:07:42:21 +0700] "GET /dbl/public/js/jquery.browse.min.js HTTP/1.1" 304 0 "https://c3.mobifone.vn/dbl/" "Mozilla/5.0 (Windows NT 6.1; Win64; x64) AppleWebKit/537.36 (KHTML, like Gecko) Chrome/102.0.5005.115 Safari/537.36"
10.24.205.23 - - [12/Jun/2022:07:42:21 +0700] "GET /dbl/public/js/jquery-ui-1.9.2.min.js HTTP/1.1" 304 0 "https://c3.mobifone.vn/dbl/" "Mozilla/5.0 (Windows NT 6.1; Win64; x64) AppleWebKit/537.36 (KHTML, like Gecko) Chrome/102.0.5005.115 Safari/537.36"
10.24.205.23 - - [12/Jun/2022:07:42:21 +0700] "GET /dbl/public/js/jquery.history.min.js HTTP/1.1" 304 0 "https://c3.mobifone.vn/dbl/" "Mozilla/5.0 (Windows NT 6.1; Win64; x64) AppleWebKit/537.36 (KHTML, like Gecko) Chrome/102.0.5005.115 Safari/537.36"
10.24.205.23 - - [12/Jun/2022:07:42:21 +0700] "GET /dbl/public/js/jqgrid/grid.locale-vi_VN.js HTTP/1.1" 304 0 "https://c3.mobifone.vn/dbl/" "Mozilla/5.0 (Windows NT 6.1; Win64; x64) AppleWebKit/537.36 (KHTML, like Gecko) Chrome/102.0.5005.115 Safari/537.36"
10.24.205.23 - - [12/Jun/2022:07:42:21 +0700] "GET /dbl/public/js/jqgrid/jquery.jqGrid.4.6.0.js HTTP/1.1" 304 0 "https://c3.mobifone.vn/dbl/" "Mozilla/5.0 (Windows NT 6.1; Win64; x64) AppleWebKit/537.36 (KHTML, like Gecko) Chrome/102.0.5005.115 Safari/537.36"
10.24.205.23 - - [12/Jun/2022:07:42:21 +0700] "GET /dbl/public/js/date.js HTTP/1.1" 304 0 "https://c3.mobifone.vn/dbl/" "Mozilla/5.0 (Windows NT 6.1; Win64; x64) AppleWebKit/537.36 (KHTML, like Gecko) Chrome/102.0.5005.115 Safari/537.36"
10.24.205.23 - - [12/Jun/2022:07:42:21 +0700] "GET /dbl/public/js/superfish/hoverIntent.js HTTP/1.1" 304 0 "https://c3.mobifone.vn/dbl/" "Mozilla/5.0 (Windows NT 6.1; Win64; x64) AppleWebKit/537.36 (KHTML, like Gecko) Chrome/102.0.5005.115 Safari/537.36"
10.24.205.23 - - [12/Jun/2022:07:42:22 +0700] "GET /dbl/public/js/superfish/superfish.js HTTP/1.1" 304 0 "https://c3.mobifone.vn/dbl/" "Mozilla/5.0 (Windows NT 6.1; Win64; x64) AppleWebKit/537.36 (KHTML, like Gecko) Chrome/102.0.5005.115 Safari/537.36"
10.24.205.23 - - [12/Jun/2022:07:42:22 +0700] "GET /dbl/public/js/superfish/supersubs.js HTTP/1.1" 304 0 "https://c3.mobifone.vn/dbl/" "Mozilla/5.0 (Windows NT 6.1; Win64; x64) AppleWebKit/537.36 (KHTML, like Gecko) Chrome/102.0.5005.115 Safari/537.36"
10.24.205.23 - - [12/Jun/2022:07:42:22 +0700] "GET /dbl/public/js/qtip2/jquery.qtip.min.js HTTP/1.1" 304 0 "https://c3.mobifone.vn/dbl/" "Mozilla/5.0 (Windows NT 6.1; Win64; x64) AppleWebKit/537.36 (KHTML, like Gecko) Chrome/102.0.5005.115 Safari/537.36"
10.24.205.23 - - [12/Jun/2022:07:42:22 +0700] "GET /dbl/public/js/numberFormatter/jshashtable-2.1.js HTTP/1.1" 304 0 "https://c3.mobifone.vn/dbl/" "Mozilla/5.0 (Windows NT 6.1; Win64; x64) AppleWebKit/537.36 (KHTML, like Gecko) Chrome/102.0.5005.115 Safari/537.36"
10.24.205.23 - - [12/Jun/2022:07:42:22 +0700] "GET /dbl/public/js/numberFormatter/jquery.numberformatter-1.2.4.min.js HTTP/1.1" 304 0 "https://c3.mobifone.vn/dbl/" "Mozilla/5.0 (Windows NT 6.1; Win64; x64) AppleWebKit/537.36 (KHTML, like Gecko) Chrome/102.0.5005.115 Safari/537.36"
10.24.205.23 - - [12/Jun/2022:07:42:22 +0700] "GET /dbl/public/js/common.js HTTP/1.1" 304 0 "https://c3.mobifone.vn/dbl/" "Mozilla/5.0 (Windows NT 6.1; Win64; x64) AppleWebKit/537.36 (KHTML, like Gecko) Chrome/102.0.5005.115 Safari/537.36"
10.24.205.23 - - [12/Jun/2022:07:42:22 +0700] "GET /dbl/public/img/member/changepass.png HTTP/1.1" 304 0 "https://c3.mobifone.vn/dbl/" "Mozilla/5.0 (Windows NT 6.1; Win64; x64) AppleWebKit/537.36 (KHTML, like Gecko) Chrome/102.0.5005.115 Safari/537.36"
10.24.205.23 - - [12/Jun/2022:07:42:22 +0700] "GET /dbl/public/js/superfish/images/slash.png HTTP/1.1" 304 0 "https://c3.mobifone.vn/dbl/public/js/superfish/superfish.css" "Mozilla/5.0 (Windows NT 6.1; Win64; x64) AppleWebKit/537.36 (KHTML, like Gecko) Chrome/102.0.5005.115 Safari/537.36"
10.24.205.23 - - [12/Jun/2022:07:42:22 +0700] "GET /dbl/admin/checksession HTTP/1.1" 200 6 "https://c3.mobifone.vn/dbl/" "Mozilla/5.0 (Windows NT 6.1; Win64; x64) AppleWebKit/537.36 (KHTML, like Gecko) Chrome/102.0.5005.115 Safari/537.36"
10.24.205.23 - - [12/Jun/2022:07:42:22 +0700] "GET /dbl/public/js/superfish/images/arrows-ffffff.png HTTP/1.1" 304 0 "https://c3.mobifone.vn/dbl/public/js/superfish/superfish.css" "Mozilla/5.0 (Windows NT 6.1; Win64; x64) AppleWebKit/537.36 (KHTML, like Gecko) Chrome/102.0.5005.115 Safari/537.36"
10.24.205.23 - - [12/Jun/2022:07:42:22 +0700] "GET /dbl/admin/checksession HTTP/1.1" 200 6 "https://c3.mobifone.vn/dbl/" "Mozilla/5.0 (Windows NT 6.1; Win64; x64) AppleWebKit/537.36 (KHTML, like Gecko) Chrome/102.0.5005.115 Safari/537.36"
10.24.205.23 - - [12/Jun/2022:07:42:22 +0700] "GET /dbl/viewlog?rd=17380.856787344284 HTTP/1.1" 200 1548 "https://c3.mobifone.vn/dbl/" "Mozilla/5.0 (Windows NT 6.1; Win64; x64) AppleWebKit/537.36 (KHTML, like Gecko) Chrome/102.0.5005.115 Safari/537.36"
10.24.205.23 - - [12/Jun/2022:07:42:22 +0700] "GET /dbl/public/themes/redmond/images/ui-bg_inset-hard_100_fcfdfd_1x100.png HTTP/1.1" 304 0 "https://c3.mobifone.vn/dbl/public/themes/redmond/jquery-ui-1.8.14.css" "Mozilla/5.0 (Windows NT 6.1; Win64; x64) AppleWebKit/537.36 (KHTML, like Gecko) Chrome/102.0.5005.115 Safari/537.36"
10.24.205.23 - - [12/Jun/2022:07:42:22 +0700] "GET /dbl/public/themes/redmond/images/ui-bg_gloss-wave_55_5c9ccc_500x100.png HTTP/1.1" 304 0 "https://c3.mobifone.vn/dbl/public/themes/redmond/jquery-ui-1.8.14.css" "Mozilla/5.0 (Windows NT 6.1; Win64; x64) AppleWebKit/537.36 (KHTML, like Gecko) Chrome/102.0.5005.115 Safari/537.36"
10.24.205.23 - - [12/Jun/2022:07:42:22 +0700] "GET /dbl/public/themes/redmond/images/ui-bg_inset-hard_100_f5f8f9_1x100.png HTTP/1.1" 304 0 "https://c3.mobifone.vn/dbl/public/themes/redmond/jquery-ui-1.8.14.css" "Mozilla/5.0 (Windows NT 6.1; Win64; x64) AppleWebKit/537.36 (KHTML, like Gecko) Chrome/102.0.5005.115 Safari/537.36"
10.24.205.23 - - [12/Jun/2022:07:42:22 +0700] "POST /dbl/application/getlog_view_grid? HTTP/1.1" 200 6920 "https://c3.mobifone.vn/dbl/" "Mozilla/5.0 (Windows NT 6.1; Win64; x64) AppleWebKit/537.36 (KHTML, like Gecko) Chrome/102.0.5005.115 Safari/537.36"
10.24.205.23 - - [12/Jun/2022:07:42:22 +0700] "GET /dbl/public/themes/redmond/images/ui-icons_6da8d5_256x240.png HTTP/1.1" 304 0 "https://c3.mobifone.vn/dbl/public/themes/redmond/jquery-ui-1.8.14.css" "Mozilla/5.0 (Windows NT 6.1; Win64; x64) AppleWebKit/537.36 (KHTML, like Gecko) Chrome/102.0.5005.115 Safari/537.36"
10.24.205.23 - - [12/Jun/2022:07:42:29 +0700] "GET /dbl/public/themes/redmond/images/ui-icons_217bc0_256x240.png HTTP/1.1" 304 0 "https://c3.mobifone.vn/dbl/public/themes/redmond/jquery-ui-1.8.14.css" "Mozilla/5.0 (Windows NT 6.1; Win64; x64) AppleWebKit/537.36 (KHTML, like Gecko) Chrome/102.0.5005.115 Safari/537.36"
10.24.205.23 - - [12/Jun/2022:07:42:29 +0700] "GET /dbl/public/themes/redmond/images/ui-bg_glass_75_d0e5f5_1x400.png HTTP/1.1" 304 0 "https://c3.mobifone.vn/dbl/public/themes/redmond/jquery-ui-1.8.14.css" "Mozilla/5.0 (Windows NT 6.1; Win64; x64) AppleWebKit/537.36 (KHTML, like Gecko) Chrome/102.0.5005.115 Safari/537.36"
10.24.205.23 - - [12/Jun/2022:07:42:29 +0700] "GET /dbl/public/js/superfish/images/menu_hover_red2.png HTTP/1.1" 304 0 "https://c3.mobifone.vn/dbl/public/js/superfish/superfish.css" "Mozilla/5.0 (Windows NT 6.1; Win64; x64) AppleWebKit/537.36 (KHTML, like Gecko) Chrome/102.0.5005.115 Safari/537.36"
10.24.205.23 - - [12/Jun/2022:07:42:29 +0700] "GET /dbl/public/js/superfish/images/shadow.png HTTP/1.1" 304 0 "https://c3.mobifone.vn/dbl/public/js/superfish/superfish.css" "Mozilla/5.0 (Windows NT 6.1; Win64; x64) AppleWebKit/537.36 (KHTML, like Gecko) Chrome/102.0.5005.115 Safari/537.36"
10.24.205.23 - - [12/Jun/2022:07:42:31 +0700] "GET /dbl/admin/checksession HTTP/1.1" 200 6 "https://c3.mobifone.vn/dbl/" "Mozilla/5.0 (Windows NT 6.1; Win64; x64) AppleWebKit/537.36 (KHTML, like Gecko) Chrome/102.0.5005.115 Safari/537.36"
10.24.205.23 - - [12/Jun/2022:07:42:31 +0700] "GET /dbl/Chonsos/xac_nhan?rd=13799.05558562379 HTTP/1.1" 200 4011 "https://c3.mobifone.vn/dbl/" "Mozilla/5.0 (Windows NT 6.1; Win64; x64) AppleWebKit/537.36 (KHTML, like Gecko) Chrome/102.0.5005.115 Safari/537.36"
10.24.205.23 - - [12/Jun/2022:07:42:31 +0700] "GET /dbl/public/js/select2/select2.css HTTP/1.1" 304 0 "https://c3.mobifone.vn/dbl/" "Mozilla/5.0 (Windows NT 6.1; Win64; x64) AppleWebKit/537.36 (KHTML, like Gecko) Chrome/102.0.5005.115 Safari/537.36"
10.24.205.23 - - [12/Jun/2022:07:42:31 +0700] "GET /dbl/public/js/select2/select2.js?_=1654994541660 HTTP/1.1" 200 137336 "https://c3.mobifone.vn/dbl/" "Mozilla/5.0 (Windows NT 6.1; Win64; x64) AppleWebKit/537.36 (KHTML, like Gecko) Chrome/102.0.5005.115 Safari/537.36"
10.24.205.23 - - [12/Jun/2022:07:42:31 +0700] "GET /dbl/public/js/select2/select2_locale_vi.js?_=1654994541661 HTTP/1.1" 200 927 "https://c3.mobifone.vn/dbl/" "Mozilla/5.0 (Windows NT 6.1; Win64; x64) AppleWebKit/537.36 (KHTML, like Gecko) Chrome/102.0.5005.115 Safari/537.36"
10.24.205.23 - - [12/Jun/2022:07:42:31 +0700] "GET /dbl/public/js/select2/select2.png HTTP/1.1" 304 0 "https://c3.mobifone.vn/dbl/public/js/select2/select2.css" "Mozilla/5.0 (Windows NT 6.1; Win64; x64) AppleWebKit/537.36 (KHTML, like Gecko) Chrome/102.0.5005.115 Safari/537.36"
10.24.205.23 - - [12/Jun/2022:07:42:39 +0700] "GET /dbl/public/themes/redmond/images/ui-icons_469bdd_256x240.png HTTP/1.1" 304 0 "https://c3.mobifone.vn/dbl/public/themes/redmond/jquery-ui-1.8.14.css" "Mozilla/5.0 (Windows NT 6.1; Win64; x64) AppleWebKit/537.36 (KHTML, like Gecko) Chrome/102.0.5005.115 Safari/537.36"
10.24.205.23 - - [12/Jun/2022:07:42:40 +0700] "POST /dbl/chonsos/regis_isdn_grid?branch_id=3217&cXacnhan=1&isdn=934769177 HTTP/1.1" 200 417 "https://c3.mobifone.vn/dbl/" "Mozilla/5.0 (Windows NT 6.1; Win64; x64) AppleWebKit/537.36 (KHTML, like Gecko) Chrome/102.0.5005.115 Safari/537.36"
10.24.205.23 - - [12/Jun/2022:07:42:40 +0700] "GET /dbl/public/img/grid/button-delete.gif HTTP/1.1" 304 0 "https://c3.mobifone.vn/dbl/" "Mozilla/5.0 (Windows NT 6.1; Win64; x64) AppleWebKit/537.36 (KHTML, like Gecko) Chrome/102.0.5005.115 Safari/537.36"
10.24.205.23 - - [12/Jun/2022:07:42:40 +0700] "GET /dbl/public/img/grid/checked.gif HTTP/1.1" 304 0 "https://c3.mobifone.vn/dbl/" "Mozilla/5.0 (Windows NT 6.1; Win64; x64) AppleWebKit/537.36 (KHTML, like Gecko) Chrome/102.0.5005.115 Safari/537.36"
10.24.205.23 - - [12/Jun/2022:07:42:40 +0700] "GET /dbl/public/img/grid/history.png HTTP/1.1" 304 0 "https://c3.mobifone.vn/dbl/" "Mozilla/5.0 (Windows NT 6.1; Win64; x64) AppleWebKit/537.36 (KHTML, like Gecko) Chrome/102.0.5005.115 Safari/537.36"
183.80.146.133 - - [12/Jun/2022:07:42:47 +0700] "POST /dbl/chonsos/regis_isdn_grid?branch_id=3216&cChuaXacnhan=0&isdn= HTTP/1.1" 200 16363 "https://c3.mobifone.vn/dbl/" "Mozilla/5.0 (Windows NT 10.0; Win64; x64) AppleWebKit/537.36 (KHTML, like Gecko) Chrome/102.0.5005.115 Safari/537.36"
183.80.146.133 - - [12/Jun/2022:07:42:47 +0700] "POST /dbl/chonsos/regis_isdn_grid?branch_id=3216&cChuaXacnhan=0&isdn= HTTP/1.1" 200 16363 "https://c3.mobifone.vn/dbl/" "Mozilla/5.0 (Windows NT 10.0; Win64; x64) AppleWebKit/537.36 (KHTML, like Gecko) Chrome/102.0.5005.115 Safari/537.36"
159.65.1.255 - - [12/Jun/2022:07:43:28 +0700] "GET /wp-login.php HTTP/1.1" 200 2523 "-" "Mozilla/5.0 (X11; Ubuntu; Linux x86_64; rv:62.0) Gecko/20100101 Firefox/62.0"
159.65.1.255 - - [12/Jun/2022:07:43:29 +0700] "POST /xmlrpc.php HTTP/1.1" 200 436 "-" "Mozilla/5.0 (X11; Ubuntu; Linux x86_64; rv:62.0) Gecko/20100101 Firefox/62.0"
10.24.205.23 - - [12/Jun/2022:07:43:49 +0700] "GET /dbl/public/themes/redmond/images/ui-icons_d8e7f3_256x240.png HTTP/1.1" 304 0 "https://c3.mobifone.vn/dbl/public/themes/redmond/jquery-ui-1.8.14.css" "Mozilla/5.0 (Windows NT 6.1; Win64; x64) AppleWebKit/537.36 (KHTML, like Gecko) Chrome/102.0.5005.115 Safari/537.36"
10.24.205.23 - - [12/Jun/2022:07:43:49 +0700] "GET /dbl/public/themes/redmond/images/ui-bg_flat_0_aaaaaa_40x100.png HTTP/1.1" 304 0 "https://c3.mobifone.vn/dbl/public/themes/redmond/jquery-ui-1.8.14.css" "Mozilla/5.0 (Windows NT 6.1; Win64; x64) AppleWebKit/537.36 (KHTML, like Gecko) Chrome/102.0.5005.115 Safari/537.36"
10.24.205.23 - - [12/Jun/2022:07:43:49 +0700] "GET /dbl/admin/checksession HTTP/1.1" 200 6 "https://c3.mobifone.vn/dbl/" "Mozilla/5.0 (Windows NT 6.1; Win64; x64) AppleWebKit/537.36 (KHTML, like Gecko) Chrome/102.0.5005.115 Safari/537.36"
10.24.205.23 - - [12/Jun/2022:07:43:49 +0700] "GET /dbl/public/themes/redmond/images/ui-bg_flat_55_fbec88_40x100.png HTTP/1.1" 304 0 "https://c3.mobifone.vn/dbl/public/themes/redmond/jquery-ui-1.8.14.css" "Mozilla/5.0 (Windows NT 6.1; Win64; x64) AppleWebKit/537.36 (KHTML, like Gecko) Chrome/102.0.5005.115 Safari/537.36"
10.24.205.23 - - [12/Jun/2022:07:43:54 +0700] "POST /dbl/chonsos/huy_dang_ky HTTP/1.1" 200 1 "https://c3.mobifone.vn/dbl/" "Mozilla/5.0 (Windows NT 6.1; Win64; x64) AppleWebKit/537.36 (KHTML, like Gecko) Chrome/102.0.5005.115 Safari/537.36"
10.24.205.23 - - [12/Jun/2022:07:43:55 +0700] "POST /dbl/chonsos/regis_isdn_grid?branch_id=3217&cXacnhan=1&isdn=934769177 HTTP/1.1" 200 11 "https://c3.mobifone.vn/dbl/" "Mozilla/5.0 (Windows NT 6.1; Win64; x64) AppleWebKit/537.36 (KHTML, like Gecko) Chrome/102.0.5005.115 Safari/537.36"
10.24.205.23 - - [12/Jun/2022:07:44:27 +0700] "POST /dbl/chonsos/regis_isdn_grid?branch_id=3217&cXacnhan=1&isdn=932541077 HTTP/1.1" 200 11 "https://c3.mobifone.vn/dbl/" "Mozilla/5.0 (Windows NT 6.1; Win64; x64) AppleWebKit/537.36 (KHTML, like Gecko) Chrome/102.0.5005.115 Safari/537.36"
10.24.205.23 - - [12/Jun/2022:07:44:28 +0700] "POST /dbl/chonsos/regis_isdn_grid?branch_id=3217&cXacnhan=1&isdn=932541077 HTTP/1.1" 200 11 "https://c3.mobifone.vn/dbl/" "Mozilla/5.0 (Windows NT 6.1; Win64; x64) AppleWebKit/537.36 (KHTML, like Gecko) Chrome/102.0.5005.115 Safari/537.36"
10.24.205.23 - - [12/Jun/2022:07:44:29 +0700] "POST /dbl/chonsos/regis_isdn_grid?branch_id=3217&cXacnhan=1&isdn=932541077 HTTP/1.1" 200 11 "https://c3.mobifone.vn/dbl/" "Mozilla/5.0 (Windows NT 6.1; Win64; x64) AppleWebKit/537.36 (KHTML, like Gecko) Chrome/102.0.5005.115 Safari/537.36"
10.24.205.23 - - [12/Jun/2022:07:45:10 +0700] "POST /dbl/chonsos/regis_isdn_grid?branch_id=3217&cXacnhan=1&isdn=931913077 HTTP/1.1" 200 413 "https://c3.mobifone.vn/dbl/" "Mozilla/5.0 (Windows NT 6.1; Win64; x64) AppleWebKit/537.36 (KHTML, like Gecko) Chrome/102.0.5005.115 Safari/537.36"
137.59.43.2 - - [12/Jun/2022:07:45:46 +0700] "GET /dbl/ HTTP/1.1" 200 6727 "-" "Mozilla/5.0 (Windows NT 6.3; Win64; x64) AppleWebKit/537.36 (KHTML, like Gecko) Chrome/102.0.5005.63 Safari/537.36"
137.59.43.2 - - [12/Jun/2022:07:45:47 +0700] "GET /dbl/admin/checksession HTTP/1.1" 200 6 "https://c3.mobifone.vn/dbl/" "Mozilla/5.0 (Windows NT 6.3; Win64; x64) AppleWebKit/537.36 (KHTML, like Gecko) Chrome/102.0.5005.63 Safari/537.36"
137.59.43.2 - - [12/Jun/2022:07:45:47 +0700] "GET /dbl/Chonsos/xac_nhan?rd=73086.83623779051 HTTP/1.1" 200 4011 "https://c3.mobifone.vn/dbl/" "Mozilla/5.0 (Windows NT 6.3; Win64; x64) AppleWebKit/537.36 (KHTML, like Gecko) Chrome/102.0.5005.63 Safari/537.36"
137.59.43.2 - - [12/Jun/2022:07:45:47 +0700] "GET /dbl/public/img/3g_mobifone.png HTTP/1.1" 304 0 "https://c3.mobifone.vn/dbl/" "Mozilla/5.0 (Windows NT 6.3; Win64; x64) AppleWebKit/537.36 (KHTML, like Gecko) Chrome/102.0.5005.63 Safari/537.36"
137.59.43.2 - - [12/Jun/2022:07:45:47 +0700] "GET /dbl/public/js/select2/select2.js?_=1654994746838 HTTP/1.1" 200 137398 "https://c3.mobifone.vn/dbl/" "Mozilla/5.0 (Windows NT 6.3; Win64; x64) AppleWebKit/537.36 (KHTML, like Gecko) Chrome/102.0.5005.63 Safari/537.36"
137.59.43.2 - - [12/Jun/2022:07:45:47 +0700] "GET /dbl/public/js/select2/select2_locale_vi.js?_=1654994746839 HTTP/1.1" 200 927 "https://c3.mobifone.vn/dbl/" "Mozilla/5.0 (Windows NT 6.3; Win64; x64) AppleWebKit/537.36 (KHTML, like Gecko) Chrome/102.0.5005.63 Safari/537.36"
10.24.205.23 - - [12/Jun/2022:07:45:53 +0700] "GET /dbl/admin/checksession HTTP/1.1" 200 6 "https://c3.mobifone.vn/dbl/" "Mozilla/5.0 (Windows NT 6.1; Win64; x64) AppleWebKit/537.36 (KHTML, like Gecko) Chrome/102.0.5005.115 Safari/537.36"
51.178.141.208 - - [12/Jun/2022:07:45:59 +0700] "POST /xmlrpc.php HTTP/1.1" 200 436 "-" "Mozilla/5.0 (X11; Ubuntu; Linux x86_64; rv:62.0) Gecko/20100101 Firefox/62.0"
10.24.205.23 - - [12/Jun/2022:07:46:06 +0700] "POST /dbl/chonsos/huy_dang_ky HTTP/1.1" 200 1 "https://c3.mobifone.vn/dbl/" "Mozilla/5.0 (Windows NT 6.1; Win64; x64) AppleWebKit/537.36 (KHTML, like Gecko) Chrome/102.0.5005.115 Safari/537.36"
10.24.205.23 - - [12/Jun/2022:07:46:06 +0700] "POST /dbl/chonsos/regis_isdn_grid?branch_id=3217&cXacnhan=1&isdn=931913077 HTTP/1.1" 200 11 "https://c3.mobifone.vn/dbl/" "Mozilla/5.0 (Windows NT 6.1; Win64; x64) AppleWebKit/537.36 (KHTML, like Gecko) Chrome/102.0.5005.115 Safari/537.36"
10.24.205.23 - - [12/Jun/2022:07:46:57 +0700] "POST /dbl/chonsos/regis_isdn_grid?branch_id=3217&cXacnhan=1&isdn=932561366 HTTP/1.1" 200 412 "https://c3.mobifone.vn/dbl/" "Mozilla/5.0 (Windows NT 6.1; Win64; x64) AppleWebKit/537.36 (KHTML, like Gecko) Chrome/102.0.5005.115 Safari/537.36"
10.24.205.23 - - [12/Jun/2022:07:47:01 +0700] "GET /dbl/admin/checksession HTTP/1.1" 200 6 "https://c3.mobifone.vn/dbl/" "Mozilla/5.0 (Windows NT 6.1; Win64; x64) AppleWebKit/537.36 (KHTML, like Gecko) Chrome/102.0.5005.115 Safari/537.36"
10.24.205.23 - - [12/Jun/2022:07:47:01 +0700] "POST /dbl/chonsos/xac_nhan_detail HTTP/1.1" 200 2391 "https://c3.mobifone.vn/dbl/" "Mozilla/5.0 (Windows NT 6.1; Win64; x64) AppleWebKit/537.36 (KHTML, like Gecko) Chrome/102.0.5005.115 Safari/537.36"
10.24.205.23 - - [12/Jun/2022:07:47:03 +0700] "POST /dbl/chonsos/regis_isdn_grid?branch_id=3217&cXacnhan=1&isdn=932561366 HTTP/1.1" 200 412 "https://c3.mobifone.vn/dbl/" "Mozilla/5.0 (Windows NT 6.1; Win64; x64) AppleWebKit/537.36 (KHTML, like Gecko) Chrome/102.0.5005.115 Safari/537.36"
10.24.205.23 - - [12/Jun/2022:07:47:03 +0700] "GET /dbl/admin/checksession HTTP/1.1" 200 6 "https://c3.mobifone.vn/dbl/" "Mozilla/5.0 (Windows NT 6.1; Win64; x64) AppleWebKit/537.36 (KHTML, like Gecko) Chrome/102.0.5005.115 Safari/537.36"
10.24.205.23 - - [12/Jun/2022:07:47:07 +0700] "POST /dbl/chonsos/huy_dang_ky HTTP/1.1" 200 1 "https://c3.mobifone.vn/dbl/" "Mozilla/5.0 (Windows NT 6.1; Win64; x64) AppleWebKit/537.36 (KHTML, like Gecko) Chrome/102.0.5005.115 Safari/537.36"
10.24.205.23 - - [12/Jun/2022:07:47:08 +0700] "POST /dbl/chonsos/regis_isdn_grid?branch_id=3217&cXacnhan=1&isdn=932561366 HTTP/1.1" 200 11 "https://c3.mobifone.vn/dbl/" "Mozilla/5.0 (Windows NT 6.1; Win64; x64) AppleWebKit/537.36 (KHTML, like Gecko) Chrome/102.0.5005.115 Safari/537.36"
138.201.59.23 - - [12/Jun/2022:07:47:23 +0700] "GET /wp-login.php HTTP/1.1" 200 2523 "-" "Mozilla/5.0 (X11; Ubuntu; Linux x86_64; rv:62.0) Gecko/20100101 Firefox/62.0"
138.201.59.23 - - [12/Jun/2022:07:47:25 +0700] "POST /xmlrpc.php HTTP/1.1" 200 436 "-" "Mozilla/5.0 (X11; Ubuntu; Linux x86_64; rv:62.0) Gecko/20100101 Firefox/62.0"
10.24.205.23 - - [12/Jun/2022:07:47:45 +0700] "POST /dbl/chonsos/regis_isdn_grid?branch_id=3217&cXacnhan=1&isdn=931953766 HTTP/1.1" 200 11 "https://c3.mobifone.vn/dbl/" "Mozilla/5.0 (Windows NT 6.1; Win64; x64) AppleWebKit/537.36 (KHTML, like Gecko) Chrome/102.0.5005.115 Safari/537.36"
10.24.205.23 - - [12/Jun/2022:07:47:47 +0700] "POST /dbl/chonsos/regis_isdn_grid?branch_id=3217&cXacnhan=1&isdn=931953766 HTTP/1.1" 200 11 "https://c3.mobifone.vn/dbl/" "Mozilla/5.0 (Windows NT 6.1; Win64; x64) AppleWebKit/537.36 (KHTML, like Gecko) Chrome/102.0.5005.115 Safari/537.36"
137.59.43.2 - - [12/Jun/2022:07:48:00 +0700] "GET /cskh-program/static/css/27.ca125588.chunk.css HTTP/1.1" 304 0 "-" "Mozilla/4.0 (compatible;)"
183.80.146.133 - - [12/Jun/2022:07:48:13 +0700] "POST /dbl/chonsos/regis_isdn_grid?branch_id=3216&cChuaXacnhan=0&isdn= HTTP/1.1" 200 16365 "https://c3.mobifone.vn/dbl/" "Mozilla/5.0 (Windows NT 10.0; Win64; x64) AppleWebKit/537.36 (KHTML, like Gecko) Chrome/102.0.5005.115 Safari/537.36"
10.24.205.23 - - [12/Jun/2022:07:48:27 +0700] "POST /dbl/chonsos/regis_isdn_grid?branch_id=3217&cXacnhan=1&isdn=934764559 HTTP/1.1" 200 417 "https://c3.mobifone.vn/dbl/" "Mozilla/5.0 (Windows NT 6.1; Win64; x64) AppleWebKit/537.36 (KHTML, like Gecko) Chrome/102.0.5005.115 Safari/537.36"
10.24.205.23 - - [12/Jun/2022:07:48:30 +0700] "GET /dbl/admin/checksession HTTP/1.1" 200 6 "https://c3.mobifone.vn/dbl/" "Mozilla/5.0 (Windows NT 6.1; Win64; x64) AppleWebKit/537.36 (KHTML, like Gecko) Chrome/102.0.5005.115 Safari/537.36"
10.24.199.77 - - [12/Jun/2022:07:48:40 +0700] "OPTIONS /callout-cskh/api/get-user-menu-list HTTP/1.1" 200 4 "http://10.16.150.69:9223/" "Mozilla/5.0 (Windows NT 6.1; Win64; x64) AppleWebKit/537.36 (KHTML, like Gecko) Chrome/102.0.0.0 Safari/537.36"
10.24.199.77 - - [12/Jun/2022:07:48:40 +0700] "OPTIONS /callout-cskh/api/get-province-list HTTP/1.1" 200 4 "http://10.16.150.69:9223/" "Mozilla/5.0 (Windows NT 6.1; Win64; x64) AppleWebKit/537.36 (KHTML, like Gecko) Chrome/102.0.0.0 Safari/537.36"
10.24.199.77 - - [12/Jun/2022:07:48:41 +0700] "POST /callout-cskh/api/get-province-list HTTP/1.1" 200 559 "http://10.16.150.69:9223/" "Mozilla/5.0 (Windows NT 6.1; Win64; x64) AppleWebKit/537.36 (KHTML, like Gecko) Chrome/102.0.0.0 Safari/537.36"
10.24.199.77 - - [12/Jun/2022:07:48:41 +0700] "POST /callout-cskh/api/get-user-menu-list HTTP/1.1" 200 2143 "http://10.16.150.69:9223/" "Mozilla/5.0 (Windows NT 6.1; Win64; x64) AppleWebKit/537.36 (KHTML, like Gecko) Chrome/102.0.0.0 Safari/537.36"
10.24.199.77 - - [12/Jun/2022:07:48:41 +0700] "OPTIONS /callout-cskh/api/get-department-list HTTP/1.1" 200 4 "http://10.16.150.69:9223/" "Mozilla/5.0 (Windows NT 6.1; Win64; x64) AppleWebKit/537.36 (KHTML, like Gecko) Chrome/102.0.0.0 Safari/537.36"
10.24.199.77 - - [12/Jun/2022:07:48:41 +0700] "POST /callout-cskh/api/get-department-list HTTP/1.1" 200 4035 "http://10.16.150.69:9223/" "Mozilla/5.0 (Windows NT 6.1; Win64; x64) AppleWebKit/537.36 (KHTML, like Gecko) Chrome/102.0.0.0 Safari/537.36"
10.24.199.77 - - [12/Jun/2022:07:48:41 +0700] "OPTIONS /callout-cskh/api/get-user-info HTTP/1.1" 200 4 "http://10.16.150.69:9223/" "Mozilla/5.0 (Windows NT 6.1; Win64; x64) AppleWebKit/537.36 (KHTML, like Gecko) Chrome/102.0.0.0 Safari/537.36"
10.24.199.77 - - [12/Jun/2022:07:48:41 +0700] "POST /callout-cskh/api/get-user-info HTTP/1.1" 200 29 "http://10.16.150.69:9223/" "Mozilla/5.0 (Windows NT 6.1; Win64; x64) AppleWebKit/537.36 (KHTML, like Gecko) Chrome/102.0.0.0 Safari/537.36"
10.24.205.23 - - [12/Jun/2022:07:48:42 +0700] "POST /dbl/chonsos/huy_dang_ky HTTP/1.1" 200 1 "https://c3.mobifone.vn/dbl/" "Mozilla/5.0 (Windows NT 6.1; Win64; x64) AppleWebKit/537.36 (KHTML, like Gecko) Chrome/102.0.5005.115 Safari/537.36"
137.184.121.157 - - [12/Jun/2022:07:48:43 +0700] "POST /wp-login.php HTTP/1.1" 200 2671 "-" "Mozilla/5.0 (X11; Ubuntu; Linux x86_64; rv:62.0) Gecko/20100101 Firefox/62.0"
137.184.121.157 - - [12/Jun/2022:07:48:44 +0700] "POST /xmlrpc.php HTTP/1.1" 200 436 "-" "Mozilla/5.0 (X11; Ubuntu; Linux x86_64; rv:62.0) Gecko/20100101 Firefox/62.0"
10.24.205.23 - - [12/Jun/2022:07:48:44 +0700] "POST /dbl/chonsos/regis_isdn_grid?branch_id=3217&cXacnhan=1&isdn=934764559 HTTP/1.1" 200 11 "https://c3.mobifone.vn/dbl/" "Mozilla/5.0 (Windows NT 6.1; Win64; x64) AppleWebKit/537.36 (KHTML, like Gecko) Chrome/102.0.5005.115 Safari/537.36"
10.24.199.77 - - [12/Jun/2022:07:48:53 +0700] "OPTIONS /callout-cskh/api/login HTTP/1.1" 200 4 "http://10.16.150.69:9223/" "Mozilla/5.0 (Windows NT 6.1; Win64; x64) AppleWebKit/537.36 (KHTML, like Gecko) Chrome/102.0.0.0 Safari/537.36"
10.24.199.77 - - [12/Jun/2022:07:48:53 +0700] "POST /callout-cskh/api/login HTTP/1.1" 200 185 "http://10.16.150.69:9223/" "Mozilla/5.0 (Windows NT 6.1; Win64; x64) AppleWebKit/537.36 (KHTML, like Gecko) Chrome/102.0.0.0 Safari/537.36"
10.24.199.77 - - [12/Jun/2022:07:49:00 +0700] "POST /callout-cskh/api/login HTTP/1.1" 200 163 "http://10.16.150.69:9223/" "Mozilla/5.0 (Windows NT 6.1; Win64; x64) AppleWebKit/537.36 (KHTML, like Gecko) Chrome/102.0.0.0 Safari/537.36"
10.24.199.77 - - [12/Jun/2022:07:49:00 +0700] "POST /callout-cskh/api/get-province-list HTTP/1.1" 200 559 "http://10.16.150.69:9223/" "Mozilla/5.0 (Windows NT 6.1; Win64; x64) AppleWebKit/537.36 (KHTML, like Gecko) Chrome/102.0.0.0 Safari/537.36"
10.24.199.77 - - [12/Jun/2022:07:49:00 +0700] "POST /callout-cskh/api/get-user-menu-list HTTP/1.1" 200 2143 "http://10.16.150.69:9223/" "Mozilla/5.0 (Windows NT 6.1; Win64; x64) AppleWebKit/537.36 (KHTML, like Gecko) Chrome/102.0.0.0 Safari/537.36"
10.24.199.77 - - [12/Jun/2022:07:49:00 +0700] "POST /callout-cskh/api/get-department-list HTTP/1.1" 200 4035 "http://10.16.150.69:9223/" "Mozilla/5.0 (Windows NT 6.1; Win64; x64) AppleWebKit/537.36 (KHTML, like Gecko) Chrome/102.0.0.0 Safari/537.36"
10.24.199.77 - - [12/Jun/2022:07:49:00 +0700] "POST /callout-cskh/api/get-user-info HTTP/1.1" 200 29 "http://10.16.150.69:9223/" "Mozilla/5.0 (Windows NT 6.1; Win64; x64) AppleWebKit/537.36 (KHTML, like Gecko) Chrome/102.0.0.0 Safari/537.36"
10.24.199.77 - - [12/Jun/2022:07:49:03 +0700] "OPTIONS /callout-cskh/api/get-callout-program HTTP/1.1" 200 4 "http://10.16.150.69:9223/" "Mozilla/5.0 (Windows NT 6.1; Win64; x64) AppleWebKit/537.36 (KHTML, like Gecko) Chrome/102.0.0.0 Safari/537.36"
10.24.199.77 - - [12/Jun/2022:07:49:04 +0700] "POST /callout-cskh/api/get-callout-program HTTP/1.1" 200 2674 "http://10.16.150.69:9223/" "Mozilla/5.0 (Windows NT 6.1; Win64; x64) AppleWebKit/537.36 (KHTML, like Gecko) Chrome/102.0.0.0 Safari/537.36"
10.24.199.77 - - [12/Jun/2022:07:49:07 +0700] "OPTIONS /callout-cskh/api/get-callout-survey HTTP/1.1" 200 4 "http://10.16.150.69:9223/" "Mozilla/5.0 (Windows NT 6.1; Win64; x64) AppleWebKit/537.36 (KHTML, like Gecko) Chrome/102.0.0.0 Safari/537.36"
10.24.199.77 - - [12/Jun/2022:07:49:07 +0700] "POST /callout-cskh/api/get-callout-survey HTTP/1.1" 200 102738 "http://10.16.150.69:9223/" "Mozilla/5.0 (Windows NT 6.1; Win64; x64) AppleWebKit/537.36 (KHTML, like Gecko) Chrome/102.0.0.0 Safari/537.36"
10.24.205.23 - - [12/Jun/2022:07:49:11 +0700] "POST /dbl/chonsos/regis_isdn_grid?branch_id=3217&cXacnhan=1&isdn=934734159 HTTP/1.1" 200 417 "https://c3.mobifone.vn/dbl/" "Mozilla/5.0 (Windows NT 6.1; Win64; x64) AppleWebKit/537.36 (KHTML, like Gecko) Chrome/102.0.5005.115 Safari/537.36"
10.24.205.23 - - [12/Jun/2022:07:49:14 +0700] "GET /dbl/admin/checksession HTTP/1.1" 200 6 "https://c3.mobifone.vn/dbl/" "Mozilla/5.0 (Windows NT 6.1; Win64; x64) AppleWebKit/537.36 (KHTML, like Gecko) Chrome/102.0.5005.115 Safari/537.36"
10.24.205.23 - - [12/Jun/2022:07:49:22 +0700] "POST /dbl/chonsos/huy_dang_ky HTTP/1.1" 200 1 "https://c3.mobifone.vn/dbl/" "Mozilla/5.0 (Windows NT 6.1; Win64; x64) AppleWebKit/537.36 (KHTML, like Gecko) Chrome/102.0.5005.115 Safari/537.36"
10.24.205.23 - - [12/Jun/2022:07:49:22 +0700] "POST /dbl/chonsos/regis_isdn_grid?branch_id=3217&cXacnhan=1&isdn=934734159 HTTP/1.1" 200 11 "https://c3.mobifone.vn/dbl/" "Mozilla/5.0 (Windows NT 6.1; Win64; x64) AppleWebKit/537.36 (KHTML, like Gecko) Chrome/102.0.5005.115 Safari/537.36"
10.24.205.23 - - [12/Jun/2022:07:49:47 +0700] "POST /dbl/chonsos/regis_isdn_grid?branch_id=3217&cXacnhan=1&isdn=934814556 HTTP/1.1" 200 413 "https://c3.mobifone.vn/dbl/" "Mozilla/5.0 (Windows NT 6.1; Win64; x64) AppleWebKit/537.36 (KHTML, like Gecko) Chrome/102.0.5005.115 Safari/537.36"
10.24.205.23 - - [12/Jun/2022:07:49:50 +0700] "GET /dbl/admin/checksession HTTP/1.1" 200 6 "https://c3.mobifone.vn/dbl/" "Mozilla/5.0 (Windows NT 6.1; Win64; x64) AppleWebKit/537.36 (KHTML, like Gecko) Chrome/102.0.5005.115 Safari/537.36"
10.24.205.23 - - [12/Jun/2022:07:50:00 +0700] "POST /dbl/chonsos/huy_dang_ky HTTP/1.1" 200 1 "https://c3.mobifone.vn/dbl/" "Mozilla/5.0 (Windows NT 6.1; Win64; x64) AppleWebKit/537.36 (KHTML, like Gecko) Chrome/102.0.5005.115 Safari/537.36"
134.209.187.109 - - [12/Jun/2022:07:50:00 +0700] "POST /xmlrpc.php HTTP/1.1" 200 436 "-" "Mozilla/5.0 (X11; Ubuntu; Linux x86_64; rv:62.0) Gecko/20100101 Firefox/62.0"
10.24.205.23 - - [12/Jun/2022:07:50:01 +0700] "POST /dbl/chonsos/regis_isdn_grid?branch_id=3217&cXacnhan=1&isdn=934814556 HTTP/1.1" 200 11 "https://c3.mobifone.vn/dbl/" "Mozilla/5.0 (Windows NT 6.1; Win64; x64) AppleWebKit/537.36 (KHTML, like Gecko) Chrome/102.0.5005.115 Safari/537.36"
10.24.205.23 - - [12/Jun/2022:07:50:49 +0700] "POST /dbl/chonsos/regis_isdn_grid?branch_id=3217&cXacnhan=1&isdn=932592556 HTTP/1.1" 200 413 "https://c3.mobifone.vn/dbl/" "Mozilla/5.0 (Windows NT 6.1; Win64; x64) AppleWebKit/537.36 (KHTML, like Gecko) Chrome/102.0.5005.115 Safari/537.36"
10.24.205.23 - - [12/Jun/2022:07:50:51 +0700] "GET /dbl/admin/checksession HTTP/1.1" 200 6 "https://c3.mobifone.vn/dbl/" "Mozilla/5.0 (Windows NT 6.1; Win64; x64) AppleWebKit/537.36 (KHTML, like Gecko) Chrome/102.0.5005.115 Safari/537.36"
10.24.205.23 - - [12/Jun/2022:07:51:04 +0700] "POST /dbl/chonsos/huy_dang_ky HTTP/1.1" 200 1 "https://c3.mobifone.vn/dbl/" "Mozilla/5.0 (Windows NT 6.1; Win64; x64) AppleWebKit/537.36 (KHTML, like Gecko) Chrome/102.0.5005.115 Safari/537.36"
10.24.205.23 - - [12/Jun/2022:07:51:04 +0700] "POST /dbl/chonsos/regis_isdn_grid?branch_id=3217&cXacnhan=1&isdn=932592556 HTTP/1.1" 200 11 "https://c3.mobifone.vn/dbl/" "Mozilla/5.0 (Windows NT 6.1; Win64; x64) AppleWebKit/537.36 (KHTML, like Gecko) Chrome/102.0.5005.115 Safari/537.36"
5.182.210.6 - - [12/Jun/2022:07:52:36 +0700] "GET /wp-login.php HTTP/1.1" 200 2523 "-" "Mozilla/5.0 (X11; Ubuntu; Linux x86_64; rv:62.0) Gecko/20100101 Firefox/62.0"
5.182.210.6 - - [12/Jun/2022:07:52:37 +0700] "POST /wp-login.php HTTP/1.1" 200 2671 "-" "Mozilla/5.0 (X11; Ubuntu; Linux x86_64; rv:62.0) Gecko/20100101 Firefox/62.0"
5.182.210.6 - - [12/Jun/2022:07:52:39 +0700] "POST /xmlrpc.php HTTP/1.1" 200 436 "-" "Mozilla/5.0 (X11; Ubuntu; Linux x86_64; rv:62.0) Gecko/20100101 Firefox/62.0"
10.24.205.23 - - [12/Jun/2022:07:53:24 +0700] "POST /dbl/chonsos/regis_isdn_grid?branch_id=3217&cXacnhan=1&isdn=775552289 HTTP/1.1" 200 11 "https://c3.mobifone.vn/dbl/" "Mozilla/5.0 (Windows NT 6.1; Win64; x64) AppleWebKit/537.36 (KHTML, like Gecko) Chrome/102.0.5005.115 Safari/537.36"
10.24.205.23 - - [12/Jun/2022:07:53:25 +0700] "POST /dbl/chonsos/regis_isdn_grid?branch_id=3217&cXacnhan=1&isdn=775552289 HTTP/1.1" 200 11 "https://c3.mobifone.vn/dbl/" "Mozilla/5.0 (Windows NT 6.1; Win64; x64) AppleWebKit/537.36 (KHTML, like Gecko) Chrome/102.0.5005.115 Safari/537.36"
137.184.138.182 - - [12/Jun/2022:07:54:08 +0700] "GET /wp-login.php HTTP/1.1" 200 2523 "-" "Mozilla/5.0 (X11; Ubuntu; Linux x86_64; rv:62.0) Gecko/20100101 Firefox/62.0"
137.184.138.182 - - [12/Jun/2022:07:54:11 +0700] "POST /xmlrpc.php HTTP/1.1" 200 436 "-" "Mozilla/5.0 (X11; Ubuntu; Linux x86_64; rv:62.0) Gecko/20100101 Firefox/62.0"
10.24.199.76 - - [12/Jun/2022:07:55:51 +0700] "GET /cskh-program/app/request-form HTTP/1.1" 302 162 "-" "Mozilla/5.0 (Windows NT 6.1; Win64; x64) AppleWebKit/537.36 (KHTML, like Gecko) Chrome/102.0.0.0 Safari/537.36"
10.24.199.76 - - [12/Jun/2022:07:55:51 +0700] "GET /cskh-program/?redirect=%2Fcskh-program%2Fapp%2Frequest-form HTTP/1.1" 304 0 "-" "Mozilla/5.0 (Windows NT 6.1; Win64; x64) AppleWebKit/537.36 (KHTML, like Gecko) Chrome/102.0.0.0 Safari/537.36"
10.24.199.76 - - [12/Jun/2022:07:55:52 +0700] "GET /cskh-program/assets/js/2.crypto-js.js HTTP/1.1" 304 0 "https://c3.mobifone.vn/cskh-program/?redirect=%2Fcskh-program%2Fapp%2Frequest-form" "Mozilla/5.0 (Windows NT 6.1; Win64; x64) AppleWebKit/537.36 (KHTML, like Gecko) Chrome/102.0.0.0 Safari/537.36"
10.24.199.76 - - [12/Jun/2022:07:55:52 +0700] "GET /cskh-program/assets/js/1.jsencrypt.js HTTP/1.1" 304 0 "https://c3.mobifone.vn/cskh-program/?redirect=%2Fcskh-program%2Fapp%2Frequest-form" "Mozilla/5.0 (Windows NT 6.1; Win64; x64) AppleWebKit/537.36 (KHTML, like Gecko) Chrome/102.0.0.0 Safari/537.36"
10.24.199.76 - - [12/Jun/2022:07:55:52 +0700] "GET /cskh-program/assets/css/sb-admin-2.min.css HTTP/1.1" 304 0 "https://c3.mobifone.vn/cskh-program/?redirect=%2Fcskh-program%2Fapp%2Frequest-form" "Mozilla/5.0 (Windows NT 6.1; Win64; x64) AppleWebKit/537.36 (KHTML, like Gecko) Chrome/102.0.0.0 Safari/537.36"
